******************************************************************************
                  TI ARM Linker PC v16.9.0                     
******************************************************************************
>> Linked Thu Apr 28 23:45:52 2022

OUTPUT FILE NAME:   <DecodeRemote2.out>
ENTRY POINT SYMBOL: "_c_int00"  address: 20007181


MEMORY CONFIGURATION

         name            origin    length      used     unused   attr    fill
----------------------  --------  ---------  --------  --------  ----  --------
  SRAM_CODE             20004000   00019000  00003968  00015698  RW X
  SRAM_DATA             2001d000   00023000  000010c4  00021f3c  RW X


SEGMENT ALLOCATION MAP

run origin  load origin   length   init length attrs members
----------  ----------- ---------- ----------- ----- -------
20004000    20004000    00003968   00003968    r-x
  20004000    20004000    00000400   00000400    r-- .intvecs
  20004400    20004400    000031f4   000031f4    r-x .text
  200075f4    200075f4    0000032c   0000032c    r-- .const
  20007920    20007920    00000048   00000048    r-- .cinit
2001d000    2001d000    000008c4   00000000    rw-
  2001d000    2001d000    00000800   00000000    rw- .sysmem
  2001d800    2001d800    00000090   00000000    rw- .bss
  2001d890    2001d890    00000034   00000000    rw- .data
2003f800    2003f800    00000800   00000000    rw-
  2003f800    2003f800    00000800   00000000    rw- .stack


SECTION ALLOCATION MAP

 output                                  attributes/
section   page    origin      length       input sections
--------  ----  ----------  ----------   ----------------
.intvecs   0    20004000    00000400     
                  20004000    00000400     startup_ccs.obj (.intvecs)

.init_array 
*          0    20004000    00000000     UNINITIALIZED

.text      0    20004400    000031f4     
                  20004400    0000111e     rtsv7M4_T_le_eabi.lib : _printfi.obj (.text)
                  2000551e    00000002     driverlib.a : interrupt.obj (.text:IntDefaultHandler)
                  20005520    000003d0     rtsv7M4_T_le_eabi.lib : memory.obj (.text)
                  200058f0    000003b0     main.obj (.text)
                  20005ca0    00000280     uart_if.obj (.text)
                  20005f20    000001f4     rtsv7M4_T_le_eabi.lib : ull_div_t2.obj (.text)
                  20006114    000001b6                           : fd_add_t2.obj (.text)
                  200062ca    00000002                           : mpu_init.obj (.text)
                  200062cc    00000178     driverlib.a : prcm.obj (.text:PRCMCC3200MCUInit)
                  20006444    00000136     rtsv7M4_T_le_eabi.lib : fd_div_t2.obj (.text)
                  2000657a    00000002                           : startup.obj (.text)
                  2000657c    00000130     pin_mux_config.obj (.text)
                  200066ac    000000fc     rtsv7M4_T_le_eabi.lib : fd_mul_t2.obj (.text)
                  200067a8    000000d0                           : s_scalbn.obj (.text)
                  20006878    000000a8     driverlib.a : interrupt.obj (.text:IntEnable)
                  20006920    0000009c     rtsv7M4_T_le_eabi.lib : memcpy_t2.obj (.text)
                  200069bc    00000094     driverlib.a : prcm.obj (.text:PRCMPeripheralClockGet)
                  20006a50    00000088                 : pin.obj (.text:PinConfigSet)
                  20006ad8    00000088     rtsv7M4_T_le_eabi.lib : vsnprintf.obj (.text)
                  20006b60    00000086                           : fd_cmp_t2.obj (.text:__aeabi_cdcmple)
                  20006be6    00000086                           : fd_cmp_t2.obj (.text:__aeabi_cdrcmple)
                  20006c6c    00000082     driverlib.a : gpio.obj (.text:GPIOIntTypeSet)
                  20006cee    0000007a     rtsv7M4_T_le_eabi.lib : memset_t2.obj (.text)
                  20006d68    00000076     driverlib.a : uart.obj (.text:UARTConfigSetExpClk)
                  20006dde    00000002     --HOLE-- [fill = 0]
                  20006de0    00000070     rtsv7M4_T_le_eabi.lib : autoinit.obj (.text)
                  20006e50    00000068                           : copy_decompress_lzss.obj (.text:decompress:lzss)
                  20006eb8    0000005c                           : s_frexp.obj (.text)
                  20006f14    00000058     driverlib.a : prcm.obj (.text:PRCMPeripheralReset)
                  20006f6c    00000056     rtsv7M4_T_le_eabi.lib : ltoa.obj (.text)
                  20006fc2    00000002     --HOLE-- [fill = 0]
                  20006fc4    00000054                           : exit.obj (.text)
                  20007018    0000004c                           : atoi.obj (.text)
                  20007064    0000004c                           : cpy_tbl.obj (.text)
                  200070b0    00000048     driverlib.a : gpio.obj (.text:GPIOGetIntNumber)
                  200070f8    00000048     rtsv7M4_T_le_eabi.lib : fd_toi_t2.obj (.text)
                  20007140    00000040     driverlib.a : pin.obj (.text:PinModeSet)
                  20007180    00000040     rtsv7M4_T_le_eabi.lib : boot.obj (.text)
                  200071c0    0000003c     driverlib.a : prcm.obj (.text:PRCMPeripheralClkEnable)
                  200071fc    00000036                 : gpio.obj (.text:GPIODirModeSet)
                  20007232    00000030                 : pin.obj (.text:PinTypeGPIO)
                  20007262    00000002     --HOLE-- [fill = 0]
                  20007264    00000030                 : uart.obj (.text:UARTDisable)
                  20007294    0000002e     rtsv7M4_T_le_eabi.lib : i_tofd_t2.obj (.text)
                  200072c2    00000002     --HOLE-- [fill = 0]
                  200072c4    0000002c     driverlib.a : prcm.obj (.text:PRCMSysResetCauseGet)
                  200072f0    00000028                 : prcm.obj (.text:PRCMPeripheralClkDisable)
                  20007318    00000024                 : interrupt.obj (.text:IntUnregister)
                  2000733c    00000024                 : uart.obj (.text:UARTEnable)
                  20007360    00000024     rtsv7M4_T_le_eabi.lib : memmov.obj (.text)
                  20007384    00000022     driverlib.a : gpio.obj (.text:GPIOIntStatus)
                  200073a6    00000002     --HOLE-- [fill = 0]
                  200073a8    00000020                 : interrupt.obj (.text:IntRegister)
                  200073c8    0000001e                 : gpio.obj (.text:GPIOIntRegister)
                  200073e6    0000001e                 : uart.obj (.text:UARTCharPut)
                  20007404    0000001c                 : uart.obj (.text:UARTCharGetNonBlocking)
                  20007420    0000001c     rtsv7M4_T_le_eabi.lib : memccpy.obj (.text)
                  2000743c    0000001a     driverlib.a : gpio.obj (.text:GPIOIntEnable)
                  20007456    0000001a                 : pin.obj (.text:PinTypeSPI)
                  20007470    0000001a                 : pin.obj (.text:PinTypeUART)
                  2000748a    00000002     --HOLE-- [fill = 0]
                  2000748c    00000018                 : systick.obj (.text:SysTickIntUnregister)
                  200074a4    00000018                 : systick.obj (.text:SysTickPeriodSet)
                  200074bc    00000018                 : uart.obj (.text:UARTCharsAvail)
                  200074d4    00000018     rtsv7M4_T_le_eabi.lib : args_main.obj (.text)
                  200074ec    00000016     driverlib.a : prcm.obj (.text:PRCMHIBRegRead)
                  20007502    00000016                 : prcm.obj (.text:PRCMHIBRegWrite)
                  20007518    00000016     rtsv7M4_T_le_eabi.lib : strchr.obj (.text)
                  2000752e    00000014     driverlib.a : cpu.obj (.text:CPUcpsie)
                  20007542    00000014                 : gpio.obj (.text:GPIOIntClear)
                  20007556    00000002     --HOLE-- [fill = 0]
                  20007558    00000014                 : interrupt.obj (.text:IntVTableBaseSet)
                  2000756c    00000014     rtsv7M4_T_le_eabi.lib : _lock.obj (.text)
                  20007580    00000014                           : strlen.obj (.text)
                  20007594    00000010     driverlib.a : systick.obj (.text:SysTickEnable)
                  200075a4    0000000e     rtsv7M4_T_le_eabi.lib : copy_decompress_none.obj (.text:decompress:none)
                  200075b2    0000000e     startup_ccs.obj (.text)
                  200075c0    0000000c     driverlib.a : systick.obj (.text:SysTickValueGet)
                  200075cc    0000000c     rtsv7M4_T_le_eabi.lib : copy_zero_init.obj (.text:decompress:ZI)
                  200075d8    0000000a     driverlib.a : interrupt.obj (.text:IntMasterEnable)
                  200075e2    00000008     rtsv7M4_T_le_eabi.lib : s_copysign.obj (.text)
                  200075ea    00000006     driverlib.a : utils.obj (.text:UtilsDelay)
                  200075f0    00000004     rtsv7M4_T_le_eabi.lib : pre_init.obj (.text)

.const     0    200075f4    0000032c     
                  200075f4    00000101     rtsv7M4_T_le_eabi.lib : ctype.obj (.const:.string:_ctypes_)
                  200076f5    00000003     --HOLE-- [fill = 0]
                  200076f8    00000100     driverlib.a : pin.obj (.const:g_ulPinToPadMap)
                  200077f8    000000a8                 : prcm.obj (.const:PRCM_PeriphRegsList)
                  200078a0    00000080                 : interrupt.obj (.const)

.cinit     0    20007920    00000048     
                  20007920    00000022     (.cinit..data.load) [load image, compression = lzss]
                  20007942    00000002     --HOLE-- [fill = 0]
                  20007944    0000000c     (__TI_handler_table)
                  20007950    00000008     (.cinit..bss.load) [load image, compression = zero_init]
                  20007958    00000010     (__TI_cinit_table)

.sysmem    0    2001d000    00000800     UNINITIALIZED
                  2001d000    00000008     rtsv7M4_T_le_eabi.lib : memory.obj (.sysmem)
                  2001d008    000007f8     --HOLE--

.bss       0    2001d800    00000090     UNINITIALIZED
                  2001d800    0000008c     (.common:times)
                  2001d88c    00000004     uart_if.obj (.bss)

.data      0    2001d890    00000034     UNINITIALIZED
                  2001d890    0000000c     rtsv7M4_T_le_eabi.lib : exit.obj (.data:$O1$$)
                  2001d89c    0000000c                           : memory.obj (.data:$O1$$)
                  2001d8a8    00000008                           : _lock.obj (.data:$O1$$)
                  2001d8b0    00000008     main.obj (.data:switch2)
                  2001d8b8    00000004     main.obj (.data)
                  2001d8bc    00000004     rtsv7M4_T_le_eabi.lib : errno.obj (.data)
                  2001d8c0    00000004                           : stkdepth_vars.obj (.data)

.stack     0    2003f800    00000800     UNINITIALIZED
                  2003f800    00000800     --HOLE--

MODULE SUMMARY

       Module                     code    ro data   rw data
       ------                     ----    -------   -------
    .\
       main.obj                   944     0         152    
       startup_ccs.obj            14      1024      0      
       uart_if.obj                640     0         4      
       pin_mux_config.obj         304     0         0      
    +--+--------------------------+-------+---------+---------+
       Total:                     1902    1024      156    
                                                           
    C:/ti/CC3200SDK_1.3.0/cc3200-sdk/driverlib/ccs/Release/driverlib.a
       prcm.obj                   800     168       0      
       pin.obj                    300     256       0      
       interrupt.obj              268     128       0      
       gpio.obj                   366     0         0      
       uart.obj                   284     0         0      
       systick.obj                76      0         0      
       cpu.obj                    20      0         0      
       utils.obj                  6       0         0      
    +--+--------------------------+-------+---------+---------+
       Total:                     2120    552       0      
                                                           
    C:\ti\ccsv7\tools\compiler\ti-cgt-arm_16.9.0.LTS\lib\rtsv7M4_T_le_eabi.lib
       _printfi.obj               4382    0         0      
       memory.obj                 976     0         12     
       ull_div_t2.obj             500     0         0      
       fd_add_t2.obj              438     0         0      
       fd_div_t2.obj              310     0         0      
       fd_cmp_t2.obj              268     0         0      
       ctype.obj                  0       257       0      
       fd_mul_t2.obj              252     0         0      
       s_scalbn.obj               208     0         0      
       memcpy_t2.obj              156     0         0      
       vsnprintf.obj              136     0         0      
       memset_t2.obj              122     0         0      
       autoinit.obj               112     0         0      
       copy_decompress_lzss.obj   104     0         0      
       exit.obj                   84      0         12     
       s_frexp.obj                92      0         0      
       ltoa.obj                   86      0         0      
       atoi.obj                   76      0         0      
       cpy_tbl.obj                76      0         0      
       fd_toi_t2.obj              72      0         0      
       boot.obj                   64      0         0      
       i_tofd_t2.obj              46      0         0      
       memmov.obj                 36      0         0      
       _lock.obj                  20      0         8      
       memccpy.obj                28      0         0      
       args_main.obj              24      0         0      
       strchr.obj                 22      0         0      
       strlen.obj                 20      0         0      
       copy_decompress_none.obj   14      0         0      
       copy_zero_init.obj         12      0         0      
       s_copysign.obj             8       0         0      
       errno.obj                  0       0         4      
       pre_init.obj               4       0         0      
       stkdepth_vars.obj          0       0         4      
       mpu_init.obj               2       0         0      
       startup.obj                2       0         0      
    +--+--------------------------+-------+---------+---------+
       Total:                     8752    257       40     
                                                           
       Heap:                      0       0         2048   
       Stack:                     0       0         2048   
       Linker Generated:          0       70        0      
    +--+--------------------------+-------+---------+---------+
       Grand Total:               12774   1903      4292   


LINKER GENERATED COPY TABLES

__TI_cinit_table @ 20007958 records: 2, size/record: 8, table size: 16
	.data: load addr=20007920, load size=00000022 bytes, run addr=2001d890, run size=00000034 bytes, compression=lzss
	.bss: load addr=20007950, load size=00000008 bytes, run addr=2001d800, run size=00000090 bytes, compression=zero_init


LINKER GENERATED HANDLER TABLE

__TI_handler_table @ 20007944 records: 3, size/record: 4, table size: 12
	index: 0, handler: __TI_decompress_lzss
	index: 1, handler: __TI_decompress_none
	index: 2, handler: __TI_zero_init


GLOBAL SYMBOLS: SORTED ALPHABETICALLY BY Name 

address   name                           
-------   ----                           
20006fc5  C$$EXIT                        
2000752f  CPUcpsie                       
20005ce1  ClearTerm                      
20005ceb  Error                          
200071fd  GPIODirModeSet                 
20007543  GPIOIntClear                   
2000743d  GPIOIntEnable                  
200073c9  GPIOIntRegister                
20007385  GPIOIntStatus                  
20006c6d  GPIOIntTypeSet                 
20005d23  GetCmd                         
20005ca1  InitTerm                       
20006879  IntEnable                      
200075d9  IntMasterEnable                
200073a9  IntRegister                    
20007319  IntUnregister                  
20007559  IntVTableBaseSet               
20005cbf  Message                        
200062cd  PRCMCC3200MCUInit              
200074ed  PRCMHIBRegRead                 
20007503  PRCMHIBRegWrite                
200072f1  PRCMPeripheralClkDisable       
200071c1  PRCMPeripheralClkEnable        
200069bd  PRCMPeripheralClockGet         
20006f15  PRCMPeripheralReset            
200072c5  PRCMSysResetCauseGet           
20006a51  PinConfigSet                   
20007141  PinModeSet                     
2000657d  PinMuxConfig                   
20007233  PinTypeGPIO                    
20007457  PinTypeSPI                     
20007471  PinTypeUART                    
20005e61  Report                         
200075b3  ResetISR                       
UNDEFED   SHT$$INIT_ARRAY$$Base          
UNDEFED   SHT$$INIT_ARRAY$$Limit         
20007595  SysTickEnable                  
2000748d  SysTickIntUnregister           
200074a5  SysTickPeriodSet               
200075c1  SysTickValueGet                
20005dc9  TrimSpace                      
20007405  UARTCharGetNonBlocking         
200073e7  UARTCharPut                    
200074bd  UARTCharsAvail                 
20006d69  UARTConfigSetExpClk            
20007265  UARTDisable                    
2000733d  UARTEnable                     
200075eb  UtilsDelay                     
20040000  __STACK_END                    
00000800  __STACK_SIZE                   
00000800  __SYSMEM_SIZE                  
20007958  __TI_CINIT_Base                
20007968  __TI_CINIT_Limit               
20007944  __TI_Handler_Table_Base        
20007950  __TI_Handler_Table_Limit       
20006de1  __TI_auto_init                 
2001d890  __TI_cleanup_ptr               
20006e51  __TI_decompress_lzss           
200075a5  __TI_decompress_none           
2001d894  __TI_dtors_ptr                 
2001d898  __TI_enable_exit_profile_output
ffffffff  __TI_pprof_out_hndl            
20004c35  __TI_printfi                   
ffffffff  __TI_prof_data_size            
ffffffff  __TI_prof_data_start           
20007920  __TI_static_base__             
200075cd  __TI_zero_init                 
20006b61  __aeabi_cdcmpeq                
20006b61  __aeabi_cdcmple                
20006be7  __aeabi_cdrcmple               
200070f9  __aeabi_d2iz                   
2000611f  __aeabi_dadd                   
20006445  __aeabi_ddiv                   
200066ad  __aeabi_dmul                   
20006115  __aeabi_dsub                   
20007295  __aeabi_i2d                    
20006cef  __aeabi_memclr                 
20006cef  __aeabi_memclr4                
20006cef  __aeabi_memclr8                
20006921  __aeabi_memcpy                 
20006921  __aeabi_memcpy4                
20006921  __aeabi_memcpy8                
20006cf1  __aeabi_memset                 
20006cf1  __aeabi_memset4                
20006cf1  __aeabi_memset8                
20005f21  __aeabi_uldivmod               
ffffffff  __binit__                      
ffffffff  __c_args__                     
200062cb  __mpu_init                     
2003f800  __stack                        
200074d5  _args_main                     
20007181  _c_int00                       
200075f4  _ctypes_                       
2001d8a8  _lock                          
2000757b  _nop                           
20007573  _register_lock                 
2000756d  _register_unlock               
2001d000  _sys_memory                    
2000657b  _system_post_cinit             
200075f1  _system_pre_init               
2001d8ac  _unlock                        
20006fc9  abort                          
20007019  atoi                           
ffffffff  binit                          
200058c1  calloc                         
20007065  copy_in                        
200075e3  copysign                       
200075e3  copysignl                      
2001d8bc  errno                          
20006fd1  exit                           
2000560b  free                           
20006eb9  frexp                          
20006eb9  frexpl                         
20004000  g_pfnVectors                   
200067a9  ldexp                          
200067a9  ldexpl                         
20006f6d  ltoa                           
200059f9  main                           
2001d8c0  main_func_sp                   
200055a1  malloc                         
200057d5  memalign                       
20007421  memccpy                        
20006921  memcpy                         
20007361  memmove                        
20006cf7  memset                         
20005521  minit                          
200056cd  realloc                        
200067a9  scalbn                         
200067a9  scalbnl                        
20007519  strchr                         
20007581  strlen                         
2001d800  times                          
2001d8b8  times_index                    
20006ad9  vsnprintf                      


GLOBAL SYMBOLS: SORTED BY Symbol Address 

address   name                           
-------   ----                           
00000800  __STACK_SIZE                   
00000800  __SYSMEM_SIZE                  
20004000  g_pfnVectors                   
20004c35  __TI_printfi                   
20005521  minit                          
200055a1  malloc                         
2000560b  free                           
200056cd  realloc                        
200057d5  memalign                       
200058c1  calloc                         
200059f9  main                           
20005ca1  InitTerm                       
20005cbf  Message                        
20005ce1  ClearTerm                      
20005ceb  Error                          
20005d23  GetCmd                         
20005dc9  TrimSpace                      
20005e61  Report                         
20005f21  __aeabi_uldivmod               
20006115  __aeabi_dsub                   
2000611f  __aeabi_dadd                   
200062cb  __mpu_init                     
200062cd  PRCMCC3200MCUInit              
20006445  __aeabi_ddiv                   
2000657b  _system_post_cinit             
2000657d  PinMuxConfig                   
200066ad  __aeabi_dmul                   
200067a9  ldexp                          
200067a9  ldexpl                         
200067a9  scalbn                         
200067a9  scalbnl                        
20006879  IntEnable                      
20006921  __aeabi_memcpy                 
20006921  __aeabi_memcpy4                
20006921  __aeabi_memcpy8                
20006921  memcpy                         
200069bd  PRCMPeripheralClockGet         
20006a51  PinConfigSet                   
20006ad9  vsnprintf                      
20006b61  __aeabi_cdcmpeq                
20006b61  __aeabi_cdcmple                
20006be7  __aeabi_cdrcmple               
20006c6d  GPIOIntTypeSet                 
20006cef  __aeabi_memclr                 
20006cef  __aeabi_memclr4                
20006cef  __aeabi_memclr8                
20006cf1  __aeabi_memset                 
20006cf1  __aeabi_memset4                
20006cf1  __aeabi_memset8                
20006cf7  memset                         
20006d69  UARTConfigSetExpClk            
20006de1  __TI_auto_init                 
20006e51  __TI_decompress_lzss           
20006eb9  frexp                          
20006eb9  frexpl                         
20006f15  PRCMPeripheralReset            
20006f6d  ltoa                           
20006fc5  C$$EXIT                        
20006fc9  abort                          
20006fd1  exit                           
20007019  atoi                           
20007065  copy_in                        
200070f9  __aeabi_d2iz                   
20007141  PinModeSet                     
20007181  _c_int00                       
200071c1  PRCMPeripheralClkEnable        
200071fd  GPIODirModeSet                 
20007233  PinTypeGPIO                    
20007265  UARTDisable                    
20007295  __aeabi_i2d                    
200072c5  PRCMSysResetCauseGet           
200072f1  PRCMPeripheralClkDisable       
20007319  IntUnregister                  
2000733d  UARTEnable                     
20007361  memmove                        
20007385  GPIOIntStatus                  
200073a9  IntRegister                    
200073c9  GPIOIntRegister                
200073e7  UARTCharPut                    
20007405  UARTCharGetNonBlocking         
20007421  memccpy                        
2000743d  GPIOIntEnable                  
20007457  PinTypeSPI                     
20007471  PinTypeUART                    
2000748d  SysTickIntUnregister           
200074a5  SysTickPeriodSet               
200074bd  UARTCharsAvail                 
200074d5  _args_main                     
200074ed  PRCMHIBRegRead                 
20007503  PRCMHIBRegWrite                
20007519  strchr                         
2000752f  CPUcpsie                       
20007543  GPIOIntClear                   
20007559  IntVTableBaseSet               
2000756d  _register_unlock               
20007573  _register_lock                 
2000757b  _nop                           
20007581  strlen                         
20007595  SysTickEnable                  
200075a5  __TI_decompress_none           
200075b3  ResetISR                       
200075c1  SysTickValueGet                
200075cd  __TI_zero_init                 
200075d9  IntMasterEnable                
200075e3  copysign                       
200075e3  copysignl                      
200075eb  UtilsDelay                     
200075f1  _system_pre_init               
200075f4  _ctypes_                       
20007920  __TI_static_base__             
20007944  __TI_Handler_Table_Base        
20007950  __TI_Handler_Table_Limit       
20007958  __TI_CINIT_Base                
20007968  __TI_CINIT_Limit               
2001d000  _sys_memory                    
2001d800  times                          
2001d890  __TI_cleanup_ptr               
2001d894  __TI_dtors_ptr                 
2001d898  __TI_enable_exit_profile_output
2001d8a8  _lock                          
2001d8ac  _unlock                        
2001d8b8  times_index                    
2001d8bc  errno                          
2001d8c0  main_func_sp                   
2003f800  __stack                        
20040000  __STACK_END                    
ffffffff  __TI_pprof_out_hndl            
ffffffff  __TI_prof_data_size            
ffffffff  __TI_prof_data_start           
ffffffff  __binit__                      
ffffffff  __c_args__                     
ffffffff  binit                          
UNDEFED   SHT$$INIT_ARRAY$$Base          
UNDEFED   SHT$$INIT_ARRAY$$Limit         

[134 symbols]
