<?xml version="1.0"?>
<link_info>
   <banner>TI ARM Linker PC v16.9.0.LTS</banner>
   <copyright>Copyright (c) 1996-2015 Texas Instruments Incorporated</copyright>
   <link_time>0x626b5557</link_time>
   <link_errors>0x0</link_errors>
   <output_file>spi_demo.out</output_file>
   <entry_point>
      <name>_c_int00</name>
      <address>0x20007181</address>
   </entry_point>
   <input_file_list>
      <input_file id="fl-2">
         <path>.\</path>
         <kind>object</kind>
         <file>main.obj</file>
         <name>main.obj</name>
      </input_file>
      <input_file id="fl-3">
         <path>.\</path>
         <kind>object</kind>
         <file>pin_mux_config.obj</file>
         <name>pin_mux_config.obj</name>
      </input_file>
      <input_file id="fl-4">
         <path>.\</path>
         <kind>object</kind>
         <file>startup_ccs.obj</file>
         <name>startup_ccs.obj</name>
      </input_file>
      <input_file id="fl-5">
         <path>.\</path>
         <kind>object</kind>
         <file>timer_if.obj</file>
         <name>timer_if.obj</name>
      </input_file>
      <input_file id="fl-6">
         <path>.\</path>
         <kind>object</kind>
         <file>uart_if.obj</file>
         <name>uart_if.obj</name>
      </input_file>
      <input_file id="fl-c1">
         <path>C:\ti\ccsv7\tools\compiler\ti-cgt-arm_16.9.0.LTS\lib\</path>
         <kind>archive</kind>
         <file>rtsv7M4_T_le_eabi.lib</file>
         <name>boot.obj</name>
      </input_file>
      <input_file id="fl-c2">
         <path>C:\ti\ccsv7\tools\compiler\ti-cgt-arm_16.9.0.LTS\lib\</path>
         <kind>archive</kind>
         <file>rtsv7M4_T_le_eabi.lib</file>
         <name>copy_decompress_lzss.obj</name>
      </input_file>
      <input_file id="fl-c3">
         <path>C:\ti\ccsv7\tools\compiler\ti-cgt-arm_16.9.0.LTS\lib\</path>
         <kind>archive</kind>
         <file>rtsv7M4_T_le_eabi.lib</file>
         <name>copy_decompress_none.obj</name>
      </input_file>
      <input_file id="fl-c4">
         <path>C:\ti\ccsv7\tools\compiler\ti-cgt-arm_16.9.0.LTS\lib\</path>
         <kind>archive</kind>
         <file>rtsv7M4_T_le_eabi.lib</file>
         <name>copy_zero_init.obj</name>
      </input_file>
      <input_file id="fl-c5">
         <path>C:\ti\ccsv7\tools\compiler\ti-cgt-arm_16.9.0.LTS\lib\</path>
         <kind>archive</kind>
         <file>rtsv7M4_T_le_eabi.lib</file>
         <name>exit.obj</name>
      </input_file>
      <input_file id="fl-c6">
         <path>C:\ti\ccsv7\tools\compiler\ti-cgt-arm_16.9.0.LTS\lib\</path>
         <kind>archive</kind>
         <file>rtsv7M4_T_le_eabi.lib</file>
         <name>memcpy_t2.obj</name>
      </input_file>
      <input_file id="fl-c7">
         <path>C:\ti\ccsv7\tools\compiler\ti-cgt-arm_16.9.0.LTS\lib\</path>
         <kind>archive</kind>
         <file>rtsv7M4_T_le_eabi.lib</file>
         <name>memmov.obj</name>
      </input_file>
      <input_file id="fl-c8">
         <path>C:\ti\ccsv7\tools\compiler\ti-cgt-arm_16.9.0.LTS\lib\</path>
         <kind>archive</kind>
         <file>rtsv7M4_T_le_eabi.lib</file>
         <name>memory.obj</name>
      </input_file>
      <input_file id="fl-c9">
         <path>C:\ti\ccsv7\tools\compiler\ti-cgt-arm_16.9.0.LTS\lib\</path>
         <kind>archive</kind>
         <file>rtsv7M4_T_le_eabi.lib</file>
         <name>memset_t2.obj</name>
      </input_file>
      <input_file id="fl-ca">
         <path>C:\ti\ccsv7\tools\compiler\ti-cgt-arm_16.9.0.LTS\lib\</path>
         <kind>archive</kind>
         <file>rtsv7M4_T_le_eabi.lib</file>
         <name>mpu_init.obj</name>
      </input_file>
      <input_file id="fl-cb">
         <path>C:\ti\ccsv7\tools\compiler\ti-cgt-arm_16.9.0.LTS\lib\</path>
         <kind>archive</kind>
         <file>rtsv7M4_T_le_eabi.lib</file>
         <name>pre_init.obj</name>
      </input_file>
      <input_file id="fl-cc">
         <path>C:\ti\ccsv7\tools\compiler\ti-cgt-arm_16.9.0.LTS\lib\</path>
         <kind>archive</kind>
         <file>rtsv7M4_T_le_eabi.lib</file>
         <name>stkdepth_vars.obj</name>
      </input_file>
      <input_file id="fl-cd">
         <path>C:\ti\ccsv7\tools\compiler\ti-cgt-arm_16.9.0.LTS\lib\</path>
         <kind>archive</kind>
         <file>rtsv7M4_T_le_eabi.lib</file>
         <name>strlen.obj</name>
      </input_file>
      <input_file id="fl-ce">
         <path>C:\ti\ccsv7\tools\compiler\ti-cgt-arm_16.9.0.LTS\lib\</path>
         <kind>archive</kind>
         <file>rtsv7M4_T_le_eabi.lib</file>
         <name>vsnprintf.obj</name>
      </input_file>
      <input_file id="fl-cf">
         <path>C:\ti\ccsv7\tools\compiler\ti-cgt-arm_16.9.0.LTS\lib\</path>
         <kind>archive</kind>
         <file>rtsv7M4_T_le_eabi.lib</file>
         <name>_lock.obj</name>
      </input_file>
      <input_file id="fl-d0">
         <path>C:\ti\ccsv7\tools\compiler\ti-cgt-arm_16.9.0.LTS\lib\</path>
         <kind>archive</kind>
         <file>rtsv7M4_T_le_eabi.lib</file>
         <name>_printfi.obj</name>
      </input_file>
      <input_file id="fl-d1">
         <path>C:\ti\ccsv7\tools\compiler\ti-cgt-arm_16.9.0.LTS\lib\</path>
         <kind>archive</kind>
         <file>rtsv7M4_T_le_eabi.lib</file>
         <name>args_main.obj</name>
      </input_file>
      <input_file id="fl-d2">
         <path>C:\ti\ccsv7\tools\compiler\ti-cgt-arm_16.9.0.LTS\lib\</path>
         <kind>archive</kind>
         <file>rtsv7M4_T_le_eabi.lib</file>
         <name>atoi.obj</name>
      </input_file>
      <input_file id="fl-d3">
         <path>C:\ti\ccsv7\tools\compiler\ti-cgt-arm_16.9.0.LTS\lib\</path>
         <kind>archive</kind>
         <file>rtsv7M4_T_le_eabi.lib</file>
         <name>autoinit.obj</name>
      </input_file>
      <input_file id="fl-d4">
         <path>C:\ti\ccsv7\tools\compiler\ti-cgt-arm_16.9.0.LTS\lib\</path>
         <kind>archive</kind>
         <file>rtsv7M4_T_le_eabi.lib</file>
         <name>cpy_tbl.obj</name>
      </input_file>
      <input_file id="fl-d5">
         <path>C:\ti\ccsv7\tools\compiler\ti-cgt-arm_16.9.0.LTS\lib\</path>
         <kind>archive</kind>
         <file>rtsv7M4_T_le_eabi.lib</file>
         <name>ctype.obj</name>
      </input_file>
      <input_file id="fl-d6">
         <path>C:\ti\ccsv7\tools\compiler\ti-cgt-arm_16.9.0.LTS\lib\</path>
         <kind>archive</kind>
         <file>rtsv7M4_T_le_eabi.lib</file>
         <name>fd_add_t2.obj</name>
      </input_file>
      <input_file id="fl-d7">
         <path>C:\ti\ccsv7\tools\compiler\ti-cgt-arm_16.9.0.LTS\lib\</path>
         <kind>archive</kind>
         <file>rtsv7M4_T_le_eabi.lib</file>
         <name>fd_cmp_t2.obj</name>
      </input_file>
      <input_file id="fl-d8">
         <path>C:\ti\ccsv7\tools\compiler\ti-cgt-arm_16.9.0.LTS\lib\</path>
         <kind>archive</kind>
         <file>rtsv7M4_T_le_eabi.lib</file>
         <name>fd_div_t2.obj</name>
      </input_file>
      <input_file id="fl-d9">
         <path>C:\ti\ccsv7\tools\compiler\ti-cgt-arm_16.9.0.LTS\lib\</path>
         <kind>archive</kind>
         <file>rtsv7M4_T_le_eabi.lib</file>
         <name>fd_mul_t2.obj</name>
      </input_file>
      <input_file id="fl-da">
         <path>C:\ti\ccsv7\tools\compiler\ti-cgt-arm_16.9.0.LTS\lib\</path>
         <kind>archive</kind>
         <file>rtsv7M4_T_le_eabi.lib</file>
         <name>fd_toi_t2.obj</name>
      </input_file>
      <input_file id="fl-db">
         <path>C:\ti\ccsv7\tools\compiler\ti-cgt-arm_16.9.0.LTS\lib\</path>
         <kind>archive</kind>
         <file>rtsv7M4_T_le_eabi.lib</file>
         <name>i_tofd_t2.obj</name>
      </input_file>
      <input_file id="fl-dc">
         <path>C:\ti\ccsv7\tools\compiler\ti-cgt-arm_16.9.0.LTS\lib\</path>
         <kind>archive</kind>
         <file>rtsv7M4_T_le_eabi.lib</file>
         <name>ltoa.obj</name>
      </input_file>
      <input_file id="fl-dd">
         <path>C:\ti\ccsv7\tools\compiler\ti-cgt-arm_16.9.0.LTS\lib\</path>
         <kind>archive</kind>
         <file>rtsv7M4_T_le_eabi.lib</file>
         <name>memccpy.obj</name>
      </input_file>
      <input_file id="fl-de">
         <path>C:\ti\ccsv7\tools\compiler\ti-cgt-arm_16.9.0.LTS\lib\</path>
         <kind>archive</kind>
         <file>rtsv7M4_T_le_eabi.lib</file>
         <name>s_frexp.obj</name>
      </input_file>
      <input_file id="fl-df">
         <path>C:\ti\ccsv7\tools\compiler\ti-cgt-arm_16.9.0.LTS\lib\</path>
         <kind>archive</kind>
         <file>rtsv7M4_T_le_eabi.lib</file>
         <name>s_scalbn.obj</name>
      </input_file>
      <input_file id="fl-e0">
         <path>C:\ti\ccsv7\tools\compiler\ti-cgt-arm_16.9.0.LTS\lib\</path>
         <kind>archive</kind>
         <file>rtsv7M4_T_le_eabi.lib</file>
         <name>startup.obj</name>
      </input_file>
      <input_file id="fl-e1">
         <path>C:\ti\ccsv7\tools\compiler\ti-cgt-arm_16.9.0.LTS\lib\</path>
         <kind>archive</kind>
         <file>rtsv7M4_T_le_eabi.lib</file>
         <name>strchr.obj</name>
      </input_file>
      <input_file id="fl-e2">
         <path>C:\ti\ccsv7\tools\compiler\ti-cgt-arm_16.9.0.LTS\lib\</path>
         <kind>archive</kind>
         <file>rtsv7M4_T_le_eabi.lib</file>
         <name>ull_div_t2.obj</name>
      </input_file>
      <input_file id="fl-e3">
         <path>C:\ti\ccsv7\tools\compiler\ti-cgt-arm_16.9.0.LTS\lib\</path>
         <kind>archive</kind>
         <file>rtsv7M4_T_le_eabi.lib</file>
         <name>errno.obj</name>
      </input_file>
      <input_file id="fl-e4">
         <path>C:\ti\ccsv7\tools\compiler\ti-cgt-arm_16.9.0.LTS\lib\</path>
         <kind>archive</kind>
         <file>rtsv7M4_T_le_eabi.lib</file>
         <name>s_copysign.obj</name>
      </input_file>
      <input_file id="fl-e5">
         <path>C:\ti\CC3200SDK_1.3.0\cc3200-sdk\driverlib\ccs\Release\</path>
         <kind>archive</kind>
         <file>driverlib.a</file>
         <name>gpio.obj</name>
      </input_file>
      <input_file id="fl-e6">
         <path>C:\ti\CC3200SDK_1.3.0\cc3200-sdk\driverlib\ccs\Release\</path>
         <kind>archive</kind>
         <file>driverlib.a</file>
         <name>interrupt.obj</name>
      </input_file>
      <input_file id="fl-e7">
         <path>C:\ti\CC3200SDK_1.3.0\cc3200-sdk\driverlib\ccs\Release\</path>
         <kind>archive</kind>
         <file>driverlib.a</file>
         <name>pin.obj</name>
      </input_file>
      <input_file id="fl-e8">
         <path>C:\ti\CC3200SDK_1.3.0\cc3200-sdk\driverlib\ccs\Release\</path>
         <kind>archive</kind>
         <file>driverlib.a</file>
         <name>prcm.obj</name>
      </input_file>
      <input_file id="fl-e9">
         <path>C:\ti\CC3200SDK_1.3.0\cc3200-sdk\driverlib\ccs\Release\</path>
         <kind>archive</kind>
         <file>driverlib.a</file>
         <name>systick.obj</name>
      </input_file>
      <input_file id="fl-ea">
         <path>C:\ti\CC3200SDK_1.3.0\cc3200-sdk\driverlib\ccs\Release\</path>
         <kind>archive</kind>
         <file>driverlib.a</file>
         <name>timer.obj</name>
      </input_file>
      <input_file id="fl-eb">
         <path>C:\ti\CC3200SDK_1.3.0\cc3200-sdk\driverlib\ccs\Release\</path>
         <kind>archive</kind>
         <file>driverlib.a</file>
         <name>uart.obj</name>
      </input_file>
      <input_file id="fl-ec">
         <path>C:\ti\CC3200SDK_1.3.0\cc3200-sdk\driverlib\ccs\Release\</path>
         <kind>archive</kind>
         <file>driverlib.a</file>
         <name>utils.obj</name>
      </input_file>
      <input_file id="fl-ed">
         <path>C:\ti\CC3200SDK_1.3.0\cc3200-sdk\driverlib\ccs\Release\</path>
         <kind>archive</kind>
         <file>driverlib.a</file>
         <name>cpu.obj</name>
      </input_file>
      <input_file id="fl-ee">
         <path>C:\ti\CC3200SDK_1.3.0\cc3200-sdk\driverlib\ccs\Release\</path>
         <kind>archive</kind>
         <file>driverlib.a</file>
         <name>flash.obj</name>
      </input_file>
   </input_file_list>
   <object_component_list>
      <object_component id="oc-f">
         <name>.intvecs</name>
         <load_address>0x20004000</load_address>
         <run_address>0x20004000</run_address>
         <size>0x400</size>
         <input_file_ref idref="fl-4"/>
      </object_component>
      <object_component id="oc-254">
         <name>.text</name>
         <load_address>0x20004400</load_address>
         <run_address>0x20004400</run_address>
         <size>0x111e</size>
         <input_file_ref idref="fl-d0"/>
      </object_component>
      <object_component id="oc-23e">
         <name>.text:IntDefaultHandler</name>
         <load_address>0x2000551e</load_address>
         <run_address>0x2000551e</run_address>
         <size>0x2</size>
         <input_file_ref idref="fl-e6"/>
      </object_component>
      <object_component id="oc-1ef">
         <name>.text</name>
         <load_address>0x20005520</load_address>
         <run_address>0x20005520</run_address>
         <size>0x3d0</size>
         <input_file_ref idref="fl-c8"/>
      </object_component>
      <object_component id="oc-a8">
         <name>.text</name>
         <load_address>0x200058f0</load_address>
         <run_address>0x200058f0</run_address>
         <size>0x3b0</size>
         <input_file_ref idref="fl-2"/>
      </object_component>
      <object_component id="oc-11b">
         <name>.text</name>
         <load_address>0x20005ca0</load_address>
         <run_address>0x20005ca0</run_address>
         <size>0x280</size>
         <input_file_ref idref="fl-6"/>
      </object_component>
      <object_component id="oc-28a">
         <name>.text</name>
         <load_address>0x20005f20</load_address>
         <run_address>0x20005f20</run_address>
         <size>0x1f4</size>
         <input_file_ref idref="fl-e2"/>
      </object_component>
      <object_component id="oc-2b3">
         <name>.text</name>
         <load_address>0x20006114</load_address>
         <run_address>0x20006114</run_address>
         <size>0x1b6</size>
         <input_file_ref idref="fl-d6"/>
      </object_component>
      <object_component id="oc-59">
         <name>.text</name>
         <load_address>0x200062ca</load_address>
         <run_address>0x200062ca</run_address>
         <size>0x2</size>
         <input_file_ref idref="fl-ca"/>
      </object_component>
      <object_component id="oc-fd">
         <name>.text:PRCMCC3200MCUInit</name>
         <load_address>0x200062cc</load_address>
         <run_address>0x200062cc</run_address>
         <size>0x178</size>
         <input_file_ref idref="fl-e8"/>
      </object_component>
      <object_component id="oc-299">
         <name>.text</name>
         <load_address>0x20006444</load_address>
         <run_address>0x20006444</run_address>
         <size>0x136</size>
         <input_file_ref idref="fl-d8"/>
      </object_component>
      <object_component id="oc-a0">
         <name>.text</name>
         <load_address>0x2000657a</load_address>
         <run_address>0x2000657a</run_address>
         <size>0x2</size>
         <input_file_ref idref="fl-e0"/>
      </object_component>
      <object_component id="oc-103">
         <name>.text</name>
         <load_address>0x2000657c</load_address>
         <run_address>0x2000657c</run_address>
         <size>0x130</size>
         <input_file_ref idref="fl-3"/>
      </object_component>
      <object_component id="oc-294">
         <name>.text</name>
         <load_address>0x200066ac</load_address>
         <run_address>0x200066ac</run_address>
         <size>0xfc</size>
         <input_file_ref idref="fl-d9"/>
      </object_component>
      <object_component id="oc-2be">
         <name>.text</name>
         <load_address>0x200067a8</load_address>
         <run_address>0x200067a8</run_address>
         <size>0xd0</size>
         <input_file_ref idref="fl-df"/>
      </object_component>
      <object_component id="oc-f7">
         <name>.text:IntEnable</name>
         <load_address>0x20006878</load_address>
         <run_address>0x20006878</run_address>
         <size>0xa8</size>
         <input_file_ref idref="fl-e6"/>
      </object_component>
      <object_component id="oc-41">
         <name>.text</name>
         <load_address>0x20006920</load_address>
         <run_address>0x20006920</run_address>
         <size>0x9c</size>
         <input_file_ref idref="fl-c6"/>
      </object_component>
      <object_component id="oc-1bf">
         <name>.text:PRCMPeripheralClockGet</name>
         <load_address>0x200069bc</load_address>
         <run_address>0x200069bc</run_address>
         <size>0x94</size>
         <input_file_ref idref="fl-e8"/>
      </object_component>
      <object_component id="oc-234">
         <name>.text:PinConfigSet</name>
         <load_address>0x20006a50</load_address>
         <run_address>0x20006a50</run_address>
         <size>0x88</size>
         <input_file_ref idref="fl-e7"/>
      </object_component>
      <object_component id="oc-1d1">
         <name>.text</name>
         <load_address>0x20006ad8</load_address>
         <run_address>0x20006ad8</run_address>
         <size>0x88</size>
         <input_file_ref idref="fl-ce"/>
      </object_component>
      <object_component id="oc-28f">
         <name>.text:__aeabi_cdcmple</name>
         <load_address>0x20006b60</load_address>
         <run_address>0x20006b60</run_address>
         <size>0x86</size>
         <input_file_ref idref="fl-d7"/>
      </object_component>
      <object_component id="oc-29e">
         <name>.text:__aeabi_cdrcmple</name>
         <load_address>0x20006be6</load_address>
         <run_address>0x20006be6</run_address>
         <size>0x86</size>
         <input_file_ref idref="fl-d7"/>
      </object_component>
      <object_component id="oc-127">
         <name>.text:GPIOIntTypeSet</name>
         <load_address>0x20006c6c</load_address>
         <run_address>0x20006c6c</run_address>
         <size>0x82</size>
         <input_file_ref idref="fl-e5"/>
      </object_component>
      <object_component id="oc-4d">
         <name>.text</name>
         <load_address>0x20006cee</load_address>
         <run_address>0x20006cee</run_address>
         <size>0x7a</size>
         <input_file_ref idref="fl-c9"/>
      </object_component>
      <object_component id="oc-1c5">
         <name>.text:UARTConfigSetExpClk</name>
         <load_address>0x20006d68</load_address>
         <run_address>0x20006d68</run_address>
         <size>0x76</size>
         <input_file_ref idref="fl-eb"/>
      </object_component>
      <object_component id="oc-65">
         <name>.text</name>
         <load_address>0x20006de0</load_address>
         <run_address>0x20006de0</run_address>
         <size>0x70</size>
         <input_file_ref idref="fl-d3"/>
      </object_component>
      <object_component id="oc-12">
         <name>.text:decompress:lzss</name>
         <load_address>0x20006e50</load_address>
         <run_address>0x20006e50</run_address>
         <size>0x68</size>
         <input_file_ref idref="fl-c2"/>
      </object_component>
      <object_component id="oc-2b8">
         <name>.text</name>
         <load_address>0x20006eb8</load_address>
         <run_address>0x20006eb8</run_address>
         <size>0x5c</size>
         <input_file_ref idref="fl-de"/>
      </object_component>
      <object_component id="oc-18a">
         <name>.text:PRCMPeripheralReset</name>
         <load_address>0x20006f14</load_address>
         <run_address>0x20006f14</run_address>
         <size>0x58</size>
         <input_file_ref idref="fl-e8"/>
      </object_component>
      <object_component id="oc-2a8">
         <name>.text</name>
         <load_address>0x20006f6c</load_address>
         <run_address>0x20006f6c</run_address>
         <size>0x56</size>
         <input_file_ref idref="fl-dc"/>
      </object_component>
      <object_component id="oc-71">
         <name>.text</name>
         <load_address>0x20006fc4</load_address>
         <run_address>0x20006fc4</run_address>
         <size>0x54</size>
         <input_file_ref idref="fl-c5"/>
      </object_component>
      <object_component id="oc-2ca">
         <name>.text</name>
         <load_address>0x20007018</load_address>
         <run_address>0x20007018</run_address>
         <size>0x4c</size>
         <input_file_ref idref="fl-d2"/>
      </object_component>
      <object_component id="oc-9a">
         <name>.text</name>
         <load_address>0x20007064</load_address>
         <run_address>0x20007064</run_address>
         <size>0x4c</size>
         <input_file_ref idref="fl-d4"/>
      </object_component>
      <object_component id="oc-204">
         <name>.text:GPIOGetIntNumber</name>
         <load_address>0x200070b0</load_address>
         <run_address>0x200070b0</run_address>
         <size>0x48</size>
         <input_file_ref idref="fl-e5"/>
      </object_component>
      <object_component id="oc-2a3">
         <name>.text</name>
         <load_address>0x200070f8</load_address>
         <run_address>0x200070f8</run_address>
         <size>0x48</size>
         <input_file_ref idref="fl-da"/>
      </object_component>
      <object_component id="oc-197">
         <name>.text:PinModeSet</name>
         <load_address>0x20007140</load_address>
         <run_address>0x20007140</run_address>
         <size>0x40</size>
         <input_file_ref idref="fl-e7"/>
      </object_component>
      <object_component id="oc-24">
         <name>.text</name>
         <load_address>0x20007180</load_address>
         <run_address>0x20007180</run_address>
         <size>0x40</size>
         <input_file_ref idref="fl-c1"/>
      </object_component>
      <object_component id="oc-184">
         <name>.text:PRCMPeripheralClkEnable</name>
         <load_address>0x200071c0</load_address>
         <run_address>0x200071c0</run_address>
         <size>0x3c</size>
         <input_file_ref idref="fl-e8"/>
      </object_component>
      <object_component id="oc-1a3">
         <name>.text:GPIODirModeSet</name>
         <load_address>0x200071fc</load_address>
         <run_address>0x200071fc</run_address>
         <size>0x36</size>
         <input_file_ref idref="fl-e5"/>
      </object_component>
      <object_component id="oc-19d">
         <name>.text:PinTypeGPIO</name>
         <load_address>0x20007232</load_address>
         <run_address>0x20007232</run_address>
         <size>0x30</size>
         <input_file_ref idref="fl-e7"/>
      </object_component>
      <object_component id="oc-246">
         <name>.text:UARTDisable</name>
         <load_address>0x20007264</load_address>
         <run_address>0x20007264</run_address>
         <size>0x30</size>
         <input_file_ref idref="fl-eb"/>
      </object_component>
      <object_component id="oc-2ae">
         <name>.text</name>
         <load_address>0x20007294</load_address>
         <run_address>0x20007294</run_address>
         <size>0x2e</size>
         <input_file_ref idref="fl-db"/>
      </object_component>
      <object_component id="oc-172">
         <name>.text:PRCMSysResetCauseGet</name>
         <load_address>0x200072c4</load_address>
         <run_address>0x200072c4</run_address>
         <size>0x2c</size>
         <input_file_ref idref="fl-e8"/>
      </object_component>
      <object_component id="oc-190">
         <name>.text:PRCMPeripheralClkDisable</name>
         <load_address>0x200072f0</load_address>
         <run_address>0x200072f0</run_address>
         <size>0x28</size>
         <input_file_ref idref="fl-e8"/>
      </object_component>
      <object_component id="oc-1b7">
         <name>.text:IntUnregister</name>
         <load_address>0x20007318</load_address>
         <run_address>0x20007318</run_address>
         <size>0x24</size>
         <input_file_ref idref="fl-e6"/>
      </object_component>
      <object_component id="oc-24c">
         <name>.text:UARTEnable</name>
         <load_address>0x2000733c</load_address>
         <run_address>0x2000733c</run_address>
         <size>0x24</size>
         <input_file_ref idref="fl-eb"/>
      </object_component>
      <object_component id="oc-1e9">
         <name>.text</name>
         <load_address>0x20007360</load_address>
         <run_address>0x20007360</run_address>
         <size>0x24</size>
         <input_file_ref idref="fl-c7"/>
      </object_component>
      <object_component id="oc-df">
         <name>.text:GPIOIntStatus</name>
         <load_address>0x20007384</load_address>
         <run_address>0x20007384</run_address>
         <size>0x22</size>
         <input_file_ref idref="fl-e5"/>
      </object_component>
      <object_component id="oc-20a">
         <name>.text:IntRegister</name>
         <load_address>0x200073a8</load_address>
         <run_address>0x200073a8</run_address>
         <size>0x20</size>
         <input_file_ref idref="fl-e6"/>
      </object_component>
      <object_component id="oc-121">
         <name>.text:GPIOIntRegister</name>
         <load_address>0x200073c8</load_address>
         <run_address>0x200073c8</run_address>
         <size>0x1e</size>
         <input_file_ref idref="fl-e5"/>
      </object_component>
      <object_component id="oc-1cb">
         <name>.text:UARTCharPut</name>
         <load_address>0x200073e6</load_address>
         <run_address>0x200073e6</run_address>
         <size>0x1e</size>
         <input_file_ref idref="fl-eb"/>
      </object_component>
      <object_component id="oc-1dd">
         <name>.text:UARTCharGetNonBlocking</name>
         <load_address>0x20007404</load_address>
         <run_address>0x20007404</run_address>
         <size>0x1c</size>
         <input_file_ref idref="fl-eb"/>
      </object_component>
      <object_component id="oc-2d0">
         <name>.text</name>
         <load_address>0x20007420</load_address>
         <run_address>0x20007420</run_address>
         <size>0x1c</size>
         <input_file_ref idref="fl-dd"/>
      </object_component>
      <object_component id="oc-12d">
         <name>.text:GPIOIntEnable</name>
         <load_address>0x2000743c</load_address>
         <run_address>0x2000743c</run_address>
         <size>0x1a</size>
         <input_file_ref idref="fl-e5"/>
      </object_component>
      <object_component id="oc-1a9">
         <name>.text:PinTypeSPI</name>
         <load_address>0x20007456</load_address>
         <run_address>0x20007456</run_address>
         <size>0x1a</size>
         <input_file_ref idref="fl-e7"/>
      </object_component>
      <object_component id="oc-1af">
         <name>.text:PinTypeUART</name>
         <load_address>0x20007470</load_address>
         <run_address>0x20007470</run_address>
         <size>0x1a</size>
         <input_file_ref idref="fl-e7"/>
      </object_component>
      <object_component id="oc-10f">
         <name>.text:SysTickIntUnregister</name>
         <load_address>0x2000748c</load_address>
         <run_address>0x2000748c</run_address>
         <size>0x18</size>
         <input_file_ref idref="fl-e9"/>
      </object_component>
      <object_component id="oc-109">
         <name>.text:SysTickPeriodSet</name>
         <load_address>0x200074a4</load_address>
         <run_address>0x200074a4</run_address>
         <size>0x18</size>
         <input_file_ref idref="fl-e9"/>
      </object_component>
      <object_component id="oc-1d7">
         <name>.text:UARTCharsAvail</name>
         <load_address>0x200074bc</load_address>
         <run_address>0x200074bc</run_address>
         <size>0x18</size>
         <input_file_ref idref="fl-eb"/>
      </object_component>
      <object_component id="oc-6b">
         <name>.text</name>
         <load_address>0x200074d4</load_address>
         <run_address>0x200074d4</run_address>
         <size>0x18</size>
         <input_file_ref idref="fl-d1"/>
      </object_component>
      <object_component id="oc-178">
         <name>.text:PRCMHIBRegRead</name>
         <load_address>0x200074ec</load_address>
         <run_address>0x200074ec</run_address>
         <size>0x16</size>
         <input_file_ref idref="fl-e8"/>
      </object_component>
      <object_component id="oc-17e">
         <name>.text:PRCMHIBRegWrite</name>
         <load_address>0x20007502</load_address>
         <run_address>0x20007502</run_address>
         <size>0x16</size>
         <input_file_ref idref="fl-e8"/>
      </object_component>
      <object_component id="oc-2c4">
         <name>.text</name>
         <load_address>0x20007518</load_address>
         <run_address>0x20007518</run_address>
         <size>0x16</size>
         <input_file_ref idref="fl-e1"/>
      </object_component>
      <object_component id="oc-167">
         <name>.text:CPUcpsie</name>
         <load_address>0x2000752e</load_address>
         <run_address>0x2000752e</run_address>
         <size>0x14</size>
         <input_file_ref idref="fl-ed"/>
      </object_component>
      <object_component id="oc-e5">
         <name>.text:GPIOIntClear</name>
         <load_address>0x20007542</load_address>
         <run_address>0x20007542</run_address>
         <size>0x14</size>
         <input_file_ref idref="fl-e5"/>
      </object_component>
      <object_component id="oc-eb">
         <name>.text:IntVTableBaseSet</name>
         <load_address>0x20007558</load_address>
         <run_address>0x20007558</run_address>
         <size>0x14</size>
         <input_file_ref idref="fl-e6"/>
      </object_component>
      <object_component id="oc-146">
         <name>.text</name>
         <load_address>0x2000756c</load_address>
         <run_address>0x2000756c</run_address>
         <size>0x14</size>
         <input_file_ref idref="fl-cf"/>
      </object_component>
      <object_component id="oc-1e3">
         <name>.text</name>
         <load_address>0x20007580</load_address>
         <run_address>0x20007580</run_address>
         <size>0x14</size>
         <input_file_ref idref="fl-cd"/>
      </object_component>
      <object_component id="oc-115">
         <name>.text:SysTickEnable</name>
         <load_address>0x20007594</load_address>
         <run_address>0x20007594</run_address>
         <size>0x10</size>
         <input_file_ref idref="fl-e9"/>
      </object_component>
      <object_component id="oc-18">
         <name>.text:decompress:none</name>
         <load_address>0x200075a4</load_address>
         <run_address>0x200075a4</run_address>
         <size>0xe</size>
         <input_file_ref idref="fl-c3"/>
      </object_component>
      <object_component id="oc-2d">
         <name>.text</name>
         <load_address>0x200075b2</load_address>
         <run_address>0x200075b2</run_address>
         <size>0xe</size>
         <input_file_ref idref="fl-4"/>
      </object_component>
      <object_component id="oc-d8">
         <name>.text:SysTickValueGet</name>
         <load_address>0x200075c0</load_address>
         <run_address>0x200075c0</run_address>
         <size>0xc</size>
         <input_file_ref idref="fl-e9"/>
      </object_component>
      <object_component id="oc-1e">
         <name>.text:decompress:ZI</name>
         <load_address>0x200075cc</load_address>
         <run_address>0x200075cc</run_address>
         <size>0xc</size>
         <input_file_ref idref="fl-c4"/>
      </object_component>
      <object_component id="oc-f1">
         <name>.text:IntMasterEnable</name>
         <load_address>0x200075d8</load_address>
         <run_address>0x200075d8</run_address>
         <size>0xa</size>
         <input_file_ref idref="fl-e6"/>
      </object_component>
      <object_component id="oc-2fd">
         <name>.text</name>
         <load_address>0x200075e2</load_address>
         <run_address>0x200075e2</run_address>
         <size>0x8</size>
         <input_file_ref idref="fl-e4"/>
      </object_component>
      <object_component id="oc-de">
         <name>.text:UtilsDelay</name>
         <load_address>0x200075ea</load_address>
         <run_address>0x200075ea</run_address>
         <size>0x6</size>
         <input_file_ref idref="fl-ec"/>
      </object_component>
      <object_component id="oc-5f">
         <name>.text</name>
         <load_address>0x200075f0</load_address>
         <run_address>0x200075f0</run_address>
         <size>0x4</size>
         <input_file_ref idref="fl-cb"/>
      </object_component>
      <object_component id="oc-30a">
         <name>.const:.string:_ctypes_</name>
         <load_address>0x200075f4</load_address>
         <run_address>0x200075f4</run_address>
         <size>0x101</size>
         <input_file_ref idref="fl-d5"/>
      </object_component>
      <object_component id="oc-230">
         <name>.const:g_ulPinToPadMap</name>
         <load_address>0x200076f8</load_address>
         <run_address>0x200076f8</run_address>
         <size>0x100</size>
         <input_file_ref idref="fl-e7"/>
      </object_component>
      <object_component id="oc-229">
         <name>.const:PRCM_PeriphRegsList</name>
         <load_address>0x200077f8</load_address>
         <run_address>0x200077f8</run_address>
         <size>0xa8</size>
         <input_file_ref idref="fl-e8"/>
      </object_component>
      <object_component id="oc-16e">
         <name>.const</name>
         <load_address>0x200078a0</load_address>
         <run_address>0x200078a0</run_address>
         <size>0x80</size>
         <input_file_ref idref="fl-e6"/>
      </object_component>
      <object_component id="oc-34d">
         <name>.cinit..data.load</name>
         <load_address>0x20007920</load_address>
         <run_address>0x20007920</run_address>
         <size>0x22</size>
      </object_component>
      <object_component id="oc-34b">
         <name>__TI_handler_table</name>
         <load_address>0x20007944</load_address>
         <run_address>0x20007944</run_address>
         <size>0xc</size>
      </object_component>
      <object_component id="oc-34e">
         <name>.cinit..bss.load</name>
         <load_address>0x20007950</load_address>
         <run_address>0x20007950</run_address>
         <size>0x8</size>
      </object_component>
      <object_component id="oc-34c">
         <name>__TI_cinit_table</name>
         <load_address>0x20007958</load_address>
         <run_address>0x20007958</run_address>
         <size>0x10</size>
      </object_component>
      <object_component id="oc-139">
         <name>.data:switch2</name>
         <load_address>0x2001d8b0</load_address>
         <run_address>0x2001d8b0</run_address>
         <size>0x8</size>
         <input_file_ref idref="fl-2"/>
      </object_component>
      <object_component id="oc-133">
         <name>.data</name>
         <load_address>0x2001d8b8</load_address>
         <run_address>0x2001d8b8</run_address>
         <size>0x4</size>
         <input_file_ref idref="fl-2"/>
      </object_component>
      <object_component id="oc-b0">
         <name>.data:$O1$$</name>
         <load_address>0x2001d890</load_address>
         <run_address>0x2001d890</run_address>
         <size>0xc</size>
         <input_file_ref idref="fl-c5"/>
      </object_component>
      <object_component id="oc-26c">
         <name>.data:$O1$$</name>
         <load_address>0x2001d89c</load_address>
         <run_address>0x2001d89c</run_address>
         <size>0xc</size>
         <input_file_ref idref="fl-c8"/>
      </object_component>
      <object_component id="oc-77">
         <name>.data</name>
         <load_address>0x2001d8c0</load_address>
         <run_address>0x2001d8c0</run_address>
         <size>0x4</size>
         <input_file_ref idref="fl-cc"/>
      </object_component>
      <object_component id="oc-b3">
         <name>.data:$O1$$</name>
         <load_address>0x2001d8a8</load_address>
         <run_address>0x2001d8a8</run_address>
         <size>0x8</size>
         <input_file_ref idref="fl-cf"/>
      </object_component>
      <object_component id="oc-303">
         <name>.data</name>
         <load_address>0x2001d8bc</load_address>
         <run_address>0x2001d8bc</run_address>
         <size>0x4</size>
         <input_file_ref idref="fl-e3"/>
      </object_component>
      <object_component id="oc-1f5">
         <name>.bss</name>
         <uninitialized>true</uninitialized>
         <run_address>0x2001d88c</run_address>
         <size>0x4</size>
         <input_file_ref idref="fl-6"/>
      </object_component>
      <object_component id="oc-136">
         <name>.common:times</name>
         <uninitialized>true</uninitialized>
         <run_address>0x2001d800</run_address>
         <size>0x8c</size>
      </object_component>
      <object_component id="oc-2a">
         <name>.sysmem</name>
         <uninitialized>true</uninitialized>
         <run_address>0x2001d000</run_address>
         <size>0x8</size>
         <input_file_ref idref="fl-c8"/>
      </object_component>
      <object_component id="oc-350">
         <name>.sysmem</name>
         <uninitialized>true</uninitialized>
         <run_address>0x2001d000</run_address>
         <size>0x0</size>
      </object_component>
      <object_component id="oc-29">
         <name>.stack</name>
         <uninitialized>true</uninitialized>
         <run_address>0x2003f800</run_address>
         <size>0x0</size>
         <input_file_ref idref="fl-c1"/>
      </object_component>
      <object_component id="oc-34f">
         <name>.stack</name>
         <uninitialized>true</uninitialized>
         <run_address>0x2003f800</run_address>
         <size>0x0</size>
      </object_component>
      <object_component id="oc-137">
         <name>.debug_info</name>
         <load_address>0x0</load_address>
         <run_address>0x0</run_address>
         <size>0x424</size>
         <input_file_ref idref="fl-2"/>
      </object_component>
      <object_component id="oc-13a">
         <name>.debug_info</name>
         <load_address>0x424</load_address>
         <run_address>0x424</run_address>
         <size>0xd3</size>
         <input_file_ref idref="fl-2"/>
      </object_component>
      <object_component id="oc-134">
         <name>.debug_info</name>
         <load_address>0x4f7</load_address>
         <run_address>0x4f7</run_address>
         <size>0xdc</size>
         <input_file_ref idref="fl-2"/>
      </object_component>
      <object_component id="oc-a9">
         <name>.debug_info</name>
         <load_address>0x5d3</load_address>
         <run_address>0x5d3</run_address>
         <size>0x4c9</size>
         <input_file_ref idref="fl-2"/>
      </object_component>
      <object_component id="oc-21a">
         <name>.debug_info</name>
         <load_address>0xa9c</load_address>
         <run_address>0xa9c</run_address>
         <size>0x62</size>
         <input_file_ref idref="fl-2"/>
      </object_component>
      <object_component id="oc-27e">
         <name>.debug_info</name>
         <load_address>0xafe</load_address>
         <run_address>0xafe</run_address>
         <size>0x62</size>
         <input_file_ref idref="fl-2"/>
      </object_component>
      <object_component id="oc-3c">
         <name>.debug_info</name>
         <load_address>0xb60</load_address>
         <run_address>0xb60</run_address>
         <size>0x84</size>
         <input_file_ref idref="fl-2"/>
      </object_component>
      <object_component id="oc-160">
         <name>.debug_info</name>
         <load_address>0xbe4</load_address>
         <run_address>0xbe4</run_address>
         <size>0x2c</size>
         <input_file_ref idref="fl-2"/>
      </object_component>
      <object_component id="oc-1fa">
         <name>.debug_info</name>
         <load_address>0xc10</load_address>
         <run_address>0xc10</run_address>
         <size>0x4e</size>
         <input_file_ref idref="fl-2"/>
      </object_component>
      <object_component id="oc-107">
         <name>.debug_info</name>
         <load_address>0xc5e</load_address>
         <run_address>0xc5e</run_address>
         <size>0x3ce</size>
         <input_file_ref idref="fl-3"/>
      </object_component>
      <object_component id="oc-35">
         <name>.debug_info</name>
         <load_address>0x102c</load_address>
         <run_address>0x102c</run_address>
         <size>0x127</size>
         <input_file_ref idref="fl-4"/>
      </object_component>
      <object_component id="oc-10">
         <name>.debug_info</name>
         <load_address>0x1153</load_address>
         <run_address>0x1153</run_address>
         <size>0x112</size>
         <input_file_ref idref="fl-4"/>
      </object_component>
      <object_component id="oc-31">
         <name>.debug_info</name>
         <load_address>0x1265</load_address>
         <run_address>0x1265</run_address>
         <size>0x433</size>
         <input_file_ref idref="fl-4"/>
      </object_component>
      <object_component id="oc-1f9">
         <name>.debug_info</name>
         <load_address>0x1698</load_address>
         <run_address>0x1698</run_address>
         <size>0x35c</size>
         <input_file_ref idref="fl-6"/>
      </object_component>
      <object_component id="oc-1f6">
         <name>.debug_info</name>
         <load_address>0x19f4</load_address>
         <run_address>0x19f4</run_address>
         <size>0xdc</size>
         <input_file_ref idref="fl-6"/>
      </object_component>
      <object_component id="oc-11c">
         <name>.debug_info</name>
         <load_address>0x1ad0</load_address>
         <run_address>0x1ad0</run_address>
         <size>0x642</size>
         <input_file_ref idref="fl-6"/>
      </object_component>
      <object_component id="oc-1ff">
         <name>.debug_info</name>
         <load_address>0x2112</load_address>
         <run_address>0x2112</run_address>
         <size>0x110</size>
         <input_file_ref idref="fl-6"/>
      </object_component>
      <object_component id="oc-26">
         <name>.debug_info</name>
         <load_address>0x2222</load_address>
         <run_address>0x2222</run_address>
         <size>0x160</size>
         <input_file_ref idref="fl-c1"/>
      </object_component>
      <object_component id="oc-87">
         <name>.debug_info</name>
         <load_address>0x2382</load_address>
         <run_address>0x2382</run_address>
         <size>0xf9</size>
         <input_file_ref idref="fl-c2"/>
      </object_component>
      <object_component id="oc-14">
         <name>.debug_info</name>
         <load_address>0x247b</load_address>
         <run_address>0x247b</run_address>
         <size>0x245</size>
         <input_file_ref idref="fl-c2"/>
      </object_component>
      <object_component id="oc-37">
         <name>.debug_info</name>
         <load_address>0x26c0</load_address>
         <run_address>0x26c0</run_address>
         <size>0x60</size>
         <input_file_ref idref="fl-c2"/>
      </object_component>
      <object_component id="oc-82">
         <name>.debug_info</name>
         <load_address>0x2720</load_address>
         <run_address>0x2720</run_address>
         <size>0x46</size>
         <input_file_ref idref="fl-c2"/>
      </object_component>
      <object_component id="oc-4c">
         <name>.debug_info</name>
         <load_address>0x2766</load_address>
         <run_address>0x2766</run_address>
         <size>0x140</size>
         <input_file_ref idref="fl-c3"/>
      </object_component>
      <object_component id="oc-1a">
         <name>.debug_info</name>
         <load_address>0x28a6</load_address>
         <run_address>0x28a6</run_address>
         <size>0x1df</size>
         <input_file_ref idref="fl-c3"/>
      </object_component>
      <object_component id="oc-47">
         <name>.debug_info</name>
         <load_address>0x2a85</load_address>
         <run_address>0x2a85</run_address>
         <size>0x46</size>
         <input_file_ref idref="fl-c3"/>
      </object_component>
      <object_component id="oc-89">
         <name>.debug_info</name>
         <load_address>0x2acb</load_address>
         <run_address>0x2acb</run_address>
         <size>0x2c</size>
         <input_file_ref idref="fl-c3"/>
      </object_component>
      <object_component id="oc-58">
         <name>.debug_info</name>
         <load_address>0x2af7</load_address>
         <run_address>0x2af7</run_address>
         <size>0x12f</size>
         <input_file_ref idref="fl-c4"/>
      </object_component>
      <object_component id="oc-20">
         <name>.debug_info</name>
         <load_address>0x2c26</load_address>
         <run_address>0x2c26</run_address>
         <size>0x1aa</size>
         <input_file_ref idref="fl-c4"/>
      </object_component>
      <object_component id="oc-53">
         <name>.debug_info</name>
         <load_address>0x2dd0</load_address>
         <run_address>0x2dd0</run_address>
         <size>0x46</size>
         <input_file_ref idref="fl-c4"/>
      </object_component>
      <object_component id="oc-91">
         <name>.debug_info</name>
         <load_address>0x2e16</load_address>
         <run_address>0x2e16</run_address>
         <size>0x2c</size>
         <input_file_ref idref="fl-c4"/>
      </object_component>
      <object_component id="oc-b7">
         <name>.debug_info</name>
         <load_address>0x2e42</load_address>
         <run_address>0x2e42</run_address>
         <size>0x234</size>
         <input_file_ref idref="fl-c5"/>
      </object_component>
      <object_component id="oc-b1">
         <name>.debug_info</name>
         <load_address>0x3076</load_address>
         <run_address>0x3076</run_address>
         <size>0x185</size>
         <input_file_ref idref="fl-c5"/>
      </object_component>
      <object_component id="oc-72">
         <name>.debug_info</name>
         <load_address>0x31fb</load_address>
         <run_address>0x31fb</run_address>
         <size>0x214</size>
         <input_file_ref idref="fl-c5"/>
      </object_component>
      <object_component id="oc-42">
         <name>.debug_info</name>
         <load_address>0x340f</load_address>
         <run_address>0x340f</run_address>
         <size>0x111</size>
         <input_file_ref idref="fl-c6"/>
      </object_component>
      <object_component id="oc-26b">
         <name>.debug_info</name>
         <load_address>0x3520</load_address>
         <run_address>0x3520</run_address>
         <size>0x12c</size>
         <input_file_ref idref="fl-c7"/>
      </object_component>
      <object_component id="oc-1ed">
         <name>.debug_info</name>
         <load_address>0x364c</load_address>
         <run_address>0x364c</run_address>
         <size>0x1ab</size>
         <input_file_ref idref="fl-c7"/>
      </object_component>
      <object_component id="oc-7d">
         <name>.debug_info</name>
         <load_address>0x37f7</load_address>
         <run_address>0x37f7</run_address>
         <size>0x222</size>
         <input_file_ref idref="fl-c8"/>
      </object_component>
      <object_component id="oc-2b">
         <name>.debug_info</name>
         <load_address>0x3a19</load_address>
         <run_address>0x3a19</run_address>
         <size>0x101</size>
         <input_file_ref idref="fl-c8"/>
      </object_component>
      <object_component id="oc-26d">
         <name>.debug_info</name>
         <load_address>0x3b1a</load_address>
         <run_address>0x3b1a</run_address>
         <size>0x14c</size>
         <input_file_ref idref="fl-c8"/>
      </object_component>
      <object_component id="oc-1f1">
         <name>.debug_info</name>
         <load_address>0x3c66</load_address>
         <run_address>0x3c66</run_address>
         <size>0x885</size>
         <input_file_ref idref="fl-c8"/>
      </object_component>
      <object_component id="oc-bd">
         <name>.debug_info</name>
         <load_address>0x44eb</load_address>
         <run_address>0x44eb</run_address>
         <size>0x2c</size>
         <input_file_ref idref="fl-c8"/>
      </object_component>
      <object_component id="oc-c2">
         <name>.debug_info</name>
         <load_address>0x4517</load_address>
         <run_address>0x4517</run_address>
         <size>0x62</size>
         <input_file_ref idref="fl-c8"/>
      </object_component>
      <object_component id="oc-4e">
         <name>.debug_info</name>
         <load_address>0x4579</load_address>
         <run_address>0x4579</run_address>
         <size>0x13f</size>
         <input_file_ref idref="fl-c9"/>
      </object_component>
      <object_component id="oc-5c">
         <name>.debug_info</name>
         <load_address>0x46b8</load_address>
         <run_address>0x46b8</run_address>
         <size>0x138</size>
         <input_file_ref idref="fl-ca"/>
      </object_component>
      <object_component id="oc-63">
         <name>.debug_info</name>
         <load_address>0x47f0</load_address>
         <run_address>0x47f0</run_address>
         <size>0x148</size>
         <input_file_ref idref="fl-cb"/>
      </object_component>
      <object_component id="oc-78">
         <name>.debug_info</name>
         <load_address>0x4938</load_address>
         <run_address>0x4938</run_address>
         <size>0x109</size>
         <input_file_ref idref="fl-cc"/>
      </object_component>
      <object_component id="oc-269">
         <name>.debug_info</name>
         <load_address>0x4a41</load_address>
         <run_address>0x4a41</run_address>
         <size>0xea</size>
         <input_file_ref idref="fl-cd"/>
      </object_component>
      <object_component id="oc-1e7">
         <name>.debug_info</name>
         <load_address>0x4b2b</load_address>
         <run_address>0x4b2b</run_address>
         <size>0x22a</size>
         <input_file_ref idref="fl-cd"/>
      </object_component>
      <object_component id="oc-25b">
         <name>.debug_info</name>
         <load_address>0x4d55</load_address>
         <run_address>0x4d55</run_address>
         <size>0x1c8</size>
         <input_file_ref idref="fl-ce"/>
      </object_component>
      <object_component id="oc-1d2">
         <name>.debug_info</name>
         <load_address>0x4f1d</load_address>
         <run_address>0x4f1d</run_address>
         <size>0x35c</size>
         <input_file_ref idref="fl-ce"/>
      </object_component>
      <object_component id="oc-25c">
         <name>.debug_info</name>
         <load_address>0x5279</load_address>
         <run_address>0x5279</run_address>
         <size>0x2c</size>
         <input_file_ref idref="fl-ce"/>
      </object_component>
      <object_component id="oc-261">
         <name>.debug_info</name>
         <load_address>0x52a5</load_address>
         <run_address>0x52a5</run_address>
         <size>0x69</size>
         <input_file_ref idref="fl-ce"/>
      </object_component>
      <object_component id="oc-14e">
         <name>.debug_info</name>
         <load_address>0x530e</load_address>
         <run_address>0x530e</run_address>
         <size>0x124</size>
         <input_file_ref idref="fl-cf"/>
      </object_component>
      <object_component id="oc-b4">
         <name>.debug_info</name>
         <load_address>0x5432</load_address>
         <run_address>0x5432</run_address>
         <size>0x113</size>
         <input_file_ref idref="fl-cf"/>
      </object_component>
      <object_component id="oc-14a">
         <name>.debug_info</name>
         <load_address>0x5545</load_address>
         <run_address>0x5545</run_address>
         <size>0x21f</size>
         <input_file_ref idref="fl-cf"/>
      </object_component>
      <object_component id="oc-2d7">
         <name>.debug_info</name>
         <load_address>0x5764</load_address>
         <run_address>0x5764</run_address>
         <size>0x385</size>
         <input_file_ref idref="fl-d0"/>
      </object_component>
      <object_component id="oc-257">
         <name>.debug_info</name>
         <load_address>0x5ae9</load_address>
         <run_address>0x5ae9</run_address>
         <size>0x1554</size>
         <input_file_ref idref="fl-d0"/>
      </object_component>
      <object_component id="oc-2d8">
         <name>.debug_info</name>
         <load_address>0x703d</load_address>
         <run_address>0x703d</run_address>
         <size>0x86</size>
         <input_file_ref idref="fl-d0"/>
      </object_component>
      <object_component id="oc-313">
         <name>.debug_info</name>
         <load_address>0x70c3</load_address>
         <run_address>0x70c3</run_address>
         <size>0x46</size>
         <input_file_ref idref="fl-d0"/>
      </object_component>
      <object_component id="oc-2dd">
         <name>.debug_info</name>
         <load_address>0x7109</load_address>
         <run_address>0x7109</run_address>
         <size>0x39</size>
         <input_file_ref idref="fl-d0"/>
      </object_component>
      <object_component id="oc-af">
         <name>.debug_info</name>
         <load_address>0x7142</load_address>
         <run_address>0x7142</run_address>
         <size>0x166</size>
         <input_file_ref idref="fl-d1"/>
      </object_component>
      <object_component id="oc-6c">
         <name>.debug_info</name>
         <load_address>0x72a8</load_address>
         <run_address>0x72a8</run_address>
         <size>0x167</size>
         <input_file_ref idref="fl-d1"/>
      </object_component>
      <object_component id="oc-13f">
         <name>.debug_info</name>
         <load_address>0x740f</load_address>
         <run_address>0x740f</run_address>
         <size>0x5e</size>
         <input_file_ref idref="fl-d1"/>
      </object_component>
      <object_component id="oc-30e">
         <name>.debug_info</name>
         <load_address>0x746d</load_address>
         <run_address>0x746d</run_address>
         <size>0x114</size>
         <input_file_ref idref="fl-d2"/>
      </object_component>
      <object_component id="oc-2cd">
         <name>.debug_info</name>
         <load_address>0x7581</load_address>
         <run_address>0x7581</run_address>
         <size>0x171</size>
         <input_file_ref idref="fl-d2"/>
      </object_component>
      <object_component id="oc-a7">
         <name>.debug_info</name>
         <load_address>0x76f2</load_address>
         <run_address>0x76f2</run_address>
         <size>0x2e9</size>
         <input_file_ref idref="fl-d3"/>
      </object_component>
      <object_component id="oc-69">
         <name>.debug_info</name>
         <load_address>0x79db</load_address>
         <run_address>0x79db</run_address>
         <size>0x190</size>
         <input_file_ref idref="fl-d3"/>
      </object_component>
      <object_component id="oc-ce">
         <name>.debug_info</name>
         <load_address>0x7b6b</load_address>
         <run_address>0x7b6b</run_address>
         <size>0x39</size>
         <input_file_ref idref="fl-d3"/>
      </object_component>
      <object_component id="oc-159">
         <name>.debug_info</name>
         <load_address>0x7ba4</load_address>
         <run_address>0x7ba4</run_address>
         <size>0x39</size>
         <input_file_ref idref="fl-d3"/>
      </object_component>
      <object_component id="oc-d3">
         <name>.debug_info</name>
         <load_address>0x7bdd</load_address>
         <run_address>0x7bdd</run_address>
         <size>0xcd</size>
         <input_file_ref idref="fl-d3"/>
      </object_component>
      <object_component id="oc-ca">
         <name>.debug_info</name>
         <load_address>0x7caa</load_address>
         <run_address>0x7caa</run_address>
         <size>0x1e0</size>
         <input_file_ref idref="fl-d4"/>
      </object_component>
      <object_component id="oc-9d">
         <name>.debug_info</name>
         <load_address>0x7e8a</load_address>
         <run_address>0x7e8a</run_address>
         <size>0x183</size>
         <input_file_ref idref="fl-d4"/>
      </object_component>
      <object_component id="oc-154">
         <name>.debug_info</name>
         <load_address>0x800d</load_address>
         <run_address>0x800d</run_address>
         <size>0x2c</size>
         <input_file_ref idref="fl-d4"/>
      </object_component>
      <object_component id="oc-325">
         <name>.debug_info</name>
         <load_address>0x8039</load_address>
         <run_address>0x8039</run_address>
         <size>0xee</size>
         <input_file_ref idref="fl-d5"/>
      </object_component>
      <object_component id="oc-30b">
         <name>.debug_info</name>
         <load_address>0x8127</load_address>
         <run_address>0x8127</run_address>
         <size>0xfa</size>
         <input_file_ref idref="fl-d5"/>
      </object_component>
      <object_component id="oc-2b4">
         <name>.debug_info</name>
         <load_address>0x8221</load_address>
         <run_address>0x8221</run_address>
         <size>0x144</size>
         <input_file_ref idref="fl-d6"/>
      </object_component>
      <object_component id="oc-291">
         <name>.debug_info</name>
         <load_address>0x8365</load_address>
         <run_address>0x8365</run_address>
         <size>0x120</size>
         <input_file_ref idref="fl-d7"/>
      </object_component>
      <object_component id="oc-2a1">
         <name>.debug_info</name>
         <load_address>0x8485</load_address>
         <run_address>0x8485</run_address>
         <size>0x122</size>
         <input_file_ref idref="fl-d7"/>
      </object_component>
      <object_component id="oc-29b">
         <name>.debug_info</name>
         <load_address>0x85a7</load_address>
         <run_address>0x85a7</run_address>
         <size>0x132</size>
         <input_file_ref idref="fl-d8"/>
      </object_component>
      <object_component id="oc-296">
         <name>.debug_info</name>
         <load_address>0x86d9</load_address>
         <run_address>0x86d9</run_address>
         <size>0x132</size>
         <input_file_ref idref="fl-d9"/>
      </object_component>
      <object_component id="oc-2a6">
         <name>.debug_info</name>
         <load_address>0x880b</load_address>
         <run_address>0x880b</run_address>
         <size>0x126</size>
         <input_file_ref idref="fl-da"/>
      </object_component>
      <object_component id="oc-2b0">
         <name>.debug_info</name>
         <load_address>0x8931</load_address>
         <run_address>0x8931</run_address>
         <size>0x124</size>
         <input_file_ref idref="fl-db"/>
      </object_component>
      <object_component id="oc-2f3">
         <name>.debug_info</name>
         <load_address>0x8a55</load_address>
         <run_address>0x8a55</run_address>
         <size>0x14c</size>
         <input_file_ref idref="fl-dc"/>
      </object_component>
      <object_component id="oc-2aa">
         <name>.debug_info</name>
         <load_address>0x8ba1</load_address>
         <run_address>0x8ba1</run_address>
         <size>0x1c2</size>
         <input_file_ref idref="fl-dc"/>
      </object_component>
      <object_component id="oc-310">
         <name>.debug_info</name>
         <load_address>0x8d63</load_address>
         <run_address>0x8d63</run_address>
         <size>0xf1</size>
         <input_file_ref idref="fl-dd"/>
      </object_component>
      <object_component id="oc-2d3">
         <name>.debug_info</name>
         <load_address>0x8e54</load_address>
         <run_address>0x8e54</run_address>
         <size>0x1ab</size>
         <input_file_ref idref="fl-dd"/>
      </object_component>
      <object_component id="oc-2f7">
         <name>.debug_info</name>
         <load_address>0x8fff</load_address>
         <run_address>0x8fff</run_address>
         <size>0x13f</size>
         <input_file_ref idref="fl-de"/>
      </object_component>
      <object_component id="oc-2bb">
         <name>.debug_info</name>
         <load_address>0x913e</load_address>
         <run_address>0x913e</run_address>
         <size>0x189</size>
         <input_file_ref idref="fl-de"/>
      </object_component>
      <object_component id="oc-2f8">
         <name>.debug_info</name>
         <load_address>0x92c7</load_address>
         <run_address>0x92c7</run_address>
         <size>0x2c</size>
         <input_file_ref idref="fl-de"/>
      </object_component>
      <object_component id="oc-307">
         <name>.debug_info</name>
         <load_address>0x92f3</load_address>
         <run_address>0x92f3</run_address>
         <size>0x17c</size>
         <input_file_ref idref="fl-df"/>
      </object_component>
      <object_component id="oc-2bf">
         <name>.debug_info</name>
         <load_address>0x946f</load_address>
         <run_address>0x946f</run_address>
         <size>0x1e6</size>
         <input_file_ref idref="fl-df"/>
      </object_component>
      <object_component id="oc-a1">
         <name>.debug_info</name>
         <load_address>0x9655</load_address>
         <run_address>0x9655</run_address>
         <size>0x145</size>
         <input_file_ref idref="fl-e0"/>
      </object_component>
      <object_component id="oc-309">
         <name>.debug_info</name>
         <load_address>0x979a</load_address>
         <run_address>0x979a</run_address>
         <size>0xf5</size>
         <input_file_ref idref="fl-e1"/>
      </object_component>
      <object_component id="oc-2c5">
         <name>.debug_info</name>
         <load_address>0x988f</load_address>
         <run_address>0x988f</run_address>
         <size>0x244</size>
         <input_file_ref idref="fl-e1"/>
      </object_component>
      <object_component id="oc-28b">
         <name>.debug_info</name>
         <load_address>0x9ad3</load_address>
         <run_address>0x9ad3</run_address>
         <size>0x17d</size>
         <input_file_ref idref="fl-e2"/>
      </object_component>
      <object_component id="oc-304">
         <name>.debug_info</name>
         <load_address>0x9c50</load_address>
         <run_address>0x9c50</run_address>
         <size>0xf3</size>
         <input_file_ref idref="fl-e3"/>
      </object_component>
      <object_component id="oc-301">
         <name>.debug_info</name>
         <load_address>0x9d43</load_address>
         <run_address>0x9d43</run_address>
         <size>0x154</size>
         <input_file_ref idref="fl-e4"/>
      </object_component>
      <object_component id="oc-211">
         <name>.debug_info</name>
         <load_address>0x9e97</load_address>
         <run_address>0x9e97</run_address>
         <size>0x17a</size>
         <input_file_ref idref="fl-e5"/>
      </object_component>
      <object_component id="oc-208">
         <name>.debug_info</name>
         <load_address>0xa011</load_address>
         <run_address>0xa011</run_address>
         <size>0x1aa</size>
         <input_file_ref idref="fl-e5"/>
      </object_component>
      <object_component id="oc-1a6">
         <name>.debug_info</name>
         <load_address>0xa1bb</load_address>
         <run_address>0xa1bb</run_address>
         <size>0x1e9</size>
         <input_file_ref idref="fl-e5"/>
      </object_component>
      <object_component id="oc-12a">
         <name>.debug_info</name>
         <load_address>0xa3a4</load_address>
         <run_address>0xa3a4</run_address>
         <size>0x1f4</size>
         <input_file_ref idref="fl-e5"/>
      </object_component>
      <object_component id="oc-130">
         <name>.debug_info</name>
         <load_address>0xa598</load_address>
         <run_address>0xa598</run_address>
         <size>0x1cb</size>
         <input_file_ref idref="fl-e5"/>
      </object_component>
      <object_component id="oc-e3">
         <name>.debug_info</name>
         <load_address>0xa763</load_address>
         <run_address>0xa763</run_address>
         <size>0x1c3</size>
         <input_file_ref idref="fl-e5"/>
      </object_component>
      <object_component id="oc-e9">
         <name>.debug_info</name>
         <load_address>0xa926</load_address>
         <run_address>0xa926</run_address>
         <size>0x1c9</size>
         <input_file_ref idref="fl-e5"/>
      </object_component>
      <object_component id="oc-125">
         <name>.debug_info</name>
         <load_address>0xaaef</load_address>
         <run_address>0xaaef</run_address>
         <size>0x214</size>
         <input_file_ref idref="fl-e5"/>
      </object_component>
      <object_component id="oc-225">
         <name>.debug_info</name>
         <load_address>0xad03</load_address>
         <run_address>0xad03</run_address>
         <size>0x19b</size>
         <input_file_ref idref="fl-e6"/>
      </object_component>
      <object_component id="oc-16f">
         <name>.debug_info</name>
         <load_address>0xae9e</load_address>
         <run_address>0xae9e</run_address>
         <size>0x19e</size>
         <input_file_ref idref="fl-e6"/>
      </object_component>
      <object_component id="oc-23f">
         <name>.debug_info</name>
         <load_address>0xb03c</load_address>
         <run_address>0xb03c</run_address>
         <size>0x16d</size>
         <input_file_ref idref="fl-e6"/>
      </object_component>
      <object_component id="oc-f2">
         <name>.debug_info</name>
         <load_address>0xb1a9</load_address>
         <run_address>0xb1a9</run_address>
         <size>0x188</size>
         <input_file_ref idref="fl-e6"/>
      </object_component>
      <object_component id="oc-ec">
         <name>.debug_info</name>
         <load_address>0xb331</load_address>
         <run_address>0xb331</run_address>
         <size>0x1ba</size>
         <input_file_ref idref="fl-e6"/>
      </object_component>
      <object_component id="oc-20b">
         <name>.debug_info</name>
         <load_address>0xb4eb</load_address>
         <run_address>0xb4eb</run_address>
         <size>0x204</size>
         <input_file_ref idref="fl-e6"/>
      </object_component>
      <object_component id="oc-1b8">
         <name>.debug_info</name>
         <load_address>0xb6ef</load_address>
         <run_address>0xb6ef</run_address>
         <size>0x1cf</size>
         <input_file_ref idref="fl-e6"/>
      </object_component>
      <object_component id="oc-f9">
         <name>.debug_info</name>
         <load_address>0xb8be</load_address>
         <run_address>0xb8be</run_address>
         <size>0x1ab</size>
         <input_file_ref idref="fl-e6"/>
      </object_component>
      <object_component id="oc-285">
         <name>.debug_info</name>
         <load_address>0xba69</load_address>
         <run_address>0xba69</run_address>
         <size>0xe8</size>
         <input_file_ref idref="fl-e7"/>
      </object_component>
      <object_component id="oc-231">
         <name>.debug_info</name>
         <load_address>0xbb51</load_address>
         <run_address>0xbb51</run_address>
         <size>0xf6</size>
         <input_file_ref idref="fl-e7"/>
      </object_component>
      <object_component id="oc-199">
         <name>.debug_info</name>
         <load_address>0xbc47</load_address>
         <run_address>0xbc47</run_address>
         <size>0x1cb</size>
         <input_file_ref idref="fl-e7"/>
      </object_component>
      <object_component id="oc-235">
         <name>.debug_info</name>
         <load_address>0xbe12</load_address>
         <run_address>0xbe12</run_address>
         <size>0x219</size>
         <input_file_ref idref="fl-e7"/>
      </object_component>
      <object_component id="oc-1b1">
         <name>.debug_info</name>
         <load_address>0xc02b</load_address>
         <run_address>0xc02b</run_address>
         <size>0x1e0</size>
         <input_file_ref idref="fl-e7"/>
      </object_component>
      <object_component id="oc-1aa">
         <name>.debug_info</name>
         <load_address>0xc20b</load_address>
         <run_address>0xc20b</run_address>
         <size>0x1de</size>
         <input_file_ref idref="fl-e7"/>
      </object_component>
      <object_component id="oc-19e">
         <name>.debug_info</name>
         <load_address>0xc3e9</load_address>
         <run_address>0xc3e9</run_address>
         <size>0x22e</size>
         <input_file_ref idref="fl-e7"/>
      </object_component>
      <object_component id="oc-22e">
         <name>.debug_info</name>
         <load_address>0xc617</load_address>
         <run_address>0xc617</run_address>
         <size>0x1f8</size>
         <input_file_ref idref="fl-e8"/>
      </object_component>
      <object_component id="oc-22a">
         <name>.debug_info</name>
         <load_address>0xc80f</load_address>
         <run_address>0xc80f</run_address>
         <size>0xff</size>
         <input_file_ref idref="fl-e8"/>
      </object_component>
      <object_component id="oc-173">
         <name>.debug_info</name>
         <load_address>0xc90e</load_address>
         <run_address>0xc90e</run_address>
         <size>0x1b2</size>
         <input_file_ref idref="fl-e8"/>
      </object_component>
      <object_component id="oc-185">
         <name>.debug_info</name>
         <load_address>0xcac0</load_address>
         <run_address>0xcac0</run_address>
         <size>0x1f7</size>
         <input_file_ref idref="fl-e8"/>
      </object_component>
      <object_component id="oc-191">
         <name>.debug_info</name>
         <load_address>0xccb7</load_address>
         <run_address>0xccb7</run_address>
         <size>0x1f9</size>
         <input_file_ref idref="fl-e8"/>
      </object_component>
      <object_component id="oc-1c0">
         <name>.debug_info</name>
         <load_address>0xceb0</load_address>
         <run_address>0xceb0</run_address>
         <size>0x222</size>
         <input_file_ref idref="fl-e8"/>
      </object_component>
      <object_component id="oc-18b">
         <name>.debug_info</name>
         <load_address>0xd0d2</load_address>
         <run_address>0xd0d2</run_address>
         <size>0x1cc</size>
         <input_file_ref idref="fl-e8"/>
      </object_component>
      <object_component id="oc-ff">
         <name>.debug_info</name>
         <load_address>0xd29e</load_address>
         <run_address>0xd29e</run_address>
         <size>0x28f</size>
         <input_file_ref idref="fl-e8"/>
      </object_component>
      <object_component id="oc-17a">
         <name>.debug_info</name>
         <load_address>0xd52d</load_address>
         <run_address>0xd52d</run_address>
         <size>0x1cb</size>
         <input_file_ref idref="fl-e8"/>
      </object_component>
      <object_component id="oc-17f">
         <name>.debug_info</name>
         <load_address>0xd6f8</load_address>
         <run_address>0xd6f8</run_address>
         <size>0x1e0</size>
         <input_file_ref idref="fl-e8"/>
      </object_component>
      <object_component id="oc-116">
         <name>.debug_info</name>
         <load_address>0xd8d8</load_address>
         <run_address>0xd8d8</run_address>
         <size>0x16b</size>
         <input_file_ref idref="fl-e9"/>
      </object_component>
      <object_component id="oc-110">
         <name>.debug_info</name>
         <load_address>0xda43</load_address>
         <run_address>0xda43</run_address>
         <size>0x18d</size>
         <input_file_ref idref="fl-e9"/>
      </object_component>
      <object_component id="oc-10a">
         <name>.debug_info</name>
         <load_address>0xdbd0</load_address>
         <run_address>0xdbd0</run_address>
         <size>0x1a4</size>
         <input_file_ref idref="fl-e9"/>
      </object_component>
      <object_component id="oc-d9">
         <name>.debug_info</name>
         <load_address>0xdd74</load_address>
         <run_address>0xdd74</run_address>
         <size>0x176</size>
         <input_file_ref idref="fl-e9"/>
      </object_component>
      <object_component id="oc-1c6">
         <name>.debug_info</name>
         <load_address>0xdeea</load_address>
         <run_address>0xdeea</run_address>
         <size>0x268</size>
         <input_file_ref idref="fl-eb"/>
      </object_component>
      <object_component id="oc-24d">
         <name>.debug_info</name>
         <load_address>0xe152</load_address>
         <run_address>0xe152</run_address>
         <size>0x18a</size>
         <input_file_ref idref="fl-eb"/>
      </object_component>
      <object_component id="oc-247">
         <name>.debug_info</name>
         <load_address>0xe2dc</load_address>
         <run_address>0xe2dc</run_address>
         <size>0x18c</size>
         <input_file_ref idref="fl-eb"/>
      </object_component>
      <object_component id="oc-1d8">
         <name>.debug_info</name>
         <load_address>0xe468</load_address>
         <run_address>0xe468</run_address>
         <size>0x196</size>
         <input_file_ref idref="fl-eb"/>
      </object_component>
      <object_component id="oc-1de">
         <name>.debug_info</name>
         <load_address>0xe5fe</load_address>
         <run_address>0xe5fe</run_address>
         <size>0x1a6</size>
         <input_file_ref idref="fl-eb"/>
      </object_component>
      <object_component id="oc-1cc">
         <name>.debug_info</name>
         <load_address>0xe7a4</load_address>
         <run_address>0xe7a4</run_address>
         <size>0x1b7</size>
         <input_file_ref idref="fl-eb"/>
      </object_component>
      <object_component id="oc-168">
         <name>.debug_info</name>
         <load_address>0xe95b</load_address>
         <run_address>0xe95b</run_address>
         <size>0x15a</size>
         <input_file_ref idref="fl-ed"/>
      </object_component>
      <object_component id="oc-351">
         <name>.debug_info</name>
         <load_address>0xeab5</load_address>
         <run_address>0xeab5</run_address>
         <size>0xa8</size>
      </object_component>
      <object_component id="oc-217">
         <name>.debug_line</name>
         <load_address>0x0</load_address>
         <run_address>0x0</run_address>
         <size>0x193</size>
         <input_file_ref idref="fl-2"/>
      </object_component>
      <object_component id="oc-219">
         <name>.debug_line</name>
         <load_address>0x193</load_address>
         <run_address>0x193</run_address>
         <size>0x2d</size>
         <input_file_ref idref="fl-2"/>
      </object_component>
      <object_component id="oc-215">
         <name>.debug_line</name>
         <load_address>0x1c0</load_address>
         <run_address>0x1c0</run_address>
         <size>0x2d</size>
         <input_file_ref idref="fl-2"/>
      </object_component>
      <object_component id="oc-ac">
         <name>.debug_line</name>
         <load_address>0x1ed</load_address>
         <run_address>0x1ed</run_address>
         <size>0x125</size>
         <input_file_ref idref="fl-2"/>
      </object_component>
      <object_component id="oc-21d">
         <name>.debug_line</name>
         <load_address>0x312</load_address>
         <run_address>0x312</run_address>
         <size>0x2d</size>
         <input_file_ref idref="fl-2"/>
      </object_component>
      <object_component id="oc-281">
         <name>.debug_line</name>
         <load_address>0x33f</load_address>
         <run_address>0x33f</run_address>
         <size>0x55</size>
         <input_file_ref idref="fl-2"/>
      </object_component>
      <object_component id="oc-3f">
         <name>.debug_line</name>
         <load_address>0x394</load_address>
         <run_address>0x394</run_address>
         <size>0x20</size>
         <input_file_ref idref="fl-2"/>
      </object_component>
      <object_component id="oc-163">
         <name>.debug_line</name>
         <load_address>0x3b4</load_address>
         <run_address>0x3b4</run_address>
         <size>0x53</size>
         <input_file_ref idref="fl-2"/>
      </object_component>
      <object_component id="oc-1fd">
         <name>.debug_line</name>
         <load_address>0x407</load_address>
         <run_address>0x407</run_address>
         <size>0x65</size>
         <input_file_ref idref="fl-2"/>
      </object_component>
      <object_component id="oc-106">
         <name>.debug_line</name>
         <load_address>0x46c</load_address>
         <run_address>0x46c</run_address>
         <size>0x6f</size>
         <input_file_ref idref="fl-3"/>
      </object_component>
      <object_component id="oc-81">
         <name>.debug_line</name>
         <load_address>0x4db</load_address>
         <run_address>0x4db</run_address>
         <size>0x61</size>
         <input_file_ref idref="fl-4"/>
      </object_component>
      <object_component id="oc-34">
         <name>.debug_line</name>
         <load_address>0x53c</load_address>
         <run_address>0x53c</run_address>
         <size>0x61</size>
         <input_file_ref idref="fl-4"/>
      </object_component>
      <object_component id="oc-2f">
         <name>.debug_line</name>
         <load_address>0x59d</load_address>
         <run_address>0x59d</run_address>
         <size>0xd9</size>
         <input_file_ref idref="fl-4"/>
      </object_component>
      <object_component id="oc-273">
         <name>.debug_line</name>
         <load_address>0x676</load_address>
         <run_address>0x676</run_address>
         <size>0x158</size>
         <input_file_ref idref="fl-6"/>
      </object_component>
      <object_component id="oc-271">
         <name>.debug_line</name>
         <load_address>0x7ce</load_address>
         <run_address>0x7ce</run_address>
         <size>0x30</size>
         <input_file_ref idref="fl-6"/>
      </object_component>
      <object_component id="oc-11f">
         <name>.debug_line</name>
         <load_address>0x7fe</load_address>
         <run_address>0x7fe</run_address>
         <size>0x1aa</size>
         <input_file_ref idref="fl-6"/>
      </object_component>
      <object_component id="oc-202">
         <name>.debug_line</name>
         <load_address>0x9a8</load_address>
         <run_address>0x9a8</run_address>
         <size>0x65</size>
         <input_file_ref idref="fl-6"/>
      </object_component>
      <object_component id="oc-25">
         <name>.debug_line</name>
         <load_address>0xa0d</load_address>
         <run_address>0xa0d</run_address>
         <size>0x4d</size>
         <input_file_ref idref="fl-c1"/>
      </object_component>
      <object_component id="oc-c8">
         <name>.debug_line</name>
         <load_address>0xa5a</load_address>
         <run_address>0xa5a</run_address>
         <size>0x20</size>
         <input_file_ref idref="fl-c2"/>
      </object_component>
      <object_component id="oc-13">
         <name>.debug_line</name>
         <load_address>0xa7a</load_address>
         <run_address>0xa7a</run_address>
         <size>0xa9</size>
         <input_file_ref idref="fl-c2"/>
      </object_component>
      <object_component id="oc-3a">
         <name>.debug_line</name>
         <load_address>0xb23</load_address>
         <run_address>0xb23</run_address>
         <size>0x3a</size>
         <input_file_ref idref="fl-c2"/>
      </object_component>
      <object_component id="oc-85">
         <name>.debug_line</name>
         <load_address>0xb5d</load_address>
         <run_address>0xb5d</run_address>
         <size>0x8a</size>
         <input_file_ref idref="fl-c2"/>
      </object_component>
      <object_component id="oc-8f">
         <name>.debug_line</name>
         <load_address>0xbe7</load_address>
         <run_address>0xbe7</run_address>
         <size>0x8a</size>
         <input_file_ref idref="fl-c3"/>
      </object_component>
      <object_component id="oc-19">
         <name>.debug_line</name>
         <load_address>0xc71</load_address>
         <run_address>0xc71</run_address>
         <size>0x55</size>
         <input_file_ref idref="fl-c3"/>
      </object_component>
      <object_component id="oc-4a">
         <name>.debug_line</name>
         <load_address>0xcc6</load_address>
         <run_address>0xcc6</run_address>
         <size>0x3a</size>
         <input_file_ref idref="fl-c3"/>
      </object_component>
      <object_component id="oc-8c">
         <name>.debug_line</name>
         <load_address>0xd00</load_address>
         <run_address>0xd00</run_address>
         <size>0x8a</size>
         <input_file_ref idref="fl-c3"/>
      </object_component>
      <object_component id="oc-97">
         <name>.debug_line</name>
         <load_address>0xd8a</load_address>
[...]
         <value>0x800</value>
      </symbol>
      <symbol id="sm-8">
         <name>__STACK_END</name>
         <value>0x20040000</value>
      </symbol>
      <symbol id="sm-9">
         <name>__SYSMEM_SIZE</name>
         <value>0x800</value>
      </symbol>
      <symbol id="sm-a">
         <name>__c_args__</name>
         <value>0xffffffff</value>
      </symbol>
      <symbol id="sm-b">
         <name>__TI_pprof_out_hndl</name>
         <value>0xffffffff</value>
      </symbol>
      <symbol id="sm-c">
         <name>__TI_prof_data_start</name>
         <value>0xffffffff</value>
      </symbol>
      <symbol id="sm-d">
         <name>__TI_prof_data_size</name>
         <value>0xffffffff</value>
      </symbol>
      <symbol id="sm-93">
         <name>times</name>
         <value>0x2001d800</value>
      </symbol>
      <symbol id="sm-94">
         <name>main</name>
         <value>0x200059f9</value>
         <object_component_ref idref="oc-a8"/>
      </symbol>
      <symbol id="sm-95">
         <name>times_index</name>
         <value>0x2001d8b8</value>
         <object_component_ref idref="oc-133"/>
      </symbol>
      <symbol id="sm-a2">
         <name>PinMuxConfig</name>
         <value>0x2000657d</value>
         <object_component_ref idref="oc-103"/>
      </symbol>
      <symbol id="sm-c1">
         <name>ResetISR</name>
         <value>0x200075b3</value>
         <object_component_ref idref="oc-2d"/>
      </symbol>
      <symbol id="sm-c2">
         <name>g_pfnVectors</name>
         <value>0x20004000</value>
         <object_component_ref idref="oc-f"/>
      </symbol>
      <symbol id="sm-105">
         <name>GetCmd</name>
         <value>0x20005d23</value>
         <object_component_ref idref="oc-11b"/>
      </symbol>
      <symbol id="sm-106">
         <name>Message</name>
         <value>0x20005cbf</value>
         <object_component_ref idref="oc-11b"/>
      </symbol>
      <symbol id="sm-107">
         <name>Report</name>
         <value>0x20005e61</value>
         <object_component_ref idref="oc-11b"/>
      </symbol>
      <symbol id="sm-108">
         <name>Error</name>
         <value>0x20005ceb</value>
         <object_component_ref idref="oc-11b"/>
      </symbol>
      <symbol id="sm-109">
         <name>InitTerm</name>
         <value>0x20005ca1</value>
         <object_component_ref idref="oc-11b"/>
      </symbol>
      <symbol id="sm-10a">
         <name>ClearTerm</name>
         <value>0x20005ce1</value>
         <object_component_ref idref="oc-11b"/>
      </symbol>
      <symbol id="sm-10b">
         <name>TrimSpace</name>
         <value>0x20005dc9</value>
         <object_component_ref idref="oc-11b"/>
      </symbol>
      <symbol id="sm-11b">
         <name>_c_int00</name>
         <value>0x20007181</value>
         <object_component_ref idref="oc-24"/>
      </symbol>
      <symbol id="sm-11c">
         <name>__stack</name>
         <value>0x2003f800</value>
         <object_component_ref idref="oc-29"/>
      </symbol>
      <symbol id="sm-13a">
         <name>__TI_decompress_lzss</name>
         <value>0x20006e51</value>
         <object_component_ref idref="oc-12"/>
      </symbol>
      <symbol id="sm-151">
         <name>__TI_decompress_none</name>
         <value>0x200075a5</value>
         <object_component_ref idref="oc-18"/>
      </symbol>
      <symbol id="sm-168">
         <name>__TI_zero_init</name>
         <value>0x200075cd</value>
         <object_component_ref idref="oc-1e"/>
      </symbol>
      <symbol id="sm-189">
         <name>C$$EXIT</name>
         <value>0x20006fc5</value>
         <object_component_ref idref="oc-71"/>
      </symbol>
      <symbol id="sm-18a">
         <name>abort</name>
         <value>0x20006fc9</value>
         <object_component_ref idref="oc-71"/>
      </symbol>
      <symbol id="sm-18b">
         <name>exit</name>
         <value>0x20006fd1</value>
         <object_component_ref idref="oc-71"/>
      </symbol>
      <symbol id="sm-18c">
         <name>__TI_dtors_ptr</name>
         <value>0x2001d894</value>
         <object_component_ref idref="oc-b0"/>
      </symbol>
      <symbol id="sm-18d">
         <name>__TI_cleanup_ptr</name>
         <value>0x2001d890</value>
         <object_component_ref idref="oc-b0"/>
      </symbol>
      <symbol id="sm-18e">
         <name>__TI_enable_exit_profile_output</name>
         <value>0x2001d898</value>
         <object_component_ref idref="oc-b0"/>
      </symbol>
      <symbol id="sm-1a9">
         <name>memcpy</name>
         <value>0x20006921</value>
         <object_component_ref idref="oc-41"/>
      </symbol>
      <symbol id="sm-1aa">
         <name>__aeabi_memcpy</name>
         <value>0x20006921</value>
         <object_component_ref idref="oc-41"/>
      </symbol>
      <symbol id="sm-1ab">
         <name>__aeabi_memcpy8</name>
         <value>0x20006921</value>
         <object_component_ref idref="oc-41"/>
      </symbol>
      <symbol id="sm-1ac">
         <name>__aeabi_memcpy4</name>
         <value>0x20006921</value>
         <object_component_ref idref="oc-41"/>
      </symbol>
      <symbol id="sm-1bc">
         <name>memmove</name>
         <value>0x20007361</value>
         <object_component_ref idref="oc-1e9"/>
      </symbol>
      <symbol id="sm-230">
         <name>_sys_memory</name>
         <value>0x2001d000</value>
         <object_component_ref idref="oc-2a"/>
      </symbol>
      <symbol id="sm-231">
         <name>free</name>
         <value>0x2000560b</value>
         <object_component_ref idref="oc-1ef"/>
      </symbol>
      <symbol id="sm-232">
         <name>realloc</name>
         <value>0x200056cd</value>
         <object_component_ref idref="oc-1ef"/>
      </symbol>
      <symbol id="sm-233">
         <name>memalign</name>
         <value>0x200057d5</value>
         <object_component_ref idref="oc-1ef"/>
      </symbol>
      <symbol id="sm-234">
         <name>calloc</name>
         <value>0x200058c1</value>
         <object_component_ref idref="oc-1ef"/>
      </symbol>
      <symbol id="sm-235">
         <name>malloc</name>
         <value>0x200055a1</value>
         <object_component_ref idref="oc-1ef"/>
      </symbol>
      <symbol id="sm-236">
         <name>minit</name>
         <value>0x20005521</value>
         <object_component_ref idref="oc-1ef"/>
      </symbol>
      <symbol id="sm-245">
         <name>__aeabi_memset</name>
         <value>0x20006cf1</value>
         <object_component_ref idref="oc-4d"/>
      </symbol>
      <symbol id="sm-246">
         <name>memset</name>
         <value>0x20006cf7</value>
         <object_component_ref idref="oc-4d"/>
      </symbol>
      <symbol id="sm-247">
         <name>__aeabi_memset8</name>
         <value>0x20006cf1</value>
         <object_component_ref idref="oc-4d"/>
      </symbol>
      <symbol id="sm-248">
         <name>__aeabi_memset4</name>
         <value>0x20006cf1</value>
         <object_component_ref idref="oc-4d"/>
      </symbol>
      <symbol id="sm-249">
         <name>__aeabi_memclr8</name>
         <value>0x20006cef</value>
         <object_component_ref idref="oc-4d"/>
      </symbol>
      <symbol id="sm-24a">
         <name>__aeabi_memclr4</name>
         <value>0x20006cef</value>
         <object_component_ref idref="oc-4d"/>
      </symbol>
      <symbol id="sm-24b">
         <name>__aeabi_memclr</name>
         <value>0x20006cef</value>
         <object_component_ref idref="oc-4d"/>
      </symbol>
      <symbol id="sm-255">
         <name>__mpu_init</name>
         <value>0x200062cb</value>
         <object_component_ref idref="oc-59"/>
      </symbol>
      <symbol id="sm-25f">
         <name>_system_pre_init</name>
         <value>0x200075f1</value>
         <object_component_ref idref="oc-5f"/>
      </symbol>
      <symbol id="sm-267">
         <name>main_func_sp</name>
         <value>0x2001d8c0</value>
         <object_component_ref idref="oc-77"/>
      </symbol>
      <symbol id="sm-275">
         <name>strlen</name>
         <value>0x20007581</value>
         <object_component_ref idref="oc-1e3"/>
      </symbol>
      <symbol id="sm-296">
         <name>vsnprintf</name>
         <value>0x20006ad9</value>
         <object_component_ref idref="oc-1d1"/>
      </symbol>
      <symbol id="sm-2af">
         <name>_nop</name>
         <value>0x2000757b</value>
         <object_component_ref idref="oc-146"/>
      </symbol>
      <symbol id="sm-2b0">
         <name>_lock</name>
         <value>0x2001d8a8</value>
         <object_component_ref idref="oc-b3"/>
      </symbol>
      <symbol id="sm-2b1">
         <name>_unlock</name>
         <value>0x2001d8ac</value>
         <object_component_ref idref="oc-b3"/>
      </symbol>
      <symbol id="sm-2b2">
         <name>_register_lock</name>
         <value>0x20007573</value>
         <object_component_ref idref="oc-146"/>
      </symbol>
      <symbol id="sm-2b3">
         <name>_register_unlock</name>
         <value>0x2000756d</value>
         <object_component_ref idref="oc-146"/>
      </symbol>
      <symbol id="sm-3b4">
         <name>__TI_printfi</name>
         <value>0x20004c35</value>
         <object_component_ref idref="oc-254"/>
      </symbol>
      <symbol id="sm-3c8">
         <name>_args_main</name>
         <value>0x200074d5</value>
         <object_component_ref idref="oc-6b"/>
      </symbol>
      <symbol id="sm-3de">
         <name>atoi</name>
         <value>0x20007019</value>
         <object_component_ref idref="oc-2ca"/>
      </symbol>
      <symbol id="sm-408">
         <name>__TI_auto_init</name>
         <value>0x20006de1</value>
         <object_component_ref idref="oc-65"/>
      </symbol>
      <symbol id="sm-422">
         <name>copy_in</name>
         <value>0x20007065</value>
         <object_component_ref idref="oc-9a"/>
      </symbol>
      <symbol id="sm-42d">
         <name>_ctypes_</name>
         <value>0x200075f4</value>
         <object_component_ref idref="oc-30a"/>
      </symbol>
      <symbol id="sm-444">
         <name>__aeabi_dsub</name>
         <value>0x20006115</value>
         <object_component_ref idref="oc-2b3"/>
      </symbol>
      <symbol id="sm-445">
         <name>__aeabi_dadd</name>
         <value>0x2000611f</value>
         <object_component_ref idref="oc-2b3"/>
      </symbol>
      <symbol id="sm-467">
         <name>__aeabi_cdcmpeq</name>
         <value>0x20006b61</value>
         <object_component_ref idref="oc-28f"/>
      </symbol>
      <symbol id="sm-468">
         <name>__aeabi_cdcmple</name>
         <value>0x20006b61</value>
         <object_component_ref idref="oc-28f"/>
      </symbol>
      <symbol id="sm-469">
         <name>__aeabi_cdrcmple</name>
         <value>0x20006be7</value>
         <object_component_ref idref="oc-29e"/>
      </symbol>
      <symbol id="sm-47d">
         <name>__aeabi_ddiv</name>
         <value>0x20006445</value>
         <object_component_ref idref="oc-299"/>
      </symbol>
      <symbol id="sm-488">
         <name>__aeabi_dmul</name>
         <value>0x200066ad</value>
         <object_component_ref idref="oc-294"/>
      </symbol>
      <symbol id="sm-492">
         <name>__aeabi_d2iz</name>
         <value>0x200070f9</value>
         <object_component_ref idref="oc-2a3"/>
      </symbol>
      <symbol id="sm-49c">
         <name>__aeabi_i2d</name>
         <value>0x20007295</value>
         <object_component_ref idref="oc-2ae"/>
      </symbol>
      <symbol id="sm-4ab">
         <name>ltoa</name>
         <value>0x20006f6d</value>
         <object_component_ref idref="oc-2a8"/>
      </symbol>
      <symbol id="sm-4bb">
         <name>memccpy</name>
         <value>0x20007421</value>
         <object_component_ref idref="oc-2d0"/>
      </symbol>
      <symbol id="sm-4d6">
         <name>frexpl</name>
         <value>0x20006eb9</value>
         <object_component_ref idref="oc-2b8"/>
      </symbol>
      <symbol id="sm-4d7">
         <name>frexp</name>
         <value>0x20006eb9</value>
         <object_component_ref idref="oc-2b8"/>
      </symbol>
      <symbol id="sm-4f5">
         <name>scalbn</name>
         <value>0x200067a9</value>
         <object_component_ref idref="oc-2be"/>
      </symbol>
      <symbol id="sm-4f6">
         <name>scalbnl</name>
         <value>0x200067a9</value>
         <object_component_ref idref="oc-2be"/>
      </symbol>
      <symbol id="sm-4f7">
         <name>ldexpl</name>
         <value>0x200067a9</value>
         <object_component_ref idref="oc-2be"/>
      </symbol>
      <symbol id="sm-4f8">
         <name>ldexp</name>
         <value>0x200067a9</value>
         <object_component_ref idref="oc-2be"/>
      </symbol>
      <symbol id="sm-502">
         <name>_system_post_cinit</name>
         <value>0x2000657b</value>
         <object_component_ref idref="oc-a0"/>
      </symbol>
      <symbol id="sm-512">
         <name>strchr</name>
         <value>0x20007519</value>
         <object_component_ref idref="oc-2c4"/>
      </symbol>
      <symbol id="sm-52e">
         <name>__aeabi_uldivmod</name>
         <value>0x20005f21</value>
         <object_component_ref idref="oc-28a"/>
      </symbol>
      <symbol id="sm-536">
         <name>errno</name>
         <value>0x2001d8bc</value>
         <object_component_ref idref="oc-303"/>
      </symbol>
      <symbol id="sm-540">
         <name>copysign</name>
         <value>0x200075e3</value>
         <object_component_ref idref="oc-2fd"/>
      </symbol>
      <symbol id="sm-541">
         <name>copysignl</name>
         <value>0x200075e3</value>
         <object_component_ref idref="oc-2fd"/>
      </symbol>
      <symbol id="sm-591">
         <name>GPIOIntRegister</name>
         <value>0x200073c9</value>
         <object_component_ref idref="oc-121"/>
      </symbol>
      <symbol id="sm-592">
         <name>GPIOIntEnable</name>
         <value>0x2000743d</value>
         <object_component_ref idref="oc-12d"/>
      </symbol>
      <symbol id="sm-593">
         <name>GPIOIntTypeSet</name>
         <value>0x20006c6d</value>
         <object_component_ref idref="oc-127"/>
      </symbol>
      <symbol id="sm-594">
         <name>GPIOIntClear</name>
         <value>0x20007543</value>
         <object_component_ref idref="oc-e5"/>
      </symbol>
      <symbol id="sm-595">
         <name>GPIOIntStatus</name>
         <value>0x20007385</value>
         <object_component_ref idref="oc-df"/>
      </symbol>
      <symbol id="sm-596">
         <name>GPIODirModeSet</name>
         <value>0x200071fd</value>
         <object_component_ref idref="oc-1a3"/>
      </symbol>
      <symbol id="sm-5ec">
         <name>IntVTableBaseSet</name>
         <value>0x20007559</value>
         <object_component_ref idref="oc-eb"/>
      </symbol>
      <symbol id="sm-5ed">
         <name>IntEnable</name>
         <value>0x20006879</value>
         <object_component_ref idref="oc-f7"/>
      </symbol>
      <symbol id="sm-5ee">
         <name>IntRegister</name>
         <value>0x200073a9</value>
         <object_component_ref idref="oc-20a"/>
      </symbol>
      <symbol id="sm-5ef">
         <name>IntUnregister</name>
         <value>0x20007319</value>
         <object_component_ref idref="oc-1b7"/>
      </symbol>
      <symbol id="sm-5f0">
         <name>IntMasterEnable</name>
         <value>0x200075d9</value>
         <object_component_ref idref="oc-f1"/>
      </symbol>
      <symbol id="sm-62f">
         <name>PinTypeUART</name>
         <value>0x20007471</value>
         <object_component_ref idref="oc-1af"/>
      </symbol>
      <symbol id="sm-630">
         <name>PinTypeGPIO</name>
         <value>0x20007233</value>
         <object_component_ref idref="oc-19d"/>
      </symbol>
      <symbol id="sm-631">
         <name>PinConfigSet</name>
         <value>0x20006a51</value>
         <object_component_ref idref="oc-234"/>
      </symbol>
      <symbol id="sm-632">
         <name>PinTypeSPI</name>
         <value>0x20007457</value>
         <object_component_ref idref="oc-1a9"/>
      </symbol>
      <symbol id="sm-633">
         <name>PinModeSet</name>
         <value>0x20007141</value>
         <object_component_ref idref="oc-197"/>
      </symbol>
      <symbol id="sm-6b9">
         <name>PRCMPeripheralReset</name>
         <value>0x20006f15</value>
         <object_component_ref idref="oc-18a"/>
      </symbol>
      <symbol id="sm-6ba">
         <name>PRCMPeripheralClkEnable</name>
         <value>0x200071c1</value>
         <object_component_ref idref="oc-184"/>
      </symbol>
      <symbol id="sm-6bb">
         <name>PRCMPeripheralClockGet</name>
         <value>0x200069bd</value>
         <object_component_ref idref="oc-1bf"/>
      </symbol>
      <symbol id="sm-6bc">
         <name>PRCMCC3200MCUInit</name>
         <value>0x200062cd</value>
         <object_component_ref idref="oc-fd"/>
      </symbol>
      <symbol id="sm-6bd">
         <name>PRCMHIBRegWrite</name>
         <value>0x20007503</value>
         <object_component_ref idref="oc-17e"/>
      </symbol>
      <symbol id="sm-6be">
         <name>PRCMSysResetCauseGet</name>
         <value>0x200072c5</value>
         <object_component_ref idref="oc-172"/>
      </symbol>
      <symbol id="sm-6bf">
         <name>PRCMPeripheralClkDisable</name>
         <value>0x200072f1</value>
         <object_component_ref idref="oc-190"/>
      </symbol>
      <symbol id="sm-6c0">
         <name>PRCMHIBRegRead</name>
         <value>0x200074ed</value>
         <object_component_ref idref="oc-178"/>
      </symbol>
      <symbol id="sm-6ea">
         <name>SysTickEnable</name>
         <value>0x20007595</value>
         <object_component_ref idref="oc-115"/>
      </symbol>
      <symbol id="sm-6eb">
         <name>SysTickValueGet</name>
         <value>0x200075c1</value>
         <object_component_ref idref="oc-d8"/>
      </symbol>
      <symbol id="sm-6ec">
         <name>SysTickIntUnregister</name>
         <value>0x2000748d</value>
         <object_component_ref idref="oc-10f"/>
      </symbol>
      <symbol id="sm-6ed">
         <name>SysTickPeriodSet</name>
         <value>0x200074a5</value>
         <object_component_ref idref="oc-109"/>
      </symbol>
      <symbol id="sm-72a">
         <name>UARTConfigSetExpClk</name>
         <value>0x20006d69</value>
         <object_component_ref idref="oc-1c5"/>
      </symbol>
      <symbol id="sm-72b">
         <name>UARTDisable</name>
         <value>0x20007265</value>
         <object_component_ref idref="oc-246"/>
      </symbol>
      <symbol id="sm-72c">
         <name>UARTCharsAvail</name>
         <value>0x200074bd</value>
         <object_component_ref idref="oc-1d7"/>
      </symbol>
      <symbol id="sm-72d">
         <name>UARTCharGetNonBlocking</name>
         <value>0x20007405</value>
         <object_component_ref idref="oc-1dd"/>
      </symbol>
      <symbol id="sm-72e">
         <name>UARTCharPut</name>
         <value>0x200073e7</value>
         <object_component_ref idref="oc-1cb"/>
      </symbol>
      <symbol id="sm-72f">
         <name>UARTEnable</name>
         <value>0x2000733d</value>
         <object_component_ref idref="oc-24c"/>
      </symbol>
      <symbol id="sm-733">
         <name>UtilsDelay</name>
         <value>0x200075eb</value>
         <object_component_ref idref="oc-de"/>
      </symbol>
      <symbol id="sm-73d">
         <name>CPUcpsie</name>
         <value>0x2000752f</value>
         <object_component_ref idref="oc-167"/>
      </symbol>
      <symbol id="sm-73f">
         <name>__TI_static_base__</name>
         <value>0x20007920</value>
      </symbol>
      <symbol id="sm-742">
         <name>SHT$$INIT_ARRAY$$Limit</name>
         <value>0x0</value>
      </symbol>
      <symbol id="sm-743">
         <name>SHT$$INIT_ARRAY$$Base</name>
         <value>0x0</value>
      </symbol>
   </symbol_table>
   <title>Link successful</title>
</link_info>
