<?xml version="1.0"?>
<link_info>
   <banner>TI ARM Linker PC v16.9.0.LTS</banner>
   <copyright>Copyright (c) 1996-2015 Texas Instruments Incorporated</copyright>
   <link_time>0x6271c979</link_time>
   <link_errors>0x0</link_errors>
   <output_file>EXBoard2.out</output_file>
   <entry_point>
      <name>_c_int00</name>
      <address>0x20009671</address>
   </entry_point>
   <input_file_list>
      <input_file id="fl-2">
         <path>.\</path>
         <kind>object</kind>
         <file>Adafruit_GFX.obj</file>
         <name>Adafruit_GFX.obj</name>
      </input_file>
      <input_file id="fl-3">
         <path>.\</path>
         <kind>object</kind>
         <file>Adafruit_OLED.obj</file>
         <name>Adafruit_OLED.obj</name>
      </input_file>
      <input_file id="fl-4">
         <path>.\</path>
         <kind>object</kind>
         <file>main.obj</file>
         <name>main.obj</name>
      </input_file>
      <input_file id="fl-5">
         <path>.\</path>
         <kind>object</kind>
         <file>pin_mux_config.obj</file>
         <name>pin_mux_config.obj</name>
      </input_file>
      <input_file id="fl-6">
         <path>.\</path>
         <kind>object</kind>
         <file>startup_ccs.obj</file>
         <name>startup_ccs.obj</name>
      </input_file>
      <input_file id="fl-7">
         <path>.\</path>
         <kind>object</kind>
         <file>test.obj</file>
         <name>test.obj</name>
      </input_file>
      <input_file id="fl-8">
         <path>.\</path>
         <kind>object</kind>
         <file>timer_if.obj</file>
         <name>timer_if.obj</name>
      </input_file>
      <input_file id="fl-9">
         <path>.\</path>
         <kind>object</kind>
         <file>uart_if.obj</file>
         <name>uart_if.obj</name>
      </input_file>
      <input_file id="fl-c4">
         <path>C:\ti\ccsv7\tools\compiler\ti-cgt-arm_16.9.0.LTS\lib\</path>
         <kind>archive</kind>
         <file>rtsv7M4_T_le_eabi.lib</file>
         <name>boot.obj</name>
      </input_file>
      <input_file id="fl-c5">
         <path>C:\ti\ccsv7\tools\compiler\ti-cgt-arm_16.9.0.LTS\lib\</path>
         <kind>archive</kind>
         <file>rtsv7M4_T_le_eabi.lib</file>
         <name>copy_decompress_lzss.obj</name>
      </input_file>
      <input_file id="fl-c6">
         <path>C:\ti\ccsv7\tools\compiler\ti-cgt-arm_16.9.0.LTS\lib\</path>
         <kind>archive</kind>
         <file>rtsv7M4_T_le_eabi.lib</file>
         <name>copy_decompress_none.obj</name>
      </input_file>
      <input_file id="fl-c7">
         <path>C:\ti\ccsv7\tools\compiler\ti-cgt-arm_16.9.0.LTS\lib\</path>
         <kind>archive</kind>
         <file>rtsv7M4_T_le_eabi.lib</file>
         <name>copy_zero_init.obj</name>
      </input_file>
      <input_file id="fl-c8">
         <path>C:\ti\ccsv7\tools\compiler\ti-cgt-arm_16.9.0.LTS\lib\</path>
         <kind>archive</kind>
         <file>rtsv7M4_T_le_eabi.lib</file>
         <name>exit.obj</name>
      </input_file>
      <input_file id="fl-c9">
         <path>C:\ti\ccsv7\tools\compiler\ti-cgt-arm_16.9.0.LTS\lib\</path>
         <kind>archive</kind>
         <file>rtsv7M4_T_le_eabi.lib</file>
         <name>memcpy_t2.obj</name>
      </input_file>
      <input_file id="fl-ca">
         <path>C:\ti\ccsv7\tools\compiler\ti-cgt-arm_16.9.0.LTS\lib\</path>
         <kind>archive</kind>
         <file>rtsv7M4_T_le_eabi.lib</file>
         <name>memmov.obj</name>
      </input_file>
      <input_file id="fl-cb">
         <path>C:\ti\ccsv7\tools\compiler\ti-cgt-arm_16.9.0.LTS\lib\</path>
         <kind>archive</kind>
         <file>rtsv7M4_T_le_eabi.lib</file>
         <name>memory.obj</name>
      </input_file>
      <input_file id="fl-cc">
         <path>C:\ti\ccsv7\tools\compiler\ti-cgt-arm_16.9.0.LTS\lib\</path>
         <kind>archive</kind>
         <file>rtsv7M4_T_le_eabi.lib</file>
         <name>memset_t2.obj</name>
      </input_file>
      <input_file id="fl-cd">
         <path>C:\ti\ccsv7\tools\compiler\ti-cgt-arm_16.9.0.LTS\lib\</path>
         <kind>archive</kind>
         <file>rtsv7M4_T_le_eabi.lib</file>
         <name>mpu_init.obj</name>
      </input_file>
      <input_file id="fl-ce">
         <path>C:\ti\ccsv7\tools\compiler\ti-cgt-arm_16.9.0.LTS\lib\</path>
         <kind>archive</kind>
         <file>rtsv7M4_T_le_eabi.lib</file>
         <name>pre_init.obj</name>
      </input_file>
      <input_file id="fl-cf">
         <path>C:\ti\ccsv7\tools\compiler\ti-cgt-arm_16.9.0.LTS\lib\</path>
         <kind>archive</kind>
         <file>rtsv7M4_T_le_eabi.lib</file>
         <name>stkdepth_vars.obj</name>
      </input_file>
      <input_file id="fl-d0">
         <path>C:\ti\ccsv7\tools\compiler\ti-cgt-arm_16.9.0.LTS\lib\</path>
         <kind>archive</kind>
         <file>rtsv7M4_T_le_eabi.lib</file>
         <name>strlen.obj</name>
      </input_file>
      <input_file id="fl-d1">
         <path>C:\ti\ccsv7\tools\compiler\ti-cgt-arm_16.9.0.LTS\lib\</path>
         <kind>archive</kind>
         <file>rtsv7M4_T_le_eabi.lib</file>
         <name>vsnprintf.obj</name>
      </input_file>
      <input_file id="fl-d2">
         <path>C:\ti\ccsv7\tools\compiler\ti-cgt-arm_16.9.0.LTS\lib\</path>
         <kind>archive</kind>
         <file>rtsv7M4_T_le_eabi.lib</file>
         <name>_lock.obj</name>
      </input_file>
      <input_file id="fl-d3">
         <path>C:\ti\ccsv7\tools\compiler\ti-cgt-arm_16.9.0.LTS\lib\</path>
         <kind>archive</kind>
         <file>rtsv7M4_T_le_eabi.lib</file>
         <name>_printfi.obj</name>
      </input_file>
      <input_file id="fl-d4">
         <path>C:\ti\ccsv7\tools\compiler\ti-cgt-arm_16.9.0.LTS\lib\</path>
         <kind>archive</kind>
         <file>rtsv7M4_T_le_eabi.lib</file>
         <name>args_main.obj</name>
      </input_file>
      <input_file id="fl-d5">
         <path>C:\ti\ccsv7\tools\compiler\ti-cgt-arm_16.9.0.LTS\lib\</path>
         <kind>archive</kind>
         <file>rtsv7M4_T_le_eabi.lib</file>
         <name>atoi.obj</name>
      </input_file>
      <input_file id="fl-d6">
         <path>C:\ti\ccsv7\tools\compiler\ti-cgt-arm_16.9.0.LTS\lib\</path>
         <kind>archive</kind>
         <file>rtsv7M4_T_le_eabi.lib</file>
         <name>autoinit.obj</name>
      </input_file>
      <input_file id="fl-d7">
         <path>C:\ti\ccsv7\tools\compiler\ti-cgt-arm_16.9.0.LTS\lib\</path>
         <kind>archive</kind>
         <file>rtsv7M4_T_le_eabi.lib</file>
         <name>cpy_tbl.obj</name>
      </input_file>
      <input_file id="fl-d8">
         <path>C:\ti\ccsv7\tools\compiler\ti-cgt-arm_16.9.0.LTS\lib\</path>
         <kind>archive</kind>
         <file>rtsv7M4_T_le_eabi.lib</file>
         <name>ctype.obj</name>
      </input_file>
      <input_file id="fl-d9">
         <path>C:\ti\ccsv7\tools\compiler\ti-cgt-arm_16.9.0.LTS\lib\</path>
         <kind>archive</kind>
         <file>rtsv7M4_T_le_eabi.lib</file>
         <name>fd_add_t2.obj</name>
      </input_file>
      <input_file id="fl-da">
         <path>C:\ti\ccsv7\tools\compiler\ti-cgt-arm_16.9.0.LTS\lib\</path>
         <kind>archive</kind>
         <file>rtsv7M4_T_le_eabi.lib</file>
         <name>fd_cmp_t2.obj</name>
      </input_file>
      <input_file id="fl-db">
         <path>C:\ti\ccsv7\tools\compiler\ti-cgt-arm_16.9.0.LTS\lib\</path>
         <kind>archive</kind>
         <file>rtsv7M4_T_le_eabi.lib</file>
         <name>fd_div_t2.obj</name>
      </input_file>
      <input_file id="fl-dc">
         <path>C:\ti\ccsv7\tools\compiler\ti-cgt-arm_16.9.0.LTS\lib\</path>
         <kind>archive</kind>
         <file>rtsv7M4_T_le_eabi.lib</file>
         <name>fd_mul_t2.obj</name>
      </input_file>
      <input_file id="fl-dd">
         <path>C:\ti\ccsv7\tools\compiler\ti-cgt-arm_16.9.0.LTS\lib\</path>
         <kind>archive</kind>
         <file>rtsv7M4_T_le_eabi.lib</file>
         <name>fd_toi_t2.obj</name>
      </input_file>
      <input_file id="fl-de">
         <path>C:\ti\ccsv7\tools\compiler\ti-cgt-arm_16.9.0.LTS\lib\</path>
         <kind>archive</kind>
         <file>rtsv7M4_T_le_eabi.lib</file>
         <name>i_tofd_t2.obj</name>
      </input_file>
      <input_file id="fl-df">
         <path>C:\ti\ccsv7\tools\compiler\ti-cgt-arm_16.9.0.LTS\lib\</path>
         <kind>archive</kind>
         <file>rtsv7M4_T_le_eabi.lib</file>
         <name>ltoa.obj</name>
      </input_file>
      <input_file id="fl-e0">
         <path>C:\ti\ccsv7\tools\compiler\ti-cgt-arm_16.9.0.LTS\lib\</path>
         <kind>archive</kind>
         <file>rtsv7M4_T_le_eabi.lib</file>
         <name>memccpy.obj</name>
      </input_file>
      <input_file id="fl-e1">
         <path>C:\ti\ccsv7\tools\compiler\ti-cgt-arm_16.9.0.LTS\lib\</path>
         <kind>archive</kind>
         <file>rtsv7M4_T_le_eabi.lib</file>
         <name>s_frexp.obj</name>
      </input_file>
      <input_file id="fl-e2">
         <path>C:\ti\ccsv7\tools\compiler\ti-cgt-arm_16.9.0.LTS\lib\</path>
         <kind>archive</kind>
         <file>rtsv7M4_T_le_eabi.lib</file>
         <name>s_scalbn.obj</name>
      </input_file>
      <input_file id="fl-e3">
         <path>C:\ti\ccsv7\tools\compiler\ti-cgt-arm_16.9.0.LTS\lib\</path>
         <kind>archive</kind>
         <file>rtsv7M4_T_le_eabi.lib</file>
         <name>startup.obj</name>
      </input_file>
      <input_file id="fl-e4">
         <path>C:\ti\ccsv7\tools\compiler\ti-cgt-arm_16.9.0.LTS\lib\</path>
         <kind>archive</kind>
         <file>rtsv7M4_T_le_eabi.lib</file>
         <name>strchr.obj</name>
      </input_file>
      <input_file id="fl-e5">
         <path>C:\ti\ccsv7\tools\compiler\ti-cgt-arm_16.9.0.LTS\lib\</path>
         <kind>archive</kind>
         <file>rtsv7M4_T_le_eabi.lib</file>
         <name>ull_div_t2.obj</name>
      </input_file>
      <input_file id="fl-e6">
         <path>C:\ti\ccsv7\tools\compiler\ti-cgt-arm_16.9.0.LTS\lib\</path>
         <kind>archive</kind>
         <file>rtsv7M4_T_le_eabi.lib</file>
         <name>errno.obj</name>
      </input_file>
      <input_file id="fl-e7">
         <path>C:\ti\ccsv7\tools\compiler\ti-cgt-arm_16.9.0.LTS\lib\</path>
         <kind>archive</kind>
         <file>rtsv7M4_T_le_eabi.lib</file>
         <name>s_copysign.obj</name>
      </input_file>
      <input_file id="fl-e8">
         <path>C:\ti\CC3200SDK_1.2.0\cc3200-sdk\driverlib\ccs\Release\</path>
         <kind>archive</kind>
         <file>driverlib.a</file>
         <name>gpio.obj</name>
      </input_file>
      <input_file id="fl-e9">
         <path>C:\ti\CC3200SDK_1.2.0\cc3200-sdk\driverlib\ccs\Release\</path>
         <kind>archive</kind>
         <file>driverlib.a</file>
         <name>interrupt.obj</name>
      </input_file>
      <input_file id="fl-ea">
         <path>C:\ti\CC3200SDK_1.2.0\cc3200-sdk\driverlib\ccs\Release\</path>
         <kind>archive</kind>
         <file>driverlib.a</file>
         <name>pin.obj</name>
      </input_file>
      <input_file id="fl-eb">
         <path>C:\ti\CC3200SDK_1.2.0\cc3200-sdk\driverlib\ccs\Release\</path>
         <kind>archive</kind>
         <file>driverlib.a</file>
         <name>prcm.obj</name>
      </input_file>
      <input_file id="fl-ec">
         <path>C:\ti\CC3200SDK_1.2.0\cc3200-sdk\driverlib\ccs\Release\</path>
         <kind>archive</kind>
         <file>driverlib.a</file>
         <name>spi.obj</name>
      </input_file>
      <input_file id="fl-ed">
         <path>C:\ti\CC3200SDK_1.2.0\cc3200-sdk\driverlib\ccs\Release\</path>
         <kind>archive</kind>
         <file>driverlib.a</file>
         <name>systick.obj</name>
      </input_file>
      <input_file id="fl-ee">
         <path>C:\ti\CC3200SDK_1.2.0\cc3200-sdk\driverlib\ccs\Release\</path>
         <kind>archive</kind>
         <file>driverlib.a</file>
         <name>timer.obj</name>
      </input_file>
      <input_file id="fl-ef">
         <path>C:\ti\CC3200SDK_1.2.0\cc3200-sdk\driverlib\ccs\Release\</path>
         <kind>archive</kind>
         <file>driverlib.a</file>
         <name>uart.obj</name>
      </input_file>
      <input_file id="fl-f0">
         <path>C:\ti\CC3200SDK_1.2.0\cc3200-sdk\driverlib\ccs\Release\</path>
         <kind>archive</kind>
         <file>driverlib.a</file>
         <name>utils.obj</name>
      </input_file>
      <input_file id="fl-f1">
         <path>C:\ti\CC3200SDK_1.2.0\cc3200-sdk\driverlib\ccs\Release\</path>
         <kind>archive</kind>
         <file>driverlib.a</file>
         <name>cpu.obj</name>
      </input_file>
      <input_file id="fl-f2">
         <path>C:\ti\CC3200SDK_1.2.0\cc3200-sdk\driverlib\ccs\Release\</path>
         <kind>archive</kind>
         <file>driverlib.a</file>
         <name>flash.obj</name>
      </input_file>
   </input_file_list>
   <object_component_list>
      <object_component id="oc-f">
         <name>.intvecs</name>
         <load_address>0x20004000</load_address>
         <run_address>0x20004000</run_address>
         <size>0x400</size>
         <input_file_ref idref="fl-6"/>
      </object_component>
      <object_component id="oc-a8">
         <name>.text</name>
         <load_address>0x20004400</load_address>
         <run_address>0x20004400</run_address>
         <size>0x14a0</size>
         <input_file_ref idref="fl-4"/>
      </object_component>
      <object_component id="oc-366">
         <name>.text</name>
         <load_address>0x200058a0</load_address>
         <run_address>0x200058a0</run_address>
         <size>0x111e</size>
         <input_file_ref idref="fl-d3"/>
      </object_component>
      <object_component id="oc-35c">
         <name>.text:IntDefaultHandler</name>
         <load_address>0x200069be</load_address>
         <run_address>0x200069be</run_address>
         <size>0x2</size>
         <input_file_ref idref="fl-e9"/>
      </object_component>
      <object_component id="oc-109">
         <name>.text</name>
         <load_address>0x200069c0</load_address>
         <run_address>0x200069c0</run_address>
         <size>0xa80</size>
         <input_file_ref idref="fl-2"/>
      </object_component>
      <object_component id="oc-103">
         <name>.text</name>
         <load_address>0x20007440</load_address>
         <run_address>0x20007440</run_address>
         <size>0x4ea</size>
         <input_file_ref idref="fl-3"/>
      </object_component>
      <object_component id="oc-59">
         <name>.text</name>
         <load_address>0x2000792a</load_address>
         <run_address>0x2000792a</run_address>
         <size>0x2</size>
         <input_file_ref idref="fl-cd"/>
      </object_component>
      <object_component id="oc-2c3">
         <name>.text</name>
         <load_address>0x2000792c</load_address>
         <run_address>0x2000792c</run_address>
         <size>0x3d0</size>
         <input_file_ref idref="fl-cb"/>
      </object_component>
      <object_component id="oc-195">
         <name>.text</name>
         <load_address>0x20007cfc</load_address>
         <run_address>0x20007cfc</run_address>
         <size>0x280</size>
         <input_file_ref idref="fl-9"/>
      </object_component>
      <object_component id="oc-3a7">
         <name>.text</name>
         <load_address>0x20007f7c</load_address>
         <run_address>0x20007f7c</run_address>
         <size>0x1f4</size>
         <input_file_ref idref="fl-e5"/>
      </object_component>
      <object_component id="oc-3d0">
         <name>.text</name>
         <load_address>0x20008170</load_address>
         <run_address>0x20008170</run_address>
         <size>0x1b6</size>
         <input_file_ref idref="fl-d9"/>
      </object_component>
      <object_component id="oc-a0">
         <name>.text</name>
         <load_address>0x20008326</load_address>
         <run_address>0x20008326</run_address>
         <size>0x2</size>
         <input_file_ref idref="fl-e3"/>
      </object_component>
      <object_component id="oc-19b">
         <name>.text</name>
         <load_address>0x20008328</load_address>
         <run_address>0x20008328</run_address>
         <size>0x198</size>
         <input_file_ref idref="fl-8"/>
      </object_component>
      <object_component id="oc-ea">
         <name>.text:PRCMCC3200MCUInit</name>
         <load_address>0x200084c0</load_address>
         <run_address>0x200084c0</run_address>
         <size>0x178</size>
         <input_file_ref idref="fl-eb"/>
      </object_component>
      <object_component id="oc-3b6">
         <name>.text</name>
         <load_address>0x20008638</load_address>
         <run_address>0x20008638</run_address>
         <size>0x136</size>
         <input_file_ref idref="fl-db"/>
      </object_component>
      <object_component id="oc-13b">
         <name>.text</name>
         <load_address>0x20008770</load_address>
         <run_address>0x20008770</run_address>
         <size>0x130</size>
         <input_file_ref idref="fl-5"/>
      </object_component>
      <object_component id="oc-3b1">
         <name>.text</name>
         <load_address>0x200088a0</load_address>
         <run_address>0x200088a0</run_address>
         <size>0xfc</size>
         <input_file_ref idref="fl-dc"/>
      </object_component>
      <object_component id="oc-3db">
         <name>.text</name>
         <load_address>0x2000899c</load_address>
         <run_address>0x2000899c</run_address>
         <size>0xd0</size>
         <input_file_ref idref="fl-e2"/>
      </object_component>
      <object_component id="oc-393">
         <name>.text:IntDisable</name>
         <load_address>0x20008a6c</load_address>
         <run_address>0x20008a6c</run_address>
         <size>0xa8</size>
         <input_file_ref idref="fl-e9"/>
      </object_component>
      <object_component id="oc-e4">
         <name>.text:IntEnable</name>
         <load_address>0x20008b14</load_address>
         <run_address>0x20008b14</run_address>
         <size>0xa8</size>
         <input_file_ref idref="fl-e9"/>
      </object_component>
      <object_component id="oc-238">
         <name>.text:SPIConfigSetExpClk</name>
         <load_address>0x20008bbc</load_address>
         <run_address>0x20008bbc</run_address>
         <size>0xa0</size>
         <input_file_ref idref="fl-ec"/>
      </object_component>
      <object_component id="oc-41">
         <name>.text</name>
         <load_address>0x20008c5c</load_address>
         <run_address>0x20008c5c</run_address>
         <size>0x9c</size>
         <input_file_ref idref="fl-c9"/>
      </object_component>
      <object_component id="oc-232">
         <name>.text:PRCMPeripheralClockGet</name>
         <load_address>0x20008cf8</load_address>
         <run_address>0x20008cf8</run_address>
         <size>0x94</size>
         <input_file_ref idref="fl-eb"/>
      </object_component>
      <object_component id="oc-341">
         <name>.text:PinConfigSet</name>
         <load_address>0x20008d8c</load_address>
         <run_address>0x20008d8c</run_address>
         <size>0x88</size>
         <input_file_ref idref="fl-ea"/>
      </object_component>
      <object_component id="oc-2ab">
         <name>.text</name>
         <load_address>0x20008e14</load_address>
         <run_address>0x20008e14</run_address>
         <size>0x88</size>
         <input_file_ref idref="fl-d1"/>
      </object_component>
      <object_component id="oc-3ac">
         <name>.text:__aeabi_cdcmple</name>
         <load_address>0x20008e9c</load_address>
         <run_address>0x20008e9c</run_address>
         <size>0x86</size>
         <input_file_ref idref="fl-da"/>
      </object_component>
      <object_component id="oc-3bb">
         <name>.text:__aeabi_cdrcmple</name>
         <load_address>0x20008f22</load_address>
         <run_address>0x20008f22</run_address>
         <size>0x86</size>
         <input_file_ref idref="fl-da"/>
      </object_component>
      <object_component id="oc-189">
         <name>.text:GPIOIntTypeSet</name>
         <load_address>0x20008fa8</load_address>
         <run_address>0x20008fa8</run_address>
         <size>0x82</size>
         <input_file_ref idref="fl-e8"/>
      </object_component>
      <object_component id="oc-4d">
         <name>.text</name>
         <load_address>0x2000902a</load_address>
         <run_address>0x2000902a</run_address>
         <size>0x7a</size>
         <input_file_ref idref="fl-cc"/>
      </object_component>
      <object_component id="oc-141">
         <name>.text:UARTConfigSetExpClk</name>
         <load_address>0x200090a4</load_address>
         <run_address>0x200090a4</run_address>
         <size>0x76</size>
         <input_file_ref idref="fl-ef"/>
      </object_component>
      <object_component id="oc-2ea">
         <name>.text:TimerIntRegister</name>
         <load_address>0x2000911c</load_address>
         <run_address>0x2000911c</run_address>
         <size>0x70</size>
         <input_file_ref idref="fl-ee"/>
      </object_component>
      <object_component id="oc-65">
         <name>.text</name>
         <load_address>0x2000918c</load_address>
         <run_address>0x2000918c</run_address>
         <size>0x70</size>
         <input_file_ref idref="fl-d6"/>
      </object_component>
      <object_component id="oc-314">
         <name>.text:TimerIntUnregister</name>
         <load_address>0x200091fc</load_address>
         <run_address>0x200091fc</run_address>
         <size>0x68</size>
         <input_file_ref idref="fl-ee"/>
      </object_component>
      <object_component id="oc-12">
         <name>.text:decompress:lzss</name>
         <load_address>0x20009264</load_address>
         <run_address>0x20009264</run_address>
         <size>0x68</size>
         <input_file_ref idref="fl-c5"/>
      </object_component>
      <object_component id="oc-3d5">
         <name>.text</name>
         <load_address>0x200092cc</load_address>
         <run_address>0x200092cc</run_address>
         <size>0x5c</size>
         <input_file_ref idref="fl-e1"/>
      </object_component>
      <object_component id="oc-16b">
         <name>.text:PRCMPeripheralReset</name>
         <load_address>0x20009328</load_address>
         <run_address>0x20009328</run_address>
         <size>0x58</size>
         <input_file_ref idref="fl-eb"/>
      </object_component>
      <object_component id="oc-3c5">
         <name>.text</name>
         <load_address>0x20009380</load_address>
         <run_address>0x20009380</run_address>
         <size>0x56</size>
         <input_file_ref idref="fl-df"/>
      </object_component>
      <object_component id="oc-2e4">
         <name>.text:IntPrioritySet</name>
         <load_address>0x200093d8</load_address>
         <run_address>0x200093d8</run_address>
         <size>0x54</size>
         <input_file_ref idref="fl-e9"/>
      </object_component>
      <object_component id="oc-71">
         <name>.text</name>
         <load_address>0x2000942c</load_address>
         <run_address>0x2000942c</run_address>
         <size>0x54</size>
         <input_file_ref idref="fl-c8"/>
      </object_component>
      <object_component id="oc-3e7">
         <name>.text</name>
         <load_address>0x20009480</load_address>
         <run_address>0x20009480</run_address>
         <size>0x4c</size>
         <input_file_ref idref="fl-d5"/>
      </object_component>
      <object_component id="oc-9a">
         <name>.text</name>
         <load_address>0x200094cc</load_address>
         <run_address>0x200094cc</run_address>
         <size>0x4c</size>
         <input_file_ref idref="fl-d7"/>
      </object_component>
      <object_component id="oc-2a1">
         <name>.text:GPIOGetIntNumber</name>
         <load_address>0x20009518</load_address>
         <run_address>0x20009518</run_address>
         <size>0x48</size>
         <input_file_ref idref="fl-e8"/>
      </object_component>
      <object_component id="oc-3c0">
         <name>.text</name>
         <load_address>0x20009560</load_address>
         <run_address>0x20009560</run_address>
         <size>0x48</size>
         <input_file_ref idref="fl-dd"/>
      </object_component>
      <object_component id="oc-2d8">
         <name>.text:TimerConfigure</name>
         <load_address>0x200095a8</load_address>
         <run_address>0x200095a8</run_address>
         <size>0x44</size>
         <input_file_ref idref="fl-ee"/>
      </object_component>
      <object_component id="oc-284">
         <name>.text:UARTIntNumberGet</name>
         <load_address>0x200095ec</load_address>
         <run_address>0x200095ec</run_address>
         <size>0x44</size>
         <input_file_ref idref="fl-ef"/>
      </object_component>
      <object_component id="oc-25a">
         <name>.text:PinModeSet</name>
         <load_address>0x20009630</load_address>
         <run_address>0x20009630</run_address>
         <size>0x40</size>
         <input_file_ref idref="fl-ea"/>
      </object_component>
      <object_component id="oc-24">
         <name>.text</name>
         <load_address>0x20009670</load_address>
         <run_address>0x20009670</run_address>
         <size>0x40</size>
         <input_file_ref idref="fl-c4"/>
      </object_component>
      <object_component id="oc-165">
         <name>.text:PRCMPeripheralClkEnable</name>
         <load_address>0x200096b0</load_address>
         <run_address>0x200096b0</run_address>
         <size>0x3c</size>
         <input_file_ref idref="fl-eb"/>
      </object_component>
      <object_component id="oc-266">
         <name>.text:GPIODirModeSet</name>
         <load_address>0x200096ec</load_address>
         <run_address>0x200096ec</run_address>
         <size>0x36</size>
         <input_file_ref idref="fl-e8"/>
      </object_component>
      <object_component id="oc-260">
         <name>.text:PinTypeGPIO</name>
         <load_address>0x20009722</load_address>
         <run_address>0x20009722</run_address>
         <size>0x30</size>
         <input_file_ref idref="fl-ea"/>
      </object_component>
      <object_component id="oc-279">
         <name>.text:UARTDisable</name>
         <load_address>0x20009754</load_address>
         <run_address>0x20009754</run_address>
         <size>0x30</size>
         <input_file_ref idref="fl-ef"/>
      </object_component>
      <object_component id="oc-3cb">
         <name>.text</name>
         <load_address>0x20009784</load_address>
         <run_address>0x20009784</run_address>
         <size>0x2e</size>
         <input_file_ref idref="fl-de"/>
      </object_component>
      <object_component id="oc-1e6">
         <name>.text:PRCMSysResetCauseGet</name>
         <load_address>0x200097b4</load_address>
         <run_address>0x200097b4</run_address>
         <size>0x2c</size>
         <input_file_ref idref="fl-eb"/>
      </object_component>
      <object_component id="oc-302">
         <name>.text:TimerLoadSet</name>
         <load_address>0x200097e0</load_address>
         <run_address>0x200097e0</run_address>
         <size>0x2a</size>
         <input_file_ref idref="fl-ee"/>
      </object_component>
      <object_component id="oc-2de">
         <name>.text:TimerPrescaleSet</name>
         <load_address>0x2000980a</load_address>
         <run_address>0x2000980a</run_address>
         <size>0x2a</size>
         <input_file_ref idref="fl-ee"/>
      </object_component>
      <object_component id="oc-1f8">
         <name>.text:PRCMPeripheralClkDisable</name>
         <load_address>0x20009834</load_address>
         <run_address>0x20009834</run_address>
         <size>0x28</size>
         <input_file_ref idref="fl-eb"/>
      </object_component>
      <object_component id="oc-299">
         <name>.text:IntUnregister</name>
         <load_address>0x2000985c</load_address>
         <run_address>0x2000985c</run_address>
         <size>0x24</size>
         <input_file_ref idref="fl-e9"/>
      </object_component>
      <object_component id="oc-147">
         <name>.text:UARTEnable</name>
         <load_address>0x20009880</load_address>
         <run_address>0x20009880</run_address>
         <size>0x24</size>
         <input_file_ref idref="fl-ef"/>
      </object_component>
      <object_component id="oc-2bd">
         <name>.text</name>
         <load_address>0x200098a4</load_address>
         <run_address>0x200098a4</run_address>
         <size>0x24</size>
         <input_file_ref idref="fl-ca"/>
      </object_component>
      <object_component id="oc-f7">
         <name>.text:GPIOIntStatus</name>
         <load_address>0x200098c8</load_address>
         <run_address>0x200098c8</run_address>
         <size>0x22</size>
         <input_file_ref idref="fl-e8"/>
      </object_component>
      <object_component id="oc-22c">
         <name>.text:SPIReset</name>
         <load_address>0x200098ea</load_address>
         <run_address>0x200098ea</run_address>
         <size>0x22</size>
         <input_file_ref idref="fl-ec"/>
      </object_component>
      <object_component id="oc-1a7">
         <name>.text:TimerValueSet</name>
         <load_address>0x2000990c</load_address>
         <run_address>0x2000990c</run_address>
         <size>0x22</size>
         <input_file_ref idref="fl-ee"/>
      </object_component>
      <object_component id="oc-202">
         <name>.text:GPIOPinWrite</name>
         <load_address>0x2000992e</load_address>
         <run_address>0x2000992e</run_address>
         <size>0x20</size>
         <input_file_ref idref="fl-e8"/>
      </object_component>
      <object_component id="oc-28a">
         <name>.text:IntRegister</name>
         <load_address>0x20009950</load_address>
         <run_address>0x20009950</run_address>
         <size>0x20</size>
         <input_file_ref idref="fl-e9"/>
      </object_component>
      <object_component id="oc-21a">
         <name>.text:SPIDataGet</name>
         <load_address>0x20009970</load_address>
         <run_address>0x20009970</run_address>
         <size>0x20</size>
         <input_file_ref idref="fl-ec"/>
      </object_component>
      <object_component id="oc-183">
         <name>.text:GPIOIntRegister</name>
         <load_address>0x20009990</load_address>
         <run_address>0x20009990</run_address>
         <size>0x1e</size>
         <input_file_ref idref="fl-e8"/>
      </object_component>
      <object_component id="oc-214">
         <name>.text:SPIDataPut</name>
         <load_address>0x200099ae</load_address>
         <run_address>0x200099ae</run_address>
         <size>0x1e</size>
         <input_file_ref idref="fl-ec"/>
      </object_component>
      <object_component id="oc-308">
         <name>.text:TimerDisable</name>
         <load_address>0x200099cc</load_address>
         <run_address>0x200099cc</run_address>
         <size>0x1e</size>
         <input_file_ref idref="fl-ee"/>
      </object_component>
      <object_component id="oc-1a1">
         <name>.text:TimerEnable</name>
         <load_address>0x200099ea</load_address>
         <run_address>0x200099ea</run_address>
         <size>0x1e</size>
         <input_file_ref idref="fl-ee"/>
      </object_component>
      <object_component id="oc-2f6">
         <name>.text:TimerIntStatus</name>
         <load_address>0x20009a08</load_address>
         <run_address>0x20009a08</run_address>
         <size>0x1e</size>
         <input_file_ref idref="fl-ee"/>
      </object_component>
      <object_component id="oc-115">
         <name>.text:UARTCharPut</name>
         <load_address>0x20009a26</load_address>
         <run_address>0x20009a26</run_address>
         <size>0x1e</size>
         <input_file_ref idref="fl-ef"/>
      </object_component>
      <object_component id="oc-15f">
         <name>.text:UARTIntRegister</name>
         <load_address>0x20009a44</load_address>
         <run_address>0x20009a44</run_address>
         <size>0x1e</size>
         <input_file_ref idref="fl-ef"/>
      </object_component>
      <object_component id="oc-1ad">
         <name>.text:TimerValueGet</name>
         <load_address>0x20009a62</load_address>
         <run_address>0x20009a62</run_address>
         <size>0x1c</size>
         <input_file_ref idref="fl-ee"/>
      </object_component>
      <object_component id="oc-2b1">
         <name>.text:UARTCharGetNonBlocking</name>
         <load_address>0x20009a7e</load_address>
         <run_address>0x20009a7e</run_address>
         <size>0x1c</size>
         <input_file_ref idref="fl-ef"/>
      </object_component>
      <object_component id="oc-3ed">
         <name>.text</name>
         <load_address>0x20009a9a</load_address>
         <run_address>0x20009a9a</run_address>
         <size>0x1c</size>
         <input_file_ref idref="fl-e0"/>
      </object_component>
      <object_component id="oc-18f">
         <name>.text:GPIOIntEnable</name>
         <load_address>0x20009ab6</load_address>
         <run_address>0x20009ab6</run_address>
         <size>0x1a</size>
         <input_file_ref idref="fl-e8"/>
      </object_component>
      <object_component id="oc-26c">
         <name>.text:PinTypeSPI</name>
         <load_address>0x20009ad0</load_address>
         <run_address>0x20009ad0</run_address>
         <size>0x1a</size>
         <input_file_ref idref="fl-ea"/>
      </object_component>
      <object_component id="oc-272">
         <name>.text:PinTypeUART</name>
         <load_address>0x20009aea</load_address>
         <run_address>0x20009aea</run_address>
         <size>0x1a</size>
         <input_file_ref idref="fl-ea"/>
      </object_component>
      <object_component id="oc-226">
         <name>.text:SPICSDisable</name>
         <load_address>0x20009b04</load_address>
         <run_address>0x20009b04</run_address>
         <size>0x18</size>
         <input_file_ref idref="fl-ec"/>
      </object_component>
      <object_component id="oc-20e">
         <name>.text:SPICSEnable</name>
         <load_address>0x20009b1c</load_address>
         <run_address>0x20009b1c</run_address>
         <size>0x18</size>
         <input_file_ref idref="fl-ec"/>
      </object_component>
      <object_component id="oc-220">
         <name>.text:SPIDisable</name>
         <load_address>0x20009b34</load_address>
         <run_address>0x20009b34</run_address>
         <size>0x18</size>
         <input_file_ref idref="fl-ec"/>
      </object_component>
      <object_component id="oc-208">
         <name>.text:SPIEnable</name>
         <load_address>0x20009b4c</load_address>
         <run_address>0x20009b4c</run_address>
         <size>0x18</size>
         <input_file_ref idref="fl-ec"/>
      </object_component>
      <object_component id="oc-177">
         <name>.text:SysTickIntUnregister</name>
         <load_address>0x20009b64</load_address>
         <run_address>0x20009b64</run_address>
         <size>0x18</size>
         <input_file_ref idref="fl-ed"/>
      </object_component>
      <object_component id="oc-171">
         <name>.text:SysTickPeriodSet</name>
         <load_address>0x20009b7c</load_address>
         <run_address>0x20009b7c</run_address>
         <size>0x18</size>
         <input_file_ref idref="fl-ed"/>
      </object_component>
      <object_component id="oc-30e">
         <name>.text:TimerIntDisable</name>
         <load_address>0x20009b94</load_address>
         <run_address>0x20009b94</run_address>
         <size>0x18</size>
         <input_file_ref idref="fl-ee"/>
      </object_component>
      <object_component id="oc-2f0">
         <name>.text:TimerIntEnable</name>
         <load_address>0x20009bac</load_address>
         <run_address>0x20009bac</run_address>
         <size>0x18</size>
         <input_file_ref idref="fl-ee"/>
      </object_component>
      <object_component id="oc-10f">
         <name>.text:UARTBusy</name>
         <load_address>0x20009bc4</load_address>
         <run_address>0x20009bc4</run_address>
         <size>0x18</size>
         <input_file_ref idref="fl-ef"/>
      </object_component>
      <object_component id="oc-12b">
         <name>.text:UARTCharsAvail</name>
         <load_address>0x20009bdc</load_address>
         <run_address>0x20009bdc</run_address>
         <size>0x18</size>
         <input_file_ref idref="fl-ef"/>
      </object_component>
      <object_component id="oc-14d">
         <name>.text:UARTDMADisable</name>
         <load_address>0x20009bf4</load_address>
         <run_address>0x20009bf4</run_address>
         <size>0x18</size>
         <input_file_ref idref="fl-ef"/>
      </object_component>
      <object_component id="oc-159">
         <name>.text:UARTIntEnable</name>
         <load_address>0x20009c0c</load_address>
         <run_address>0x20009c0c</run_address>
         <size>0x18</size>
         <input_file_ref idref="fl-ef"/>
      </object_component>
      <object_component id="oc-6b">
         <name>.text</name>
         <load_address>0x20009c24</load_address>
         <run_address>0x20009c24</run_address>
         <size>0x18</size>
         <input_file_ref idref="fl-d4"/>
      </object_component>
      <object_component id="oc-1ec">
         <name>.text:PRCMHIBRegRead</name>
         <load_address>0x20009c3c</load_address>
         <run_address>0x20009c3c</run_address>
         <size>0x16</size>
         <input_file_ref idref="fl-eb"/>
      </object_component>
      <object_component id="oc-1f2">
         <name>.text:PRCMHIBRegWrite</name>
         <load_address>0x20009c52</load_address>
         <run_address>0x20009c52</run_address>
         <size>0x16</size>
         <input_file_ref idref="fl-eb"/>
      </object_component>
      <object_component id="oc-125">
         <name>.text:UARTCharGet</name>
         <load_address>0x20009c68</load_address>
         <run_address>0x20009c68</run_address>
         <size>0x16</size>
         <input_file_ref idref="fl-ef"/>
      </object_component>
      <object_component id="oc-153">
         <name>.text:UARTFIFODisable</name>
         <load_address>0x20009c7e</load_address>
         <run_address>0x20009c7e</run_address>
         <size>0x16</size>
         <input_file_ref idref="fl-ef"/>
      </object_component>
      <object_component id="oc-3e1">
         <name>.text</name>
         <load_address>0x20009c94</load_address>
         <run_address>0x20009c94</run_address>
         <size>0x16</size>
         <input_file_ref idref="fl-e4"/>
      </object_component>
      <object_component id="oc-1d6">
         <name>.text:CPUcpsie</name>
         <load_address>0x20009caa</load_address>
         <run_address>0x20009caa</run_address>
         <size>0x14</size>
         <input_file_ref idref="fl-f1"/>
      </object_component>
      <object_component id="oc-fd">
         <name>.text:GPIOIntClear</name>
         <load_address>0x20009cbe</load_address>
         <run_address>0x20009cbe</run_address>
         <size>0x14</size>
         <input_file_ref idref="fl-e8"/>
      </object_component>
      <object_component id="oc-d8">
         <name>.text:IntVTableBaseSet</name>
         <load_address>0x20009cd4</load_address>
         <run_address>0x20009cd4</run_address>
         <size>0x14</size>
         <input_file_ref idref="fl-e9"/>
      </object_component>
      <object_component id="oc-1bd">
         <name>.text</name>
         <load_address>0x20009ce8</load_address>
         <run_address>0x20009ce8</run_address>
         <size>0x14</size>
         <input_file_ref idref="fl-d2"/>
      </object_component>
      <object_component id="oc-2b7">
         <name>.text</name>
         <load_address>0x20009cfc</load_address>
         <run_address>0x20009cfc</run_address>
         <size>0x14</size>
         <input_file_ref idref="fl-d0"/>
      </object_component>
      <object_component id="oc-2fc">
         <name>.text:TimerIntClear</name>
         <load_address>0x20009d10</load_address>
         <run_address>0x20009d10</run_address>
         <size>0x12</size>
         <input_file_ref idref="fl-ee"/>
      </object_component>
      <object_component id="oc-131">
         <name>.text:UARTIntClear</name>
         <load_address>0x20009d22</load_address>
         <run_address>0x20009d22</run_address>
         <size>0x12</size>
         <input_file_ref idref="fl-ef"/>
      </object_component>
      <object_component id="oc-17d">
         <name>.text:SysTickEnable</name>
         <load_address>0x20009d34</load_address>
         <run_address>0x20009d34</run_address>
         <size>0x10</size>
         <input_file_ref idref="fl-ed"/>
      </object_component>
      <object_component id="oc-18">
         <name>.text:decompress:none</name>
         <load_address>0x20009d44</load_address>
         <run_address>0x20009d44</run_address>
         <size>0xe</size>
         <input_file_ref idref="fl-c6"/>
      </object_component>
      <object_component id="oc-2d">
         <name>.text</name>
         <load_address>0x20009d52</load_address>
         <run_address>0x20009d52</run_address>
         <size>0xe</size>
         <input_file_ref idref="fl-6"/>
      </object_component>
      <object_component id="oc-f0">
         <name>.text:SysTickValueGet</name>
         <load_address>0x20009d60</load_address>
         <run_address>0x20009d60</run_address>
         <size>0xc</size>
         <input_file_ref idref="fl-ed"/>
      </object_component>
      <object_component id="oc-1e">
         <name>.text:decompress:ZI</name>
         <load_address>0x20009d6c</load_address>
         <run_address>0x20009d6c</run_address>
         <size>0xc</size>
         <input_file_ref idref="fl-c7"/>
      </object_component>
      <object_component id="oc-de">
         <name>.text:IntMasterEnable</name>
         <load_address>0x20009d78</load_address>
         <run_address>0x20009d78</run_address>
         <size>0xa</size>
         <input_file_ref idref="fl-e9"/>
      </object_component>
      <object_component id="oc-41f">
         <name>.text</name>
         <load_address>0x20009d82</load_address>
         <run_address>0x20009d82</run_address>
         <size>0x8</size>
         <input_file_ref idref="fl-e7"/>
      </object_component>
      <object_component id="oc-f6">
         <name>.text:UtilsDelay</name>
         <load_address>0x20009d8a</load_address>
         <run_address>0x20009d8a</run_address>
         <size>0x6</size>
         <input_file_ref idref="fl-f0"/>
      </object_component>
      <object_component id="oc-5f">
         <name>.text</name>
         <load_address>0x20009d90</load_address>
         <run_address>0x20009d90</run_address>
         <size>0x4</size>
         <input_file_ref idref="fl-ce"/>
      </object_component>
      <object_component id="oc-240">
         <name>.const:.string:font</name>
         <load_address>0x20009d94</load_address>
         <run_address>0x20009d94</run_address>
         <size>0x4fb</size>
         <input_file_ref idref="fl-2"/>
      </object_component>
      <object_component id="oc-42c">
         <name>.const:.string:_ctypes_</name>
         <load_address>0x2000a28f</load_address>
         <run_address>0x2000a28f</run_address>
         <size>0x101</size>
         <input_file_ref idref="fl-d8"/>
      </object_component>
      <object_component id="oc-33d">
         <name>.const:g_ulPinToPadMap</name>
         <load_address>0x2000a390</load_address>
         <run_address>0x2000a390</run_address>
         <size>0x100</size>
         <input_file_ref idref="fl-ea"/>
      </object_component>
      <object_component id="oc-387">
         <name>.const:g_pulRegs</name>
         <load_address>0x2000a490</load_address>
         <run_address>0x2000a490</run_address>
         <size>0xd4</size>
         <input_file_ref idref="fl-e9"/>
      </object_component>
      <object_component id="oc-292">
         <name>.const:PRCM_PeriphRegsList</name>
         <load_address>0x2000a564</load_address>
         <run_address>0x2000a564</run_address>
         <size>0xa8</size>
         <input_file_ref idref="fl-eb"/>
      </object_component>
      <object_component id="oc-1e2">
         <name>.const</name>
         <load_address>0x2000a60c</load_address>
         <run_address>0x2000a60c</run_address>
         <size>0x80</size>
         <input_file_ref idref="fl-e9"/>
      </object_component>
      <object_component id="oc-34c">
         <name>.const</name>
         <load_address>0x2000a68c</load_address>
         <run_address>0x2000a68c</run_address>
         <size>0x10</size>
         <input_file_ref idref="fl-ef"/>
      </object_component>
      <object_component id="oc-46f">
         <name>.cinit..data.load</name>
         <load_address>0x2000a6a0</load_address>
         <run_address>0x2000a6a0</run_address>
         <size>0x5a</size>
      </object_component>
      <object_component id="oc-46d">
         <name>__TI_handler_table</name>
         <load_address>0x2000a6fc</load_address>
         <run_address>0x2000a6fc</run_address>
         <size>0xc</size>
      </object_component>
      <object_component id="oc-470">
         <name>.cinit..bss.load</name>
         <load_address>0x2000a708</load_address>
         <run_address>0x2000a708</run_address>
         <size>0x8</size>
      </object_component>
      <object_component id="oc-46e">
         <name>__TI_cinit_table</name>
         <load_address>0x2000a710</load_address>
         <run_address>0x2000a710</run_address>
         <size>0x10</size>
      </object_component>
      <object_component id="oc-243">
         <name>.data</name>
         <load_address>0x2001db3c</load_address>
         <run_address>0x2001db3c</run_address>
         <size>0x15</size>
         <input_file_ref idref="fl-2"/>
      </object_component>
      <object_component id="oc-121">
         <name>.data:switch2</name>
         <load_address>0x2001db88</load_address>
         <run_address>0x2001db88</run_address>
         <size>0x8</size>
         <input_file_ref idref="fl-4"/>
      </object_component>
      <object_component id="oc-11b">
         <name>.data</name>
         <load_address>0x2001db10</load_address>
         <run_address>0x2001db10</run_address>
         <size>0x2c</size>
         <input_file_ref idref="fl-4"/>
      </object_component>
      <object_component id="oc-138">
         <name>.data:color_arr</name>
         <load_address>0x2001db54</load_address>
         <run_address>0x2001db54</run_address>
         <size>0x14</size>
         <input_file_ref idref="fl-4"/>
      </object_component>
      <object_component id="oc-b0">
         <name>.data:$O1$$</name>
         <load_address>0x2001db68</load_address>
         <run_address>0x2001db68</run_address>
         <size>0xc</size>
         <input_file_ref idref="fl-c8"/>
      </object_component>
      <object_component id="oc-37d">
         <name>.data:$O1$$</name>
         <load_address>0x2001db74</load_address>
         <run_address>0x2001db74</run_address>
         <size>0xc</size>
         <input_file_ref idref="fl-cb"/>
      </object_component>
      <object_component id="oc-77">
         <name>.data</name>
         <load_address>0x2001db94</load_address>
         <run_address>0x2001db94</run_address>
         <size>0x4</size>
         <input_file_ref idref="fl-cf"/>
      </object_component>
      <object_component id="oc-b3">
         <name>.data:$O1$$</name>
         <load_address>0x2001db80</load_address>
         <run_address>0x2001db80</run_address>
         <size>0x8</size>
         <input_file_ref idref="fl-d2"/>
      </object_component>
      <object_component id="oc-425">
         <name>.data</name>
         <load_address>0x2001db90</load_address>
         <run_address>0x2001db90</run_address>
         <size>0x4</size>
         <input_file_ref idref="fl-e6"/>
      </object_component>
      <object_component id="oc-2c9">
         <name>.bss</name>
         <uninitialized>true</uninitialized>
         <run_address>0x2001d30c</run_address>
         <size>0x4</size>
         <input_file_ref idref="fl-9"/>
      </object_component>
      <object_component id="oc-11e">
         <name>.common:times</name>
         <uninitialized>true</uninitialized>
         <run_address>0x2001d280</run_address>
         <size>0x8c</size>
      </object_component>
      <object_component id="oc-124">
         <name>.common:c_message</name>
         <uninitialized>true</uninitialized>
         <run_address>0x2001d100</run_address>
         <size>0x180</size>
      </object_component>
      <object_component id="oc-137">
         <name>.common:messages</name>
         <uninitialized>true</uninitialized>
         <run_address>0x20017000</run_address>
         <size>0x6100</size>
      </object_component>
      <object_component id="oc-2a">
         <name>.sysmem</name>
         <uninitialized>true</uninitialized>
         <run_address>0x2001d310</run_address>
         <size>0x8</size>
         <input_file_ref idref="fl-cb"/>
      </object_component>
      <object_component id="oc-472">
         <name>.sysmem</name>
         <uninitialized>true</uninitialized>
         <run_address>0x2001d310</run_address>
         <size>0x0</size>
      </object_component>
      <object_component id="oc-29">
         <name>.stack</name>
         <uninitialized>true</uninitialized>
         <run_address>0x2002f800</run_address>
         <size>0x0</size>
         <input_file_ref idref="fl-c4"/>
      </object_component>
      <object_component id="oc-471">
         <name>.stack</name>
         <uninitialized>true</uninitialized>
         <run_address>0x2002f800</run_address>
         <size>0x0</size>
      </object_component>
      <object_component id="oc-247">
         <name>.debug_info</name>
         <load_address>0x0</load_address>
         <run_address>0x0</run_address>
         <size>0x1d0</size>
         <input_file_ref idref="fl-2"/>
      </object_component>
      <object_component id="oc-241">
         <name>.debug_info</name>
         <load_address>0x1d0</load_address>
         <run_address>0x1d0</run_address>
         <size>0xd5</size>
         <input_file_ref idref="fl-2"/>
      </object_component>
      <object_component id="oc-244">
         <name>.debug_info</name>
         <load_address>0x2a5</load_address>
         <run_address>0x2a5</run_address>
         <size>0x183</size>
         <input_file_ref idref="fl-2"/>
      </object_component>
      <object_component id="oc-10a">
         <name>.debug_info</name>
         <load_address>0x428</load_address>
         <run_address>0x428</run_address>
         <size>0x14df</size>
         <input_file_ref idref="fl-2"/>
      </object_component>
      <object_component id="oc-3c">
         <name>.debug_info</name>
         <load_address>0x1907</load_address>
         <run_address>0x1907</run_address>
         <size>0x84</size>
         <input_file_ref idref="fl-2"/>
      </object_component>
      <object_component id="oc-23f">
         <name>.debug_info</name>
         <load_address>0x198b</load_address>
         <run_address>0x198b</run_address>
         <size>0x2af</size>
         <input_file_ref idref="fl-3"/>
      </object_component>
      <object_component id="oc-105">
         <name>.debug_info</name>
         <load_address>0x1c3a</load_address>
         <run_address>0x1c3a</run_address>
         <size>0xee6</size>
         <input_file_ref idref="fl-3"/>
      </object_component>
      <object_component id="oc-357">
         <name>.debug_info</name>
         <load_address>0x2b20</load_address>
         <run_address>0x2b20</run_address>
         <size>0x62</size>
         <input_file_ref idref="fl-3"/>
      </object_component>
      <object_component id="oc-1dd">
         <name>.debug_info</name>
         <load_address>0x2b82</load_address>
         <run_address>0x2b82</run_address>
         <size>0x2c</size>
         <input_file_ref idref="fl-3"/>
      </object_component>
      <object_component id="oc-91">
         <name>.debug_info</name>
         <load_address>0x2bae</load_address>
         <run_address>0x2bae</run_address>
         <size>0x2c</size>
         <input_file_ref idref="fl-3"/>
      </object_component>
      <object_component id="oc-11f">
         <name>.debug_info</name>
         <load_address>0x2bda</load_address>
         <run_address>0x2bda</run_address>
         <size>0x972</size>
         <input_file_ref idref="fl-4"/>
      </object_component>
      <object_component id="oc-122">
         <name>.debug_info</name>
         <load_address>0x354c</load_address>
         <run_address>0x354c</run_address>
         <size>0xd3</size>
         <input_file_ref idref="fl-4"/>
      </object_component>
      <object_component id="oc-11c">
         <name>.debug_info</name>
         <load_address>0x361f</load_address>
         <run_address>0x361f</run_address>
         <size>0x25c</size>
         <input_file_ref idref="fl-4"/>
      </object_component>
      <object_component id="oc-139">
         <name>.debug_info</name>
         <load_address>0x387b</load_address>
         <run_address>0x387b</run_address>
         <size>0xd8</size>
         <input_file_ref idref="fl-4"/>
      </object_component>
      <object_component id="oc-aa">
         <name>.debug_info</name>
         <load_address>0x3953</load_address>
         <run_address>0x3953</run_address>
         <size>0xf3c</size>
         <input_file_ref idref="fl-4"/>
      </object_component>
      <object_component id="oc-24e">
         <name>.debug_info</name>
         <load_address>0x488f</load_address>
         <run_address>0x488f</run_address>
         <size>0xfe</size>
         <input_file_ref idref="fl-4"/>
      </object_component>
      <object_component id="oc-2ce">
         <name>.debug_info</name>
         <load_address>0x498d</load_address>
         <run_address>0x498d</run_address>
         <size>0x4e</size>
         <input_file_ref idref="fl-4"/>
      </object_component>
      <object_component id="oc-13c">
         <name>.debug_info</name>
         <load_address>0x49db</load_address>
         <run_address>0x49db</run_address>
         <size>0x3ce</size>
         <input_file_ref idref="fl-5"/>
      </object_component>
      <object_component id="oc-35">
         <name>.debug_info</name>
         <load_address>0x4da9</load_address>
         <run_address>0x4da9</run_address>
         <size>0x127</size>
         <input_file_ref idref="fl-6"/>
      </object_component>
      <object_component id="oc-10">
         <name>.debug_info</name>
         <load_address>0x4ed0</load_address>
         <run_address>0x4ed0</run_address>
         <size>0x112</size>
         <input_file_ref idref="fl-6"/>
      </object_component>
      <object_component id="oc-2e">
         <name>.debug_info</name>
         <load_address>0x4fe2</load_address>
         <run_address>0x4fe2</run_address>
         <size>0x433</size>
         <input_file_ref idref="fl-6"/>
      </object_component>
      <object_component id="oc-31b">
         <name>.debug_info</name>
         <load_address>0x5415</load_address>
         <run_address>0x5415</run_address>
         <size>0x3ec</size>
         <input_file_ref idref="fl-8"/>
      </object_component>
      <object_component id="oc-19e">
         <name>.debug_info</name>
         <load_address>0x5801</load_address>
         <run_address>0x5801</run_address>
         <size>0xa08</size>
         <input_file_ref idref="fl-8"/>
      </object_component>
      <object_component id="oc-2cd">
         <name>.debug_info</name>
         <load_address>0x6209</load_address>
         <run_address>0x6209</run_address>
         <size>0x389</size>
         <input_file_ref idref="fl-9"/>
      </object_component>
      <object_component id="oc-2ca">
         <name>.debug_info</name>
         <load_address>0x6592</load_address>
         <run_address>0x6592</run_address>
         <size>0x109</size>
         <input_file_ref idref="fl-9"/>
      </object_component>
      <object_component id="oc-199">
         <name>.debug_info</name>
         <load_address>0x669b</load_address>
         <run_address>0x669b</run_address>
         <size>0x8e5</size>
         <input_file_ref idref="fl-9"/>
      </object_component>
      <object_component id="oc-2d3">
         <name>.debug_info</name>
         <load_address>0x6f80</load_address>
         <run_address>0x6f80</run_address>
         <size>0x110</size>
         <input_file_ref idref="fl-9"/>
      </object_component>
      <object_component id="oc-25">
         <name>.debug_info</name>
         <load_address>0x7090</load_address>
         <run_address>0x7090</run_address>
         <size>0x160</size>
         <input_file_ref idref="fl-c4"/>
      </object_component>
      <object_component id="oc-87">
         <name>.debug_info</name>
         <load_address>0x71f0</load_address>
         <run_address>0x71f0</run_address>
         <size>0xf9</size>
         <input_file_ref idref="fl-c5"/>
      </object_component>
      <object_component id="oc-14">
         <name>.debug_info</name>
         <load_address>0x72e9</load_address>
         <run_address>0x72e9</run_address>
         <size>0x245</size>
         <input_file_ref idref="fl-c5"/>
      </object_component>
      <object_component id="oc-37">
         <name>.debug_info</name>
         <load_address>0x752e</load_address>
         <run_address>0x752e</run_address>
         <size>0x60</size>
         <input_file_ref idref="fl-c5"/>
      </object_component>
      <object_component id="oc-82">
         <name>.debug_info</name>
         <load_address>0x758e</load_address>
         <run_address>0x758e</run_address>
         <size>0x46</size>
         <input_file_ref idref="fl-c5"/>
      </object_component>
      <object_component id="oc-4c">
         <name>.debug_info</name>
         <load_address>0x75d4</load_address>
         <run_address>0x75d4</run_address>
         <size>0x140</size>
         <input_file_ref idref="fl-c6"/>
      </object_component>
      <object_component id="oc-19">
         <name>.debug_info</name>
         <load_address>0x7714</load_address>
         <run_address>0x7714</run_address>
         <size>0x1df</size>
         <input_file_ref idref="fl-c6"/>
      </object_component>
      <object_component id="oc-47">
         <name>.debug_info</name>
         <load_address>0x78f3</load_address>
         <run_address>0x78f3</run_address>
         <size>0x46</size>
         <input_file_ref idref="fl-c6"/>
      </object_component>
      <object_component id="oc-89">
         <name>.debug_info</name>
         <load_address>0x7939</load_address>
         <run_address>0x7939</run_address>
         <size>0x2c</size>
         <input_file_ref idref="fl-c6"/>
      </object_component>
      <object_component id="oc-58">
         <name>.debug_info</name>
         <load_address>0x7965</load_address>
         <run_address>0x7965</run_address>
         <size>0x12f</size>
         <input_file_ref idref="fl-c7"/>
      </object_component>
      <object_component id="oc-20">
         <name>.debug_info</name>
         <load_address>0x7a94</load_address>
         <run_address>0x7a94</run_address>
         <size>0x1aa</size>
         <input_file_ref idref="fl-c7"/>
      </object_component>
      <object_component id="oc-53">
         <name>.debug_info</name>
         <load_address>0x7c3e</load_address>
         <run_address>0x7c3e</run_address>
         <size>0x46</size>
         <input_file_ref idref="fl-c7"/>
      </object_component>
      <object_component id="oc-b7">
         <name>.debug_info</name>
         <load_address>0x7c84</load_address>
         <run_address>0x7c84</run_address>
         <size>0x234</size>
         <input_file_ref idref="fl-c8"/>
      </object_component>
      <object_component id="oc-b1">
         <name>.debug_info</name>
         <load_address>0x7eb8</load_address>
         <run_address>0x7eb8</run_address>
         <size>0x185</size>
         <input_file_ref idref="fl-c8"/>
      </object_component>
      <object_component id="oc-72">
         <name>.debug_info</name>
         <load_address>0x803d</load_address>
         <run_address>0x803d</run_address>
         <size>0x214</size>
         <input_file_ref idref="fl-c8"/>
      </object_component>
      <object_component id="oc-44">
         <name>.debug_info</name>
         <load_address>0x8251</load_address>
         <run_address>0x8251</run_address>
         <size>0x111</size>
         <input_file_ref idref="fl-c9"/>
      </object_component>
      <object_component id="oc-37c">
         <name>.debug_info</name>
         <load_address>0x8362</load_address>
         <run_address>0x8362</run_address>
         <size>0x12c</size>
         <input_file_ref idref="fl-ca"/>
      </object_component>
      <object_component id="oc-2bf">
         <name>.debug_info</name>
         <load_address>0x848e</load_address>
         <run_address>0x848e</run_address>
         <size>0x1ab</size>
         <input_file_ref idref="fl-ca"/>
      </object_component>
      <object_component id="oc-7d">
         <name>.debug_info</name>
         <load_address>0x8639</load_address>
         <run_address>0x8639</run_address>
         <size>0x222</size>
         <input_file_ref idref="fl-cb"/>
      </object_component>
      <object_component id="oc-2b">
         <name>.debug_info</name>
         <load_address>0x885b</load_address>
         <run_address>0x885b</run_address>
         <size>0x101</size>
         <input_file_ref idref="fl-cb"/>
      </object_component>
      <object_component id="oc-37e">
         <name>.debug_info</name>
         <load_address>0x895c</load_address>
         <run_address>0x895c</run_address>
         <size>0x14c</size>
         <input_file_ref idref="fl-cb"/>
      </object_component>
      <object_component id="oc-2c4">
         <name>.debug_info</name>
         <load_address>0x8aa8</load_address>
         <run_address>0x8aa8</run_address>
         <size>0x885</size>
         <input_file_ref idref="fl-cb"/>
      </object_component>
      <object_component id="oc-bd">
         <name>.debug_info</name>
         <load_address>0x932d</load_address>
         <run_address>0x932d</run_address>
         <size>0x2c</size>
         <input_file_ref idref="fl-cb"/>
      </object_component>
      <object_component id="oc-c2">
         <name>.debug_info</name>
         <load_address>0x9359</load_address>
         <run_address>0x9359</run_address>
         <size>0x62</size>
         <input_file_ref idref="fl-cb"/>
      </object_component>
      <object_component id="oc-4e">
         <name>.debug_info</name>
         <load_address>0x93bb</load_address>
         <run_address>0x93bb</run_address>
         <size>0x13f</size>
         <input_file_ref idref="fl-cc"/>
      </object_component>
      <object_component id="oc-5b">
         <name>.debug_info</name>
         <load_address>0x94fa</load_address>
         <run_address>0x94fa</run_address>
         <size>0x138</size>
         <input_file_ref idref="fl-cd"/>
      </object_component>
      <object_component id="oc-60">
         <name>.debug_info</name>
         <load_address>0x9632</load_address>
         <run_address>0x9632</run_address>
         <size>0x148</size>
         <input_file_ref idref="fl-ce"/>
      </object_component>
      <object_component id="oc-78">
         <name>.debug_info</name>
         <load_address>0x977a</load_address>
         <run_address>0x977a</run_address>
         <size>0x109</size>
         <input_file_ref idref="fl-cf"/>
      </object_component>
      <object_component id="oc-37a">
         <name>.debug_info</name>
         <load_address>0x9883</load_address>
         <run_address>0x9883</run_address>
         <size>0xea</size>
         <input_file_ref idref="fl-d0"/>
      </object_component>
      <object_component id="oc-2b8">
         <name>.debug_info</name>
         <load_address>0x996d</load_address>
         <run_address>0x996d</run_address>
         <size>0x22a</size>
         <input_file_ref idref="fl-d0"/>
      </object_component>
      <object_component id="oc-36d">
         <name>.debug_info</name>
         <load_address>0x9b97</load_address>
         <run_address>0x9b97</run_address>
         <size>0x1c8</size>
         <input_file_ref idref="fl-d1"/>
      </object_component>
      <object_component id="oc-2ad">
         <name>.debug_info</name>
         <load_address>0x9d5f</load_address>
         <run_address>0x9d5f</run_address>
         <size>0x35c</size>
         <input_file_ref idref="fl-d1"/>
      </object_component>
      <object_component id="oc-36e">
         <name>.debug_info</name>
         <load_address>0xa0bb</load_address>
         <run_address>0xa0bb</run_address>
         <size>0x2c</size>
         <input_file_ref idref="fl-d1"/>
      </object_component>
      <object_component id="oc-373">
         <name>.debug_info</name>
         <load_address>0xa0e7</load_address>
         <run_address>0xa0e7</run_address>
         <size>0x69</size>
         <input_file_ref idref="fl-d1"/>
      </object_component>
      <object_component id="oc-1c5">
         <name>.debug_info</name>
         <load_address>0xa150</load_address>
         <run_address>0xa150</run_address>
         <size>0x124</size>
         <input_file_ref idref="fl-d2"/>
      </object_component>
      <object_component id="oc-b4">
         <name>.debug_info</name>
         <load_address>0xa274</load_address>
         <run_address>0xa274</run_address>
         <size>0x113</size>
         <input_file_ref idref="fl-d2"/>
      </object_component>
      <object_component id="oc-1be">
         <name>.debug_info</name>
         <load_address>0xa387</load_address>
         <run_address>0xa387</run_address>
         <size>0x21f</size>
         <input_file_ref idref="fl-d2"/>
      </object_component>
      <object_component id="oc-3f4">
         <name>.debug_info</name>
         <load_address>0xa5a6</load_address>
         <run_address>0xa5a6</run_address>
         <size>0x385</size>
         <input_file_ref idref="fl-d3"/>
      </object_component>
      <object_component id="oc-367">
         <name>.debug_info</name>
         <load_address>0xa92b</load_address>
         <run_address>0xa92b</run_address>
         <size>0x1554</size>
         <input_file_ref idref="fl-d3"/>
      </object_component>
      <object_component id="oc-3f5">
         <name>.debug_info</name>
         <load_address>0xbe7f</load_address>
         <run_address>0xbe7f</run_address>
         <size>0x86</size>
         <input_file_ref idref="fl-d3"/>
      </object_component>
      <object_component id="oc-435">
         <name>.debug_info</name>
         <load_address>0xbf05</load_address>
         <run_address>0xbf05</run_address>
         <size>0x46</size>
         <input_file_ref idref="fl-d3"/>
      </object_component>
      <object_component id="oc-3fa">
         <name>.debug_info</name>
         <load_address>0xbf4b</load_address>
         <run_address>0xbf4b</run_address>
         <size>0x39</size>
         <input_file_ref idref="fl-d3"/>
      </object_component>
      <object_component id="oc-af">
         <name>.debug_info</name>
         <load_address>0xbf84</load_address>
         <run_address>0xbf84</run_address>
         <size>0x166</size>
         <input_file_ref idref="fl-d4"/>
      </object_component>
      <object_component id="oc-6e">
         <name>.debug_info</name>
         <load_address>0xc0ea</load_address>
         <run_address>0xc0ea</run_address>
         <size>0x167</size>
         <input_file_ref idref="fl-d4"/>
      </object_component>
      <object_component id="oc-1b6">
         <name>.debug_info</name>
         <load_address>0xc251</load_address>
         <run_address>0xc251</run_address>
         <size>0x5e</size>
         <input_file_ref idref="fl-d4"/>
      </object_component>
      <object_component id="oc-430">
         <name>.debug_info</name>
         <load_address>0xc2af</load_address>
         <run_address>0xc2af</run_address>
         <size>0x114</size>
         <input_file_ref idref="fl-d5"/>
      </object_component>
      <object_component id="oc-3ea">
         <name>.debug_info</name>
         <load_address>0xc3c3</load_address>
         <run_address>0xc3c3</run_address>
         <size>0x171</size>
         <input_file_ref idref="fl-d5"/>
      </object_component>
      <object_component id="oc-a7">
         <name>.debug_info</name>
         <load_address>0xc534</load_address>
         <run_address>0xc534</run_address>
         <size>0x2e9</size>
         <input_file_ref idref="fl-d6"/>
      </object_component>
      <object_component id="oc-68">
         <name>.debug_info</name>
         <load_address>0xc81d</load_address>
         <run_address>0xc81d</run_address>
         <size>0x190</size>
         <input_file_ref idref="fl-d6"/>
      </object_component>
      <object_component id="oc-ce">
         <name>.debug_info</name>
         <load_address>0xc9ad</load_address>
         <run_address>0xc9ad</run_address>
         <size>0x39</size>
         <input_file_ref idref="fl-d6"/>
      </object_component>
      <object_component id="oc-1d0">
         <name>.debug_info</name>
         <load_address>0xc9e6</load_address>
         <run_address>0xc9e6</run_address>
         <size>0x39</size>
         <input_file_ref idref="fl-d6"/>
      </object_component>
      <object_component id="oc-d3">
         <name>.debug_info</name>
         <load_address>0xca1f</load_address>
         <run_address>0xca1f</run_address>
         <size>0xcd</size>
         <input_file_ref idref="fl-d6"/>
      </object_component>
      <object_component id="oc-ca">
         <name>.debug_info</name>
         <load_address>0xcaec</load_address>
         <run_address>0xcaec</run_address>
         <size>0x1e0</size>
         <input_file_ref idref="fl-d7"/>
      </object_component>
      <object_component id="oc-9e">
         <name>.debug_info</name>
         <load_address>0xcccc</load_address>
         <run_address>0xcccc</run_address>
         <size>0x183</size>
         <input_file_ref idref="fl-d7"/>
      </object_component>
      <object_component id="oc-1cb">
         <name>.debug_info</name>
         <load_address>0xce4f</load_address>
         <run_address>0xce4f</run_address>
         <size>0x2c</size>
         <input_file_ref idref="fl-d7"/>
      </object_component>
      <object_component id="oc-447">
         <name>.debug_info</name>
         <load_address>0xce7b</load_address>
         <run_address>0xce7b</run_address>
         <size>0xee</size>
         <input_file_ref idref="fl-d8"/>
      </object_component>
      <object_component id="oc-42d">
         <name>.debug_info</name>
         <load_address>0xcf69</load_address>
         <run_address>0xcf69</run_address>
         <size>0xfa</size>
         <input_file_ref idref="fl-d8"/>
      </object_component>
      <object_component id="oc-3d1">
         <name>.debug_info</name>
         <load_address>0xd063</load_address>
         <run_address>0xd063</run_address>
         <size>0x144</size>
         <input_file_ref idref="fl-d9"/>
      </object_component>
      <object_component id="oc-3ad">
         <name>.debug_info</name>
         <load_address>0xd1a7</load_address>
         <run_address>0xd1a7</run_address>
         <size>0x120</size>
         <input_file_ref idref="fl-da"/>
      </object_component>
      <object_component id="oc-3bc">
         <name>.debug_info</name>
         <load_address>0xd2c7</load_address>
         <run_address>0xd2c7</run_address>
         <size>0x122</size>
         <input_file_ref idref="fl-da"/>
      </object_component>
      <object_component id="oc-3b9">
         <name>.debug_info</name>
         <load_address>0xd3e9</load_address>
         <run_address>0xd3e9</run_address>
         <size>0x132</size>
         <input_file_ref idref="fl-db"/>
      </object_component>
      <object_component id="oc-3b4">
         <name>.debug_info</name>
         <load_address>0xd51b</load_address>
         <run_address>0xd51b</run_address>
         <size>0x132</size>
         <input_file_ref idref="fl-dc"/>
      </object_component>
      <object_component id="oc-3c2">
         <name>.debug_info</name>
         <load_address>0xd64d</load_address>
         <run_address>0xd64d</run_address>
         <size>0x126</size>
         <input_file_ref idref="fl-dd"/>
      </object_component>
      <object_component id="oc-3cd">
         <name>.debug_info</name>
         <load_address>0xd773</load_address>
         <run_address>0xd773</run_address>
         <size>0x124</size>
         <input_file_ref idref="fl-de"/>
      </object_component>
      <object_component id="oc-415">
         <name>.debug_info</name>
         <load_address>0xd897</load_address>
         <run_address>0xd897</run_address>
         <size>0x14c</size>
         <input_file_ref idref="fl-df"/>
      </object_component>
      <object_component id="oc-3c6">
         <name>.debug_info</name>
         <load_address>0xd9e3</load_address>
         <run_address>0xd9e3</run_address>
         <size>0x1c2</size>
         <input_file_ref idref="fl-df"/>
      </object_component>
      <object_component id="oc-432">
         <name>.debug_info</name>
         <load_address>0xdba5</load_address>
         <run_address>0xdba5</run_address>
         <size>0xf1</size>
         <input_file_ref idref="fl-e0"/>
      </object_component>
      <object_component id="oc-3ef">
         <name>.debug_info</name>
         <load_address>0xdc96</load_address>
         <run_address>0xdc96</run_address>
         <size>0x1ab</size>
         <input_file_ref idref="fl-e0"/>
      </object_component>
      <object_component id="oc-419">
         <name>.debug_info</name>
         <load_address>0xde41</load_address>
         <run_address>0xde41</run_address>
         <size>0x13f</size>
         <input_file_ref idref="fl-e1"/>
      </object_component>
      <object_component id="oc-3d6">
         <name>.debug_info</name>
         <load_address>0xdf80</load_address>
         <run_address>0xdf80</run_address>
         <size>0x189</size>
         <input_file_ref idref="fl-e1"/>
      </object_component>
      <object_component id="oc-41a">
         <name>.debug_info</name>
         <load_address>0xe109</load_address>
         <run_address>0xe109</run_address>
         <size>0x2c</size>
         <input_file_ref idref="fl-e1"/>
      </object_component>
      <object_component id="oc-429">
         <name>.debug_info</name>
         <load_address>0xe135</load_address>
         <run_address>0xe135</run_address>
         <size>0x17c</size>
         <input_file_ref idref="fl-e2"/>
      </object_component>
      <object_component id="oc-3dc">
         <name>.debug_info</name>
         <load_address>0xe2b1</load_address>
         <run_address>0xe2b1</run_address>
         <size>0x1e6</size>
         <input_file_ref idref="fl-e2"/>
      </object_component>
      <object_component id="oc-a3">
         <name>.debug_info</name>
         <load_address>0xe497</load_address>
         <run_address>0xe497</run_address>
         <size>0x145</size>
         <input_file_ref idref="fl-e3"/>
      </object_component>
      <object_component id="oc-42b">
         <name>.debug_info</name>
         <load_address>0xe5dc</load_address>
         <run_address>0xe5dc</run_address>
         <size>0xf5</size>
         <input_file_ref idref="fl-e4"/>
      </object_component>
      <object_component id="oc-3e2">
         <name>.debug_info</name>
         <load_address>0xe6d1</load_address>
         <run_address>0xe6d1</run_address>
         <size>0x244</size>
         <input_file_ref idref="fl-e4"/>
      </object_component>
      <object_component id="oc-3a8">
         <name>.debug_info</name>
         <load_address>0xe915</load_address>
         <run_address>0xe915</run_address>
         <size>0x17d</size>
         <input_file_ref idref="fl-e5"/>
      </object_component>
      <object_component id="oc-426">
         <name>.debug_info</name>
         <load_address>0xea92</load_address>
         <run_address>0xea92</run_address>
         <size>0xf3</size>
         <input_file_ref idref="fl-e6"/>
      </object_component>
      <object_component id="oc-422">
         <name>.debug_info</name>
         <load_address>0xeb85</load_address>
         <run_address>0xeb85</run_address>
         <size>0x154</size>
         <input_file_ref idref="fl-e7"/>
      </object_component>
      <object_component id="oc-2a8">
         <name>.debug_info</name>
         <load_address>0xecd9</load_address>
         <run_address>0xecd9</run_address>
         <size>0x17a</size>
         <input_file_ref idref="fl-e8"/>
      </object_component>
      <object_component id="oc-2a2">
         <name>.debug_info</name>
         <load_address>0xee53</load_address>
         <run_address>0xee53</run_address>
         <size>0x1aa</size>
         <input_file_ref idref="fl-e8"/>
      </object_component>
      <object_component id="oc-267">
         <name>.debug_info</name>
         <load_address>0xeffd</load_address>
         <run_address>0xeffd</run_address>
         <size>0x1e9</size>
         <input_file_ref idref="fl-e8"/>
      </object_component>
      <object_component id="oc-18a">
         <name>.debug_info</name>
         <load_address>0xf1e6</load_address>
         <run_address>0xf1e6</run_address>
         <size>0x1f4</size>
         <input_file_ref idref="fl-e8"/>
      </object_component>
      <object_component id="oc-190">
         <name>.debug_info</name>
         <load_address>0xf3da</load_address>
         <run_address>0xf3da</run_address>
         <size>0x1cb</size>
         <input_file_ref idref="fl-e8"/>
      </object_component>
      <object_component id="oc-f9">
         <name>.debug_info</name>
         <load_address>0xf5a5</load_address>
         <run_address>0xf5a5</run_address>
         <size>0x1c3</size>
         <input_file_ref idref="fl-e8"/>
      </object_component>
      <object_component id="oc-ff">
         <name>.debug_info</name>
         <load_address>0xf768</load_address>
         <run_address>0xf768</run_address>
         <size>0x1c9</size>
         <input_file_ref idref="fl-e8"/>
      </object_component>
      <object_component id="oc-185">
         <name>.debug_info</name>
         <load_address>0xf931</load_address>
         <run_address>0xf931</run_address>
         <size>0x214</size>
         <input_file_ref idref="fl-e8"/>
      </object_component>
      <object_component id="oc-204">
         <name>.debug_info</name>
         <load_address>0xfb45</load_address>
         <run_address>0xfb45</run_address>
         <size>0x1e0</size>
         <input_file_ref idref="fl-e8"/>
      </object_component>
      <object_component id="oc-325">
         <name>.debug_info</name>
         <load_address>0xfd25</load_address>
         <run_address>0xfd25</run_address>
         <size>0x19b</size>
         <input_file_ref idref="fl-e9"/>
      </object_component>
      <object_component id="oc-1e3">
         <name>.debug_info</name>
         <load_address>0xfec0</load_address>
         <run_address>0xfec0</run_address>
         <size>0x19e</size>
         <input_file_ref idref="fl-e9"/>
      </object_component>
      <object_component id="oc-388">
         <name>.debug_info</name>
         <load_address>0x1005e</load_address>
         <run_address>0x1005e</run_address>
         <size>0xf0</size>
         <input_file_ref idref="fl-e9"/>
      </object_component>
      <object_component id="oc-35d">
         <name>.debug_info</name>
         <load_address>0x1014e</load_address>
         <run_address>0x1014e</run_address>
         <size>0x16d</size>
         <input_file_ref idref="fl-e9"/>
      </object_component>
      <object_component id="oc-df">
         <name>.debug_info</name>
         <load_address>0x102bb</load_address>
         <run_address>0x102bb</run_address>
         <size>0x188</size>
         <input_file_ref idref="fl-e9"/>
      </object_component>
      <object_component id="oc-d9">
         <name>.debug_info</name>
         <load_address>0x10443</load_address>
         <run_address>0x10443</run_address>
         <size>0x1ba</size>
         <input_file_ref idref="fl-e9"/>
      </object_component>
[...]
         <name>__aeabi_memcpy4</name>
         <value>0x20008c5d</value>
         <object_component_ref idref="oc-41"/>
      </symbol>
      <symbol id="sm-3d6">
         <name>memmove</name>
         <value>0x200098a5</value>
         <object_component_ref idref="oc-2bd"/>
      </symbol>
      <symbol id="sm-44a">
         <name>_sys_memory</name>
         <value>0x2001d310</value>
         <object_component_ref idref="oc-2a"/>
      </symbol>
      <symbol id="sm-44b">
         <name>free</name>
         <value>0x20007a17</value>
         <object_component_ref idref="oc-2c3"/>
      </symbol>
      <symbol id="sm-44c">
         <name>realloc</name>
         <value>0x20007ad9</value>
         <object_component_ref idref="oc-2c3"/>
      </symbol>
      <symbol id="sm-44d">
         <name>memalign</name>
         <value>0x20007be1</value>
         <object_component_ref idref="oc-2c3"/>
      </symbol>
      <symbol id="sm-44e">
         <name>calloc</name>
         <value>0x20007ccd</value>
         <object_component_ref idref="oc-2c3"/>
      </symbol>
      <symbol id="sm-44f">
         <name>malloc</name>
         <value>0x200079ad</value>
         <object_component_ref idref="oc-2c3"/>
      </symbol>
      <symbol id="sm-450">
         <name>minit</name>
         <value>0x2000792d</value>
         <object_component_ref idref="oc-2c3"/>
      </symbol>
      <symbol id="sm-45f">
         <name>__aeabi_memset</name>
         <value>0x2000902d</value>
         <object_component_ref idref="oc-4d"/>
      </symbol>
      <symbol id="sm-460">
         <name>memset</name>
         <value>0x20009033</value>
         <object_component_ref idref="oc-4d"/>
      </symbol>
      <symbol id="sm-461">
         <name>__aeabi_memset8</name>
         <value>0x2000902d</value>
         <object_component_ref idref="oc-4d"/>
      </symbol>
      <symbol id="sm-462">
         <name>__aeabi_memset4</name>
         <value>0x2000902d</value>
         <object_component_ref idref="oc-4d"/>
      </symbol>
      <symbol id="sm-463">
         <name>__aeabi_memclr8</name>
         <value>0x2000902b</value>
         <object_component_ref idref="oc-4d"/>
      </symbol>
      <symbol id="sm-464">
         <name>__aeabi_memclr4</name>
         <value>0x2000902b</value>
         <object_component_ref idref="oc-4d"/>
      </symbol>
      <symbol id="sm-465">
         <name>__aeabi_memclr</name>
         <value>0x2000902b</value>
         <object_component_ref idref="oc-4d"/>
      </symbol>
      <symbol id="sm-46f">
         <name>__mpu_init</name>
         <value>0x2000792b</value>
         <object_component_ref idref="oc-59"/>
      </symbol>
      <symbol id="sm-479">
         <name>_system_pre_init</name>
         <value>0x20009d91</value>
         <object_component_ref idref="oc-5f"/>
      </symbol>
      <symbol id="sm-481">
         <name>main_func_sp</name>
         <value>0x2001db94</value>
         <object_component_ref idref="oc-77"/>
      </symbol>
      <symbol id="sm-48f">
         <name>strlen</name>
         <value>0x20009cfd</value>
         <object_component_ref idref="oc-2b7"/>
      </symbol>
      <symbol id="sm-4b0">
         <name>vsnprintf</name>
         <value>0x20008e15</value>
         <object_component_ref idref="oc-2ab"/>
      </symbol>
      <symbol id="sm-4c9">
         <name>_nop</name>
         <value>0x20009cf7</value>
         <object_component_ref idref="oc-1bd"/>
      </symbol>
      <symbol id="sm-4ca">
         <name>_lock</name>
         <value>0x2001db80</value>
         <object_component_ref idref="oc-b3"/>
      </symbol>
      <symbol id="sm-4cb">
         <name>_unlock</name>
         <value>0x2001db84</value>
         <object_component_ref idref="oc-b3"/>
      </symbol>
      <symbol id="sm-4cc">
         <name>_register_lock</name>
         <value>0x20009cef</value>
         <object_component_ref idref="oc-1bd"/>
      </symbol>
      <symbol id="sm-4cd">
         <name>_register_unlock</name>
         <value>0x20009ce9</value>
         <object_component_ref idref="oc-1bd"/>
      </symbol>
      <symbol id="sm-5ce">
         <name>__TI_printfi</name>
         <value>0x200060d5</value>
         <object_component_ref idref="oc-366"/>
      </symbol>
      <symbol id="sm-5e2">
         <name>_args_main</name>
         <value>0x20009c25</value>
         <object_component_ref idref="oc-6b"/>
      </symbol>
      <symbol id="sm-5f8">
         <name>atoi</name>
         <value>0x20009481</value>
         <object_component_ref idref="oc-3e7"/>
      </symbol>
      <symbol id="sm-622">
         <name>__TI_auto_init</name>
         <value>0x2000918d</value>
         <object_component_ref idref="oc-65"/>
      </symbol>
      <symbol id="sm-63c">
         <name>copy_in</name>
         <value>0x200094cd</value>
         <object_component_ref idref="oc-9a"/>
      </symbol>
      <symbol id="sm-647">
         <name>_ctypes_</name>
         <value>0x2000a28f</value>
         <object_component_ref idref="oc-42c"/>
      </symbol>
      <symbol id="sm-65e">
         <name>__aeabi_dsub</name>
         <value>0x20008171</value>
         <object_component_ref idref="oc-3d0"/>
      </symbol>
      <symbol id="sm-65f">
         <name>__aeabi_dadd</name>
         <value>0x2000817b</value>
         <object_component_ref idref="oc-3d0"/>
      </symbol>
      <symbol id="sm-681">
         <name>__aeabi_cdcmpeq</name>
         <value>0x20008e9d</value>
         <object_component_ref idref="oc-3ac"/>
      </symbol>
      <symbol id="sm-682">
         <name>__aeabi_cdcmple</name>
         <value>0x20008e9d</value>
         <object_component_ref idref="oc-3ac"/>
      </symbol>
      <symbol id="sm-683">
         <name>__aeabi_cdrcmple</name>
         <value>0x20008f23</value>
         <object_component_ref idref="oc-3bb"/>
      </symbol>
      <symbol id="sm-697">
         <name>__aeabi_ddiv</name>
         <value>0x20008639</value>
         <object_component_ref idref="oc-3b6"/>
      </symbol>
      <symbol id="sm-6a2">
         <name>__aeabi_dmul</name>
         <value>0x200088a1</value>
         <object_component_ref idref="oc-3b1"/>
      </symbol>
      <symbol id="sm-6ac">
         <name>__aeabi_d2iz</name>
         <value>0x20009561</value>
         <object_component_ref idref="oc-3c0"/>
      </symbol>
      <symbol id="sm-6b6">
         <name>__aeabi_i2d</name>
         <value>0x20009785</value>
         <object_component_ref idref="oc-3cb"/>
      </symbol>
      <symbol id="sm-6c5">
         <name>ltoa</name>
         <value>0x20009381</value>
         <object_component_ref idref="oc-3c5"/>
      </symbol>
      <symbol id="sm-6d5">
         <name>memccpy</name>
         <value>0x20009a9b</value>
         <object_component_ref idref="oc-3ed"/>
      </symbol>
      <symbol id="sm-6f0">
         <name>frexpl</name>
         <value>0x200092cd</value>
         <object_component_ref idref="oc-3d5"/>
      </symbol>
      <symbol id="sm-6f1">
         <name>frexp</name>
         <value>0x200092cd</value>
         <object_component_ref idref="oc-3d5"/>
      </symbol>
      <symbol id="sm-70f">
         <name>scalbn</name>
         <value>0x2000899d</value>
         <object_component_ref idref="oc-3db"/>
      </symbol>
      <symbol id="sm-710">
         <name>scalbnl</name>
         <value>0x2000899d</value>
         <object_component_ref idref="oc-3db"/>
      </symbol>
      <symbol id="sm-711">
         <name>ldexpl</name>
         <value>0x2000899d</value>
         <object_component_ref idref="oc-3db"/>
      </symbol>
      <symbol id="sm-712">
         <name>ldexp</name>
         <value>0x2000899d</value>
         <object_component_ref idref="oc-3db"/>
      </symbol>
      <symbol id="sm-71c">
         <name>_system_post_cinit</name>
         <value>0x20008327</value>
         <object_component_ref idref="oc-a0"/>
      </symbol>
      <symbol id="sm-72c">
         <name>strchr</name>
         <value>0x20009c95</value>
         <object_component_ref idref="oc-3e1"/>
      </symbol>
      <symbol id="sm-748">
         <name>__aeabi_uldivmod</name>
         <value>0x20007f7d</value>
         <object_component_ref idref="oc-3a7"/>
      </symbol>
      <symbol id="sm-750">
         <name>errno</name>
         <value>0x2001db90</value>
         <object_component_ref idref="oc-425"/>
      </symbol>
      <symbol id="sm-75a">
         <name>copysign</name>
         <value>0x20009d83</value>
         <object_component_ref idref="oc-41f"/>
      </symbol>
      <symbol id="sm-75b">
         <name>copysignl</name>
         <value>0x20009d83</value>
         <object_component_ref idref="oc-41f"/>
      </symbol>
      <symbol id="sm-7b3">
         <name>GPIOIntRegister</name>
         <value>0x20009991</value>
         <object_component_ref idref="oc-183"/>
      </symbol>
      <symbol id="sm-7b4">
         <name>GPIOIntEnable</name>
         <value>0x20009ab7</value>
         <object_component_ref idref="oc-18f"/>
      </symbol>
      <symbol id="sm-7b5">
         <name>GPIOIntTypeSet</name>
         <value>0x20008fa9</value>
         <object_component_ref idref="oc-189"/>
      </symbol>
      <symbol id="sm-7b6">
         <name>GPIOIntClear</name>
         <value>0x20009cbf</value>
         <object_component_ref idref="oc-fd"/>
      </symbol>
      <symbol id="sm-7b7">
         <name>GPIOIntStatus</name>
         <value>0x200098c9</value>
         <object_component_ref idref="oc-f7"/>
      </symbol>
      <symbol id="sm-7b8">
         <name>GPIODirModeSet</name>
         <value>0x200096ed</value>
         <object_component_ref idref="oc-266"/>
      </symbol>
      <symbol id="sm-7b9">
         <name>GPIOPinWrite</name>
         <value>0x2000992f</value>
         <object_component_ref idref="oc-202"/>
      </symbol>
      <symbol id="sm-831">
         <name>IntPrioritySet</name>
         <value>0x200093d9</value>
         <object_component_ref idref="oc-2e4"/>
      </symbol>
      <symbol id="sm-832">
         <name>IntVTableBaseSet</name>
         <value>0x20009cd5</value>
         <object_component_ref idref="oc-d8"/>
      </symbol>
      <symbol id="sm-833">
         <name>IntEnable</name>
         <value>0x20008b15</value>
         <object_component_ref idref="oc-e4"/>
      </symbol>
      <symbol id="sm-834">
         <name>IntDisable</name>
         <value>0x20008a6d</value>
         <object_component_ref idref="oc-393"/>
      </symbol>
      <symbol id="sm-835">
         <name>IntRegister</name>
         <value>0x20009951</value>
         <object_component_ref idref="oc-28a"/>
      </symbol>
      <symbol id="sm-836">
         <name>IntUnregister</name>
         <value>0x2000985d</value>
         <object_component_ref idref="oc-299"/>
      </symbol>
      <symbol id="sm-837">
         <name>IntMasterEnable</name>
         <value>0x20009d79</value>
         <object_component_ref idref="oc-de"/>
      </symbol>
      <symbol id="sm-876">
         <name>PinTypeUART</name>
         <value>0x20009aeb</value>
         <object_component_ref idref="oc-272"/>
      </symbol>
      <symbol id="sm-877">
         <name>PinTypeGPIO</name>
         <value>0x20009723</value>
         <object_component_ref idref="oc-260"/>
      </symbol>
      <symbol id="sm-878">
         <name>PinConfigSet</name>
         <value>0x20008d8d</value>
         <object_component_ref idref="oc-341"/>
      </symbol>
      <symbol id="sm-879">
         <name>PinTypeSPI</name>
         <value>0x20009ad1</value>
         <object_component_ref idref="oc-26c"/>
      </symbol>
      <symbol id="sm-87a">
         <name>PinModeSet</name>
         <value>0x20009631</value>
         <object_component_ref idref="oc-25a"/>
      </symbol>
      <symbol id="sm-900">
         <name>PRCMPeripheralReset</name>
         <value>0x20009329</value>
         <object_component_ref idref="oc-16b"/>
      </symbol>
      <symbol id="sm-901">
         <name>PRCMPeripheralClkEnable</name>
         <value>0x200096b1</value>
         <object_component_ref idref="oc-165"/>
      </symbol>
      <symbol id="sm-902">
         <name>PRCMPeripheralClockGet</name>
         <value>0x20008cf9</value>
         <object_component_ref idref="oc-232"/>
      </symbol>
      <symbol id="sm-903">
         <name>PRCMCC3200MCUInit</name>
         <value>0x200084c1</value>
         <object_component_ref idref="oc-ea"/>
      </symbol>
      <symbol id="sm-904">
         <name>PRCMHIBRegWrite</name>
         <value>0x20009c53</value>
         <object_component_ref idref="oc-1f2"/>
      </symbol>
      <symbol id="sm-905">
         <name>PRCMSysResetCauseGet</name>
         <value>0x200097b5</value>
         <object_component_ref idref="oc-1e6"/>
      </symbol>
      <symbol id="sm-906">
         <name>PRCMPeripheralClkDisable</name>
         <value>0x20009835</value>
         <object_component_ref idref="oc-1f8"/>
      </symbol>
      <symbol id="sm-907">
         <name>PRCMHIBRegRead</name>
         <value>0x20009c3d</value>
         <object_component_ref idref="oc-1ec"/>
      </symbol>
      <symbol id="sm-954">
         <name>SPICSEnable</name>
         <value>0x20009b1d</value>
         <object_component_ref idref="oc-20e"/>
      </symbol>
      <symbol id="sm-955">
         <name>SPIDisable</name>
         <value>0x20009b35</value>
         <object_component_ref idref="oc-220"/>
      </symbol>
      <symbol id="sm-956">
         <name>SPIDataPut</name>
         <value>0x200099af</value>
         <object_component_ref idref="oc-214"/>
      </symbol>
      <symbol id="sm-957">
         <name>SPIEnable</name>
         <value>0x20009b4d</value>
         <object_component_ref idref="oc-208"/>
      </symbol>
      <symbol id="sm-958">
         <name>SPIDataGet</name>
         <value>0x20009971</value>
         <object_component_ref idref="oc-21a"/>
      </symbol>
      <symbol id="sm-959">
         <name>SPIConfigSetExpClk</name>
         <value>0x20008bbd</value>
         <object_component_ref idref="oc-238"/>
      </symbol>
      <symbol id="sm-95a">
         <name>SPIReset</name>
         <value>0x200098eb</value>
         <object_component_ref idref="oc-22c"/>
      </symbol>
      <symbol id="sm-95b">
         <name>SPICSDisable</name>
         <value>0x20009b05</value>
         <object_component_ref idref="oc-226"/>
      </symbol>
      <symbol id="sm-985">
         <name>SysTickEnable</name>
         <value>0x20009d35</value>
         <object_component_ref idref="oc-17d"/>
      </symbol>
      <symbol id="sm-986">
         <name>SysTickValueGet</name>
         <value>0x20009d61</value>
         <object_component_ref idref="oc-f0"/>
      </symbol>
      <symbol id="sm-987">
         <name>SysTickIntUnregister</name>
         <value>0x20009b65</value>
         <object_component_ref idref="oc-177"/>
      </symbol>
      <symbol id="sm-988">
         <name>SysTickPeriodSet</name>
         <value>0x20009b7d</value>
         <object_component_ref idref="oc-171"/>
      </symbol>
      <symbol id="sm-a16">
         <name>TimerLoadSet</name>
         <value>0x200097e1</value>
         <object_component_ref idref="oc-302"/>
      </symbol>
      <symbol id="sm-a17">
         <name>TimerDisable</name>
         <value>0x200099cd</value>
         <object_component_ref idref="oc-308"/>
      </symbol>
      <symbol id="sm-a18">
         <name>TimerValueSet</name>
         <value>0x2000990d</value>
         <object_component_ref idref="oc-1a7"/>
      </symbol>
      <symbol id="sm-a19">
         <name>TimerIntRegister</name>
         <value>0x2000911d</value>
         <object_component_ref idref="oc-2ea"/>
      </symbol>
      <symbol id="sm-a1a">
         <name>TimerEnable</name>
         <value>0x200099eb</value>
         <object_component_ref idref="oc-1a1"/>
      </symbol>
      <symbol id="sm-a1b">
         <name>TimerIntUnregister</name>
         <value>0x200091fd</value>
         <object_component_ref idref="oc-314"/>
      </symbol>
      <symbol id="sm-a1c">
         <name>TimerIntStatus</name>
         <value>0x20009a09</value>
         <object_component_ref idref="oc-2f6"/>
      </symbol>
      <symbol id="sm-a1d">
         <name>TimerIntDisable</name>
         <value>0x20009b95</value>
         <object_component_ref idref="oc-30e"/>
      </symbol>
      <symbol id="sm-a1e">
         <name>TimerValueGet</name>
         <value>0x20009a63</value>
         <object_component_ref idref="oc-1ad"/>
      </symbol>
      <symbol id="sm-a1f">
         <name>TimerPrescaleSet</name>
         <value>0x2000980b</value>
         <object_component_ref idref="oc-2de"/>
      </symbol>
      <symbol id="sm-a20">
         <name>TimerIntEnable</name>
         <value>0x20009bad</value>
         <object_component_ref idref="oc-2f0"/>
      </symbol>
      <symbol id="sm-a21">
         <name>TimerConfigure</name>
         <value>0x200095a9</value>
         <object_component_ref idref="oc-2d8"/>
      </symbol>
      <symbol id="sm-a22">
         <name>TimerIntClear</name>
         <value>0x20009d11</value>
         <object_component_ref idref="oc-2fc"/>
      </symbol>
      <symbol id="sm-ab3">
         <name>UARTFIFODisable</name>
         <value>0x20009c7f</value>
         <object_component_ref idref="oc-153"/>
      </symbol>
      <symbol id="sm-ab4">
         <name>UARTConfigSetExpClk</name>
         <value>0x200090a5</value>
         <object_component_ref idref="oc-141"/>
      </symbol>
      <symbol id="sm-ab5">
         <name>UARTDisable</name>
         <value>0x20009755</value>
         <object_component_ref idref="oc-279"/>
      </symbol>
      <symbol id="sm-ab6">
         <name>UARTBusy</name>
         <value>0x20009bc5</value>
         <object_component_ref idref="oc-10f"/>
      </symbol>
      <symbol id="sm-ab7">
         <name>UARTIntEnable</name>
         <value>0x20009c0d</value>
         <object_component_ref idref="oc-159"/>
      </symbol>
      <symbol id="sm-ab8">
         <name>UARTCharsAvail</name>
         <value>0x20009bdd</value>
         <object_component_ref idref="oc-12b"/>
      </symbol>
      <symbol id="sm-ab9">
         <name>UARTCharGetNonBlocking</name>
         <value>0x20009a7f</value>
         <object_component_ref idref="oc-2b1"/>
      </symbol>
      <symbol id="sm-aba">
         <name>UARTCharPut</name>
         <value>0x20009a27</value>
         <object_component_ref idref="oc-115"/>
      </symbol>
      <symbol id="sm-abb">
         <name>UARTEnable</name>
         <value>0x20009881</value>
         <object_component_ref idref="oc-147"/>
      </symbol>
      <symbol id="sm-abc">
         <name>UARTIntClear</name>
         <value>0x20009d23</value>
         <object_component_ref idref="oc-131"/>
      </symbol>
      <symbol id="sm-abd">
         <name>UARTDMADisable</name>
         <value>0x20009bf5</value>
         <object_component_ref idref="oc-14d"/>
      </symbol>
      <symbol id="sm-abe">
         <name>UARTCharGet</name>
         <value>0x20009c69</value>
         <object_component_ref idref="oc-125"/>
      </symbol>
      <symbol id="sm-abf">
         <name>UARTIntRegister</name>
         <value>0x20009a45</value>
         <object_component_ref idref="oc-15f"/>
      </symbol>
      <symbol id="sm-ac3">
         <name>UtilsDelay</name>
         <value>0x20009d8b</value>
         <object_component_ref idref="oc-f6"/>
      </symbol>
      <symbol id="sm-acd">
         <name>CPUcpsie</name>
         <value>0x20009cab</value>
         <object_component_ref idref="oc-1d6"/>
      </symbol>
      <symbol id="sm-acf">
         <name>__TI_static_base__</name>
         <value>0x2000a6a0</value>
      </symbol>
      <symbol id="sm-ad2">
         <name>SHT$$INIT_ARRAY$$Limit</name>
         <value>0x0</value>
      </symbol>
      <symbol id="sm-ad3">
         <name>SHT$$INIT_ARRAY$$Base</name>
         <value>0x0</value>
      </symbol>
   </symbol_table>
   <title>Link successful</title>
</link_info>
