******************************************************************************
                  TI ARM Linker PC v16.9.0                     
******************************************************************************
>> Linked Fri Apr 29 00:16:55 2022

OUTPUT FILE NAME:   <Board1.out>
ENTRY POINT SYMBOL: "_c_int00"  address: 200092a5


MEMORY CONFIGURATION

         name            origin    length      used     unused   attr    fill
----------------------  --------  ---------  --------  --------  ----  --------
  SRAM_CODE             20004000   00013000  0000616c  0000ce94  RW X
  SRAM_DATA             20017000   00019000  00001a34  000175cc  RW X


SEGMENT ALLOCATION MAP

run origin  load origin   length   init length attrs members
----------  ----------- ---------- ----------- ----- -------
20004000    20004000    00006170   00006170    r-x
  20004000    20004000    00000400   00000400    r-- .intvecs
  20004400    20004400    000054c0   000054c0    r-x .text
  200098c0    200098c0    00000834   00000834    r-- .const
  2000a0f8    2000a0f8    00000078   00000078    r-- .cinit
20017000    20017000    00001234   00000000    rw-
  20017000    20017000    000009b8   00000000    rw- .bss
  200179b8    200179b8    00000800   00000000    rw- .sysmem
  200181b8    200181b8    0000007c   00000000    rw- .data
2002f800    2002f800    00000800   00000000    rw-
  2002f800    2002f800    00000800   00000000    rw- .stack


SECTION ALLOCATION MAP

 output                                  attributes/
section   page    origin      length       input sections
--------  ----  ----------  ----------   ----------------
.intvecs   0    20004000    00000400     
                  20004000    00000400     startup_ccs.obj (.intvecs)

.init_array 
*          0    20004000    00000000     UNINITIALIZED

.text      0    20004400    000054c0     
                  20004400    0000111e     rtsv7M4_T_le_eabi.lib : _printfi.obj (.text)
                  2000551e    00000002     driverlib.a : interrupt.obj (.text:IntDefaultHandler)
                  20005520    000010f8     main.obj (.text)
                  20006618    00000a80     Adafruit_GFX.obj (.text)
                  20007098    000004ea     Adafruit_OLED.obj (.text)
                  20007582    00000002     rtsv7M4_T_le_eabi.lib : mpu_init.obj (.text)
                  20007584    000003d0                           : memory.obj (.text)
                  20007954    00000324                           : trgdrv.obj (.text)
                  20007c78    00000280     uart_if.obj (.text)
                  20007ef8    000001f4     rtsv7M4_T_le_eabi.lib : ull_div_t2.obj (.text)
                  200080ec    000001b6                           : fd_add_t2.obj (.text)
                  200082a2    00000002                           : startup.obj (.text)
                  200082a4    00000178     driverlib.a : prcm.obj (.text:PRCMCC3200MCUInit)
                  2000841c    00000136     rtsv7M4_T_le_eabi.lib : fd_div_t2.obj (.text)
                  20008552    00000002     --HOLE-- [fill = 0]
                  20008554    00000130     pin_mux_config.obj (.text)
                  20008684    000000fc     rtsv7M4_T_le_eabi.lib : fd_mul_t2.obj (.text)
                  20008780    000000d0                           : s_scalbn.obj (.text)
                  20008850    000000a8     driverlib.a : interrupt.obj (.text:IntEnable)
                  200088f8    000000a0                 : spi.obj (.text:SPIConfigSetExpClk)
                  20008998    0000009c     rtsv7M4_T_le_eabi.lib : memcpy_t2.obj (.text)
                  20008a34    00000094     driverlib.a : prcm.obj (.text:PRCMPeripheralClockGet)
                  20008ac8    00000088                 : pin.obj (.text:PinConfigSet)
                  20008b50    00000088     rtsv7M4_T_le_eabi.lib : vsnprintf.obj (.text)
                  20008bd8    00000086                           : fd_cmp_t2.obj (.text:__aeabi_cdcmple)
                  20008c5e    00000086                           : fd_cmp_t2.obj (.text:__aeabi_cdrcmple)
                  20008ce4    00000082     driverlib.a : gpio.obj (.text:GPIOIntTypeSet)
                  20008d66    0000007a     rtsv7M4_T_le_eabi.lib : memset_t2.obj (.text)
                  20008de0    00000076     driverlib.a : uart.obj (.text:UARTConfigSetExpClk)
                  20008e56    00000002     --HOLE-- [fill = 0]
                  20008e58    00000070     rtsv7M4_T_le_eabi.lib : autoinit.obj (.text)
                  20008ec8    00000068                           : copy_decompress_lzss.obj (.text:decompress:lzss)
                  20008f30    00000068                           : trgmsg.obj (.text)
                  20008f98    0000005c                           : s_frexp.obj (.text)
                  20008ff4    00000058     driverlib.a : prcm.obj (.text:PRCMPeripheralReset)
                  2000904c    00000056     rtsv7M4_T_le_eabi.lib : ltoa.obj (.text)
                  200090a2    00000002     --HOLE-- [fill = 0]
                  200090a4    00000054                           : exit.obj (.text)
                  200090f8    0000004c                           : atoi.obj (.text)
                  20009144    0000004c                           : cpy_tbl.obj (.text)
                  20009190    00000048     driverlib.a : gpio.obj (.text:GPIOGetIntNumber)
                  200091d8    00000048     rtsv7M4_T_le_eabi.lib : fd_toi_t2.obj (.text)
                  20009220    00000044     driverlib.a : uart.obj (.text:UARTIntNumberGet)
                  20009264    00000040                 : pin.obj (.text:PinModeSet)
                  200092a4    00000040     rtsv7M4_T_le_eabi.lib : boot.obj (.text)
                  200092e4    0000003c     driverlib.a : prcm.obj (.text:PRCMPeripheralClkEnable)
                  20009320    00000036                 : gpio.obj (.text:GPIODirModeSet)
                  20009356    00000030                 : pin.obj (.text:PinTypeGPIO)
                  20009386    00000002     --HOLE-- [fill = 0]
                  20009388    00000030                 : uart.obj (.text:UARTDisable)
                  200093b8    0000002e     rtsv7M4_T_le_eabi.lib : i_tofd_t2.obj (.text)
                  200093e6    00000002     --HOLE-- [fill = 0]
                  200093e8    0000002c     driverlib.a : prcm.obj (.text:PRCMSysResetCauseGet)
                  20009414    00000028                 : prcm.obj (.text:PRCMPeripheralClkDisable)
                  2000943c    00000024                 : interrupt.obj (.text:IntUnregister)
                  20009460    00000024                 : uart.obj (.text:UARTEnable)
                  20009484    00000024     rtsv7M4_T_le_eabi.lib : memmov.obj (.text)
                  200094a8    00000022     driverlib.a : gpio.obj (.text:GPIOIntStatus)
                  200094ca    00000022                 : spi.obj (.text:SPIReset)
                  200094ec    00000020                 : gpio.obj (.text:GPIOPinWrite)
                  2000950c    00000020                 : interrupt.obj (.text:IntRegister)
                  2000952c    00000020                 : spi.obj (.text:SPIDataGet)
                  2000954c    0000001e                 : gpio.obj (.text:GPIOIntRegister)
                  2000956a    0000001e                 : spi.obj (.text:SPIDataPut)
                  20009588    0000001e                 : uart.obj (.text:UARTCharPut)
                  200095a6    0000001e                 : uart.obj (.text:UARTIntRegister)
                  200095c4    0000001c                 : uart.obj (.text:UARTCharGetNonBlocking)
                  200095e0    0000001c     rtsv7M4_T_le_eabi.lib : memccpy.obj (.text)
                  200095fc    0000001a     driverlib.a : gpio.obj (.text:GPIOIntEnable)
                  20009616    0000001a                 : pin.obj (.text:PinTypeSPI)
                  20009630    0000001a                 : pin.obj (.text:PinTypeUART)
                  2000964a    00000018                 : spi.obj (.text:SPICSDisable)
                  20009662    00000018                 : spi.obj (.text:SPICSEnable)
                  2000967a    00000018                 : spi.obj (.text:SPIDisable)
                  20009692    00000018                 : spi.obj (.text:SPIEnable)
                  200096aa    00000002     --HOLE-- [fill = 0]
                  200096ac    00000018                 : systick.obj (.text:SysTickIntUnregister)
                  200096c4    00000018                 : systick.obj (.text:SysTickPeriodSet)
                  200096dc    00000018                 : uart.obj (.text:UARTBusy)
                  200096f4    00000018                 : uart.obj (.text:UARTCharsAvail)
                  2000970c    00000018                 : uart.obj (.text:UARTDMADisable)
                  20009724    00000018                 : uart.obj (.text:UARTIntEnable)
                  2000973c    00000018     rtsv7M4_T_le_eabi.lib : args_main.obj (.text)
                  20009754    00000016     driverlib.a : prcm.obj (.text:PRCMHIBRegRead)
                  2000976a    00000016                 : prcm.obj (.text:PRCMHIBRegWrite)
                  20009780    00000016                 : uart.obj (.text:UARTCharGet)
                  20009796    00000016                 : uart.obj (.text:UARTFIFODisable)
                  200097ac    00000016     rtsv7M4_T_le_eabi.lib : strchr.obj (.text)
                  200097c2    00000014     driverlib.a : cpu.obj (.text:CPUcpsie)
                  200097d6    00000014                 : gpio.obj (.text:GPIOIntClear)
                  200097ea    00000002     --HOLE-- [fill = 0]
                  200097ec    00000014                 : interrupt.obj (.text:IntVTableBaseSet)
                  20009800    00000014     rtsv7M4_T_le_eabi.lib : _lock.obj (.text)
                  20009814    00000014                           : strcpy.obj (.text)
                  20009828    00000014                           : strlen.obj (.text)
                  2000983c    00000012     driverlib.a : uart.obj (.text:UARTIntClear)
                  2000984e    00000002     --HOLE-- [fill = 0]
                  20009850    00000010                 : systick.obj (.text:SysTickEnable)
                  20009860    0000000e     rtsv7M4_T_le_eabi.lib : copy_decompress_none.obj (.text:decompress:none)
                  2000986e    0000000e                           : time.obj (.text)
                  2000987c    0000000e     startup_ccs.obj (.text)
                  2000988a    00000002     --HOLE-- [fill = 0]
                  2000988c    0000000c     driverlib.a : systick.obj (.text:SysTickValueGet)
                  20009898    0000000c     rtsv7M4_T_le_eabi.lib : copy_zero_init.obj (.text:decompress:ZI)
                  200098a4    0000000a     driverlib.a : interrupt.obj (.text:IntMasterEnable)
                  200098ae    00000008     rtsv7M4_T_le_eabi.lib : s_copysign.obj (.text)
                  200098b6    00000006     driverlib.a : utils.obj (.text:UtilsDelay)
                  200098bc    00000004     rtsv7M4_T_le_eabi.lib : pre_init.obj (.text)

.const     0    200098c0    00000834     
                  200098c0    000004fb     Adafruit_GFX.obj (.const:.string:font)
                  20009dbb    00000101     rtsv7M4_T_le_eabi.lib : ctype.obj (.const:.string:_ctypes_)
                  20009ebc    00000100     driverlib.a : pin.obj (.const:g_ulPinToPadMap)
                  20009fbc    000000a8                 : prcm.obj (.const:PRCM_PeriphRegsList)
                  2000a064    00000080                 : interrupt.obj (.const)
                  2000a0e4    00000010                 : uart.obj (.const)

.cinit     0    2000a0f8    00000078     
                  2000a0f8    00000053     (.cinit..data.load) [load image, compression = lzss]
                  2000a14b    00000001     --HOLE-- [fill = 0]
                  2000a14c    0000000c     (__TI_handler_table)
                  2000a158    00000008     (.cinit..bss.load) [load image, compression = zero_init]
                  2000a160    00000010     (__TI_cinit_table)

.bss       0    20017000    000009b8     UNINITIALIZED
                  20017000    00000800     (.common:c_message)
                  20017800    00000120     rtsv7M4_T_le_eabi.lib : trgmsg.obj (.bss:_CIOBUF_)
                  20017920    0000008c     (.common:times)
                  200179ac    00000008                           : trgdrv.obj (.bss:parmbuf)
                  200179b4    00000004     uart_if.obj (.bss)

.sysmem    0    200179b8    00000800     UNINITIALIZED
                  200179b8    00000008     rtsv7M4_T_le_eabi.lib : memory.obj (.sysmem)
                  200179c0    000007f8     --HOLE--

.data      0    200181b8    0000007c     UNINITIALIZED
                  200181b8    00000020     main.obj (.data)
                  200181d8    00000015     Adafruit_GFX.obj (.data)
                  200181ed    00000003     --HOLE--
                  200181f0    00000014     main.obj (.data:color_arr)
                  20018204    0000000c     rtsv7M4_T_le_eabi.lib : exit.obj (.data:$O1$$)
                  20018210    0000000c                           : memory.obj (.data:$O1$$)
                  2001821c    00000008                           : _lock.obj (.data:$O1$$)
                  20018224    00000008     main.obj (.data:switch2)
                  2001822c    00000004     rtsv7M4_T_le_eabi.lib : errno.obj (.data)
                  20018230    00000004                           : stkdepth_vars.obj (.data)

.stack     0    2002f800    00000800     UNINITIALIZED
                  2002f800    00000800     --HOLE--

MODULE SUMMARY

       Module                     code    ro data   rw data
       ------                     ----    -------   -------
    .\
       main.obj                   4344    0         2248   
       Adafruit_GFX.obj           2688    1275      21     
       Adafruit_OLED.obj          1258    0         0      
       startup_ccs.obj            14      1024      0      
       uart_if.obj                640     0         4      
       pin_mux_config.obj         304     0         0      
    +--+--------------------------+-------+---------+---------+
       Total:                     9248    2299      2273   
                                                           
    C:/ti/CC3200SDK_1.2.0/cc3200-sdk/driverlib/ccs/Release/driverlib.a
       prcm.obj                   800     168       0      
       pin.obj                    300     256       0      
       uart.obj                   516     16        0      
       gpio.obj                   398     0         0      
       interrupt.obj              268     128       0      
       spi.obj                    352     0         0      
       systick.obj                76      0         0      
       cpu.obj                    20      0         0      
       utils.obj                  6       0         0      
    +--+--------------------------+-------+---------+---------+
       Total:                     2736    568       0      
                                                           
    C:\ti\ccsv7\tools\compiler\ti-cgt-arm_16.9.0.LTS\lib\rtsv7M4_T_le_eabi.lib
       _printfi.obj               4382    0         0      
       memory.obj                 976     0         12     
       trgdrv.obj                 804     0         8      
       ull_div_t2.obj             500     0         0      
       fd_add_t2.obj              438     0         0      
       trgmsg.obj                 104     0         288    
       fd_div_t2.obj              310     0         0      
       fd_cmp_t2.obj              268     0         0      
       ctype.obj                  0       257       0      
       fd_mul_t2.obj              252     0         0      
       s_scalbn.obj               208     0         0      
       memcpy_t2.obj              156     0         0      
       vsnprintf.obj              136     0         0      
       memset_t2.obj              122     0         0      
       autoinit.obj               112     0         0      
       copy_decompress_lzss.obj   104     0         0      
       exit.obj                   84      0         12     
       s_frexp.obj                92      0         0      
       ltoa.obj                   86      0         0      
       atoi.obj                   76      0         0      
       cpy_tbl.obj                76      0         0      
       fd_toi_t2.obj              72      0         0      
       boot.obj                   64      0         0      
       i_tofd_t2.obj              46      0         0      
       memmov.obj                 36      0         0      
       _lock.obj                  20      0         8      
       memccpy.obj                28      0         0      
       args_main.obj              24      0         0      
       strchr.obj                 22      0         0      
       strcpy.obj                 20      0         0      
       strlen.obj                 20      0         0      
       copy_decompress_none.obj   14      0         0      
       time.obj                   14      0         0      
       copy_zero_init.obj         12      0         0      
       s_copysign.obj             8       0         0      
       errno.obj                  0       0         4      
       pre_init.obj               4       0         0      
       stkdepth_vars.obj          0       0         4      
       mpu_init.obj               2       0         0      
       startup.obj                2       0         0      
    +--+--------------------------+-------+---------+---------+
       Total:                     9694    257       336    
                                                           
       Heap:                      0       0         2048   
       Stack:                     0       0         2048   
       Linker Generated:          0       119       0      
    +--+--------------------------+-------+---------+---------+
       Grand Total:               21678   3243      6705   


LINKER GENERATED COPY TABLES

__TI_cinit_table @ 2000a160 records: 2, size/record: 8, table size: 16
	.data: load addr=2000a0f8, load size=00000053 bytes, run addr=200181b8, run size=0000007c bytes, compression=lzss
	.bss: load addr=2000a158, load size=00000008 bytes, run addr=20017000, run size=000009b8 bytes, compression=zero_init


LINKER GENERATED HANDLER TABLE

__TI_handler_table @ 2000a14c records: 3, size/record: 4, table size: 12
	index: 0, handler: __TI_decompress_lzss
	index: 1, handler: __TI_decompress_none
	index: 2, handler: __TI_zero_init


GLOBAL SYMBOLS: SORTED ALPHABETICALLY BY Name 

address   name                           
-------   ----                           
20007145  Adafruit_Init                  
200090a5  C$$EXIT                        
20008f5f  C$$IO$$                        
200097c3  CPUcpsie                       
20007cb9  ClearTerm                      
200072db  Color565                       
20007cc3  Error                          
20009321  GPIODirModeSet                 
200097d7  GPIOIntClear                   
200095fd  GPIOIntEnable                  
2000954d  GPIOIntRegister                
200094a9  GPIOIntStatus                  
20008ce5  GPIOIntTypeSet                 
200094ed  GPIOPinWrite                   
20007cfb  GetCmd                         
20007c2f  HOSTclock                      
20007bf7  HOSTclose                      
20007bb9  HOSTgetenv                     
20007b5d  HOSTlseek                      
20007b0b  HOSTopen                       
20007abf  HOSTread                       
20007a61  HOSTrename                     
20007a27  HOSTtime                       
200079d9  HOSTtime64                     
200079a1  HOSTunlink                     
20007955  HOSTwrite                      
20007c79  InitTerm                       
20008851  IntEnable                      
200098a5  IntMasterEnable                
2000950d  IntRegister                    
2000943d  IntUnregister                  
200097ed  IntVTableBaseSet               
20007c97  Message                        
20006fc3  Outstr                         
200082a5  PRCMCC3200MCUInit              
20009755  PRCMHIBRegRead                 
2000976b  PRCMHIBRegWrite                
20009415  PRCMPeripheralClkDisable       
200092e5  PRCMPeripheralClkEnable        
20008a35  PRCMPeripheralClockGet         
20008ff5  PRCMPeripheralReset            
200093e9  PRCMSysResetCauseGet           
20008ac9  PinConfigSet                   
20009265  PinModeSet                     
20008555  PinMuxConfig                   
20009357  PinTypeGPIO                    
20009617  PinTypeSPI                     
20009631  PinTypeUART                    
20007e39  Report                         
2000987d  ResetISR                       
UNDEFED   SHT$$INIT_ARRAY$$Base          
UNDEFED   SHT$$INIT_ARRAY$$Limit         
2000964b  SPICSDisable                   
20009663  SPICSEnable                    
200088f9  SPIConfigSetExpClk             
2000952d  SPIDataGet                     
2000956b  SPIDataPut                     
2000967b  SPIDisable                     
20009693  SPIEnable                      
200094cb  SPIReset                       
2000574b  SendMessage                    
20009851  SysTickEnable                  
200096ad  SysTickIntUnregister           
200096c5  SysTickPeriodSet               
2000988d  SysTickValueGet                
20007da1  TrimSpace                      
200096dd  UARTBusy                       
20009781  UARTCharGet                    
200095c5  UARTCharGetNonBlocking         
20009589  UARTCharPut                    
200096f5  UARTCharsAvail                 
20008de1  UARTConfigSetExpClk            
2000970d  UARTDMADisable                 
20009389  UARTDisable                    
20009461  UARTEnable                     
20009797  UARTFIFODisable                
2000983d  UARTIntClear                   
20009725  UARTIntEnable                  
200095a7  UARTIntRegister                
2000580d  UARTMessageInHandler           
200098b7  UtilsDelay                     
20017800  __CIOBUF_                      
20030000  __STACK_END                    
00000800  __STACK_SIZE                   
00000800  __SYSMEM_SIZE                  
2000a160  __TI_CINIT_Base                
2000a170  __TI_CINIT_Limit               
2000a14c  __TI_Handler_Table_Base        
2000a158  __TI_Handler_Table_Limit       
20008e59  __TI_auto_init                 
20018204  __TI_cleanup_ptr               
20008ec9  __TI_decompress_lzss           
20009861  __TI_decompress_none           
20018208  __TI_dtors_ptr                 
2001820c  __TI_enable_exit_profile_output
ffffffff  __TI_pprof_out_hndl            
20004c35  __TI_printfi                   
ffffffff  __TI_prof_data_size            
ffffffff  __TI_prof_data_start           
20008f63  __TI_readmsg                   
2000a0f8  __TI_static_base__             
20008f31  __TI_writemsg                  
20009899  __TI_zero_init                 
20008bd9  __aeabi_cdcmpeq                
20008bd9  __aeabi_cdcmple                
20008c5f  __aeabi_cdrcmple               
200091d9  __aeabi_d2iz                   
200080f7  __aeabi_dadd                   
2000841d  __aeabi_ddiv                   
20008685  __aeabi_dmul                   
200080ed  __aeabi_dsub                   
200093b9  __aeabi_i2d                    
20008d67  __aeabi_memclr                 
20008d67  __aeabi_memclr4                
20008d67  __aeabi_memclr8                
20008999  __aeabi_memcpy                 
20008999  __aeabi_memcpy4                
20008999  __aeabi_memcpy8                
20008d69  __aeabi_memset                 
20008d69  __aeabi_memset4                
20008d69  __aeabi_memset8                
20007ef9  __aeabi_uldivmod               
ffffffff  __binit__                      
ffffffff  __c_args__                     
20007583  __mpu_init                     
2002f800  __stack                        
2000986f  __time32                       
2000973d  _args_main                     
200092a5  _c_int00                       
20009dbb  _ctypes_                       
2001821c  _lock                          
2000980f  _nop                           
20009807  _register_lock                 
20009801  _register_unlock               
200179b8  _sys_memory                    
200082a3  _system_post_cinit             
200098bd  _system_pre_init               
20018220  _unlock                        
200090a9  abort                          
200090f9  atoi                           
ffffffff  binit                          
2000571b  c_char_clear                   
2000561f  c_clear                        
20017000  c_message                      
200181cc  c_message_index                
200181bc  c_x                            
200181c0  c_y                            
20007925  calloc                         
200181f0  color_arr                      
200181d0  color_arr_index                
20009145  copy_in                        
200098af  copysign                       
200098af  copysignl                      
200181d8  cursor_x                       
200181dc  cursor_y                       
20006e77  drawChar                       
20006619  drawCircle                     
2000674d  drawCircleHelper               
2000748d  drawFastHLine                  
200073e9  drawFastVLine                  
20006993  drawLine                       
20007529  drawPixel                      
20006a7f  drawRect                       
20006acd  drawRoundRect                  
20006c35  drawTriangle                   
2001822c  errno                          
200090b1  exit                           
2000686b  fillCircle                     
200068a5  fillCircleHelper               
20007333  fillRect                       
20006bbb  fillRoundRect                  
2000731d  fillScreen                     
20006c77  fillTriangle                   
2000766f  free                           
20008f99  frexp                          
20008f99  frexpl                         
20004000  g_pfnVectors                   
20007297  goTo                           
20007077  height                         
20007567  invert                         
20008781  ldexp                          
20008781  ldexpl                         
2000904d  ltoa                           
20005949  main                           
20018230  main_func_sp                   
20007605  malloc                         
20007839  memalign                       
200095e1  memccpy                        
20008999  memcpy                         
20009485  memmove                        
20008d6f  memset                         
20007585  minit                          
200181d4  prevbutton                     
200056a7  r_clear                        
200181c4  r_x                            
200181c8  r_y                            
20007731  realloc                        
20008781  scalbn                         
20008781  scalbnl                        
2000700f  setCursor                      
20007047  setTextColor                   
20007027  setTextSize                    
2000705f  setTextWrap                    
200097ad  strchr                         
20009815  strcpy                         
20009829  strlen                         
200181e8  textbgcolor                    
200181e4  textcolor                      
200181e0  textsize                       
2000986f  time                           
20017920  times                          
200181b8  times_index                    
20008b51  vsnprintf                      
20007073  width                          
200181ec  wrap                           
20007099  writeCommand                   
200070ef  writeData                      


GLOBAL SYMBOLS: SORTED BY Symbol Address 

address   name                           
-------   ----                           
00000800  __STACK_SIZE                   
00000800  __SYSMEM_SIZE                  
20004000  g_pfnVectors                   
20004c35  __TI_printfi                   
2000561f  c_clear                        
200056a7  r_clear                        
2000571b  c_char_clear                   
2000574b  SendMessage                    
2000580d  UARTMessageInHandler           
20005949  main                           
20006619  drawCircle                     
2000674d  drawCircleHelper               
2000686b  fillCircle                     
200068a5  fillCircleHelper               
20006993  drawLine                       
20006a7f  drawRect                       
20006acd  drawRoundRect                  
20006bbb  fillRoundRect                  
20006c35  drawTriangle                   
20006c77  fillTriangle                   
20006e77  drawChar                       
20006fc3  Outstr                         
2000700f  setCursor                      
20007027  setTextSize                    
20007047  setTextColor                   
2000705f  setTextWrap                    
20007073  width                          
20007077  height                         
20007099  writeCommand                   
200070ef  writeData                      
20007145  Adafruit_Init                  
20007297  goTo                           
200072db  Color565                       
2000731d  fillScreen                     
20007333  fillRect                       
200073e9  drawFastVLine                  
2000748d  drawFastHLine                  
20007529  drawPixel                      
20007567  invert                         
20007583  __mpu_init                     
20007585  minit                          
20007605  malloc                         
2000766f  free                           
20007731  realloc                        
20007839  memalign                       
20007925  calloc                         
20007955  HOSTwrite                      
200079a1  HOSTunlink                     
200079d9  HOSTtime64                     
20007a27  HOSTtime                       
20007a61  HOSTrename                     
20007abf  HOSTread                       
20007b0b  HOSTopen                       
20007b5d  HOSTlseek                      
20007bb9  HOSTgetenv                     
20007bf7  HOSTclose                      
20007c2f  HOSTclock                      
20007c79  InitTerm                       
20007c97  Message                        
20007cb9  ClearTerm                      
20007cc3  Error                          
20007cfb  GetCmd                         
20007da1  TrimSpace                      
20007e39  Report                         
20007ef9  __aeabi_uldivmod               
200080ed  __aeabi_dsub                   
200080f7  __aeabi_dadd                   
200082a3  _system_post_cinit             
200082a5  PRCMCC3200MCUInit              
2000841d  __aeabi_ddiv                   
20008555  PinMuxConfig                   
20008685  __aeabi_dmul                   
20008781  ldexp                          
20008781  ldexpl                         
20008781  scalbn                         
20008781  scalbnl                        
20008851  IntEnable                      
200088f9  SPIConfigSetExpClk             
20008999  __aeabi_memcpy                 
20008999  __aeabi_memcpy4                
20008999  __aeabi_memcpy8                
20008999  memcpy                         
20008a35  PRCMPeripheralClockGet         
20008ac9  PinConfigSet                   
20008b51  vsnprintf                      
20008bd9  __aeabi_cdcmpeq                
20008bd9  __aeabi_cdcmple                
20008c5f  __aeabi_cdrcmple               
20008ce5  GPIOIntTypeSet                 
20008d67  __aeabi_memclr                 
20008d67  __aeabi_memclr4                
20008d67  __aeabi_memclr8                
20008d69  __aeabi_memset                 
20008d69  __aeabi_memset4                
20008d69  __aeabi_memset8                
20008d6f  memset                         
20008de1  UARTConfigSetExpClk            
20008e59  __TI_auto_init                 
20008ec9  __TI_decompress_lzss           
20008f31  __TI_writemsg                  
20008f5f  C$$IO$$                        
20008f63  __TI_readmsg                   
20008f99  frexp                          
20008f99  frexpl                         
20008ff5  PRCMPeripheralReset            
2000904d  ltoa                           
200090a5  C$$EXIT                        
200090a9  abort                          
200090b1  exit                           
200090f9  atoi                           
20009145  copy_in                        
200091d9  __aeabi_d2iz                   
20009265  PinModeSet                     
200092a5  _c_int00                       
200092e5  PRCMPeripheralClkEnable        
20009321  GPIODirModeSet                 
20009357  PinTypeGPIO                    
20009389  UARTDisable                    
200093b9  __aeabi_i2d                    
200093e9  PRCMSysResetCauseGet           
20009415  PRCMPeripheralClkDisable       
2000943d  IntUnregister                  
20009461  UARTEnable                     
20009485  memmove                        
200094a9  GPIOIntStatus                  
200094cb  SPIReset                       
200094ed  GPIOPinWrite                   
2000950d  IntRegister                    
2000952d  SPIDataGet                     
2000954d  GPIOIntRegister                
2000956b  SPIDataPut                     
20009589  UARTCharPut                    
200095a7  UARTIntRegister                
200095c5  UARTCharGetNonBlocking         
200095e1  memccpy                        
200095fd  GPIOIntEnable                  
20009617  PinTypeSPI                     
20009631  PinTypeUART                    
2000964b  SPICSDisable                   
20009663  SPICSEnable                    
2000967b  SPIDisable                     
20009693  SPIEnable                      
200096ad  SysTickIntUnregister           
200096c5  SysTickPeriodSet               
200096dd  UARTBusy                       
200096f5  UARTCharsAvail                 
2000970d  UARTDMADisable                 
20009725  UARTIntEnable                  
2000973d  _args_main                     
20009755  PRCMHIBRegRead                 
2000976b  PRCMHIBRegWrite                
20009781  UARTCharGet                    
20009797  UARTFIFODisable                
200097ad  strchr                         
200097c3  CPUcpsie                       
200097d7  GPIOIntClear                   
200097ed  IntVTableBaseSet               
20009801  _register_unlock               
20009807  _register_lock                 
2000980f  _nop                           
20009815  strcpy                         
20009829  strlen                         
2000983d  UARTIntClear                   
20009851  SysTickEnable                  
20009861  __TI_decompress_none           
2000986f  __time32                       
2000986f  time                           
2000987d  ResetISR                       
2000988d  SysTickValueGet                
20009899  __TI_zero_init                 
200098a5  IntMasterEnable                
200098af  copysign                       
200098af  copysignl                      
200098b7  UtilsDelay                     
200098bd  _system_pre_init               
20009dbb  _ctypes_                       
2000a0f8  __TI_static_base__             
2000a14c  __TI_Handler_Table_Base        
2000a158  __TI_Handler_Table_Limit       
2000a160  __TI_CINIT_Base                
2000a170  __TI_CINIT_Limit               
20017000  c_message                      
20017800  __CIOBUF_                      
20017920  times                          
200179b8  _sys_memory                    
200181b8  times_index                    
200181bc  c_x                            
200181c0  c_y                            
200181c4  r_x                            
200181c8  r_y                            
200181cc  c_message_index                
200181d0  color_arr_index                
200181d4  prevbutton                     
200181d8  cursor_x                       
200181dc  cursor_y                       
200181e0  textsize                       
200181e4  textcolor                      
200181e8  textbgcolor                    
200181ec  wrap                           
200181f0  color_arr                      
20018204  __TI_cleanup_ptr               
20018208  __TI_dtors_ptr                 
2001820c  __TI_enable_exit_profile_output
2001821c  _lock                          
20018220  _unlock                        
2001822c  errno                          
20018230  main_func_sp                   
2002f800  __stack                        
20030000  __STACK_END                    
ffffffff  __TI_pprof_out_hndl            
ffffffff  __TI_prof_data_size            
ffffffff  __TI_prof_data_start           
ffffffff  __binit__                      
ffffffff  __c_args__                     
ffffffff  binit                          
UNDEFED   SHT$$INIT_ARRAY$$Base          
UNDEFED   SHT$$INIT_ARRAY$$Limit         

[217 symbols]
