******************************************************************************
                  TI ARM Linker PC v20.2.5                     
******************************************************************************
>> Linked Sat May 28 10:41:38 2022

OUTPUT FILE NAME:   <Lab5.out>
ENTRY POINT SYMBOL: "_c_int00_noargs"  address: 2000eb59


MEMORY CONFIGURATION

         name            origin    length      used     unused   attr    fill
----------------------  --------  ---------  --------  --------  ----  --------
  SRAM_CODE             20004000   00013000  0000bddc  00007224  RW X
  SRAM_DATA             20017000   00019000  00009b9a  0000f466  RW X


SEGMENT ALLOCATION MAP

run origin  load origin   length   init length attrs members
----------  ----------- ---------- ----------- ----- -------
20004000    20004000    0000bde0   0000bde0    r-x
  20004000    20004000    00000400   00000400    r-- .intvecs
  20004400    20004400    0000ae1a   0000ae1a    r-x .text
  2000f21c    2000f21c    00000b3a   00000b3a    r-- .const
  2000fd58    2000fd58    00000088   00000088    r-- .cinit
20017000    20017000    00008b9c   00000000    rw-
  20017000    20017000    00008000   00000000    rw- .sysmem
  2001f000    2001f000    00000aa6   00000000    rw- .bss
  2001faa8    2001faa8    000000f4   00000000    rw- .data
2002f000    2002f000    00001000   00000000    rw-
  2002f000    2002f000    00001000   00000000    rw- .stack


SECTION ALLOCATION MAP

 output                                  attributes/
section   page    origin      length       input sections
--------  ----  ----------  ----------   ----------------
.intvecs   0    20004000    00000400     
                  20004000    00000400     startup_ccs.obj (.intvecs)

.init_array 
*          0    20004000    00000000     UNINITIALIZED

.text      0    20004400    0000ae1a     
                  20004400    0000231c     main.obj (.text)
                  2000671c    00000a80     Adafruit_GFX.obj (.text)
                  2000719c    00000a4e     rtsv7M4_T_le_eabi.lib : _printfi.c.obj (.text:__TI_printfi)
                  20007bea    00000002     driverlib.a : interrupt.obj (.text:IntDefaultHandler)
                  20007bec    00000590     simplelink.a : driver.obj (.text:_SlDrvMsgRead)
                  2000817c    000004ea     Adafruit_OLED.obj (.text)
                  20008666    00000002     rtsv7M4_T_le_eabi.lib : _lock.c.obj (.text:_nop)
                  20008668    00000398     gpio_if.obj (.text)
                  20008a00    0000027c     simplelink.a : wlan.obj (.text:sl_WlanConnect)
                  20008c7c    0000027c     uart_if.obj (.text)
                  20008ef8    00000268     rtsv7M4_T_le_eabi.lib : _printfi.c.obj (.text:_pconv_a)
                  20009160    0000024c     simplelink.a : driver.obj (.text:_SlDrvRxHdrRead)
                  200093ac    000001e4                  : driver.obj (.text:_SlDrvDataReadOp)
                  20009590    000001d0                  : driver.obj (.text:_SlDrvReleasePoolObj)
                  20009760    000001cc     rtsv7M4_T_le_eabi.lib : _printfi.c.obj (.text:_pconv_g)
                  2000992c    000001b6                           : fd_add_t2.asm.obj (.text)
                  20009ae2    00000002                           : div0.asm.obj (.text)
                  20009ae4    000001b4     simplelink.a : driver.obj (.text:_SlDrvDriverCBInit)
                  20009c98    0000019c                  : driver.obj (.text:_SlDrvMsgWrite)
                  20009e34    00000198     timer_if.obj (.text)
                  20009fcc    00000190     simplelink.a : driver.obj (.text:_SlDrvWaitForPoolObj)
                  2000a15c    0000018c                  : socket.obj (.text:sl_Connect)
                  2000a2e8    00000178     driverlib.a : prcm.obj (.text:PRCMCC3200MCUInit)
                  2000a460    00000170     simplelink.a : driver.obj (.text:_SlFindAndSetActiveObj)
                  2000a5d0    00000150                  : driver.obj (.text:_SlDrvDataWriteOp)
                  2000a720    00000148                  : cc_pal.obj (.text:spi_Open)
                  2000a868    00000144                  : driver.obj (.text:_SlDrvMsgReadCmdCtx)
                  2000a9ac    00000144                  : netapp.obj (.text:sl_NetAppDnsGetHostByName)
                  2000aaf0    0000013c     rtsv7M4_T_le_eabi.lib : _printfi.c.obj (.text:_pconv_e)
                  2000ac2c    00000136                           : fd_div_t2.asm.obj (.text)
                  2000ad62    00000002     --HOLE-- [fill = 0]
                  2000ad64    00000134     simplelink.a : socket.obj (.text:sl_Send)
                  2000ae98    00000130                  : driver.obj (.text:_SlDrvDriverCBDeinit)
                  2000afc8    00000130     pinmux.obj (.text)
                  2000b0f8    00000120     rtsv7M4_T_le_eabi.lib : _printfi.c.obj (.text:fcvt)
                  2000b218    00000104     simplelink.a : netapp.obj (.text:_SlDrvNetAppEventHandler)
                  2000b31c    00000100     rtsv7M4_T_le_eabi.lib : memory.c.obj (.text:aligned_alloc)
                  2000b41c    000000fc                           : fd_mul_t2.asm.obj (.text)
                  2000b518    000000f0     simplelink.a : device.obj (.text:sl_Stop)
                  2000b608    000000f0                  : cc_pal.obj (.text:spi_Read)
                  2000b6f8    000000f0     driverlib.a : udma.obj (.text:uDMAChannelTransferSet)
                  2000b7e8    000000ec     simplelink.a : device.obj (.text:sl_Start)
                  2000b8d4    000000e8                  : driver.obj (.text:_SlAsyncEventGenericHandler)
                  2000b9bc    000000e8                  : driver.obj (.text:_SlDrvMsgReadSpawnCtx)
                  2000baa4    000000e4     rtsv7M4_T_le_eabi.lib : memory.c.obj (.text:free)
                  2000bb88    000000e4                           : memory.c.obj (.text:realloc)
                  2000bc6c    000000e4     simplelink.a : netapp.obj (.text:sl_NetAppMDNSRegisterUnregisterService)
                  2000bd50    000000dc                  : driver.obj (.text:_SlDrvClassifyRxMsg)
                  2000be2c    000000d0     rtsv7M4_T_le_eabi.lib : s_scalbn.c.obj (.text:scalbn)
                  2000befc    000000cc     simplelink.a : netapp.obj (.text:_sl_HandleAsync_DnsGetHostByService)
                  2000bfc8    000000cc                  : device.obj (.text:sl_DevGet)
                  2000c094    000000c4                  : driver.obj (.text:_SlRemoveFromList)
                  2000c158    000000c0                  : driver.obj (.text:_SlDrvCmdOp)
                  2000c218    000000b1     rtsv7M4_T_le_eabi.lib : _printfi.c.obj (.text:_ltostr)
                  2000c2c9    00000003     --HOLE-- [fill = 0]
                  2000c2cc    000000b0     simplelink.a : nonos.obj (.text:_SlNonOsSemGet)
                  2000c37c    000000a8     driverlib.a : interrupt.obj (.text:IntDisable)
                  2000c424    000000a8                 : interrupt.obj (.text:IntEnable)
                  2000c4cc    000000a4     simplelink.a : driver.obj (.text:_SlDriverHandleError)
                  2000c570    000000a0     driverlib.a : spi.obj (.text:SPIConfigSetExpClk)
                  2000c610    000000a0     simplelink.a : socket.obj (.text:sl_Recv)
                  2000c6b0    0000009c     rtsv7M4_T_le_eabi.lib : memcpy_t2.asm.obj (.text)
                  2000c74c    0000009a     simplelink.a : device.obj (.text:_SlDrvDeviceEventHandler)
                  2000c7e6    00000002     --HOLE-- [fill = 0]
                  2000c7e8    00000098                  : device.obj (.text:sl_DevSet)
                  2000c880    00000098                  : netcfg.obj (.text:sl_NetCfgSet)
                  2000c918    00000098                  : socket.obj (.text:sl_SetSockOpt)
                  2000c9b0    00000098                  : wlan.obj (.text:sl_WlanSet)
                  2000ca48    00000098                  : cc_pal.obj (.text:spi_Write)
                  2000cae0    00000096     rtsv7M4_T_le_eabi.lib : ull_div_t2.asm.obj (.text)
                  2000cb76    00000002     --HOLE-- [fill = 0]
                  2000cb78    00000094     driverlib.a : prcm.obj (.text:PRCMPeripheralClockGet)
                  2000cc0c    00000090     simplelink.a : netapp.obj (.text:_sl_HandleAsync_DnsGetHostByName)
                  2000cc9c    00000090                  : netapp.obj (.text:_sl_HandleAsync_PingResponse)
                  2000cd2c    00000090                  : wlan.obj (.text:sl_WlanPolicySet)
                  2000cdbc    0000008c                  : cc_pal.obj (.text:SetupDMAReceive)
                  2000ce48    0000008c                  : cc_pal.obj (.text:SetupDMASend)
                  2000ced4    0000008c                  : driver.obj (.text:_SlDrvIsTimeoutExpired)
                  2000cf60    0000008c                  : device.obj (.text:_sl_HandleAsync_InitComplete)
                  2000cfec    0000008c                  : socket.obj (.text:sl_Socket)
                  2000d078    00000088     driverlib.a : pin.obj (.text:PinConfigSet)
                  2000d100    00000086     rtsv7M4_T_le_eabi.lib : fd_cmp_t2.asm.obj (.text:__aeabi_cdcmple)
                  2000d186    00000086                           : fd_cmp_t2.asm.obj (.text:__aeabi_cdrcmple)
                  2000d20c    00000084     simplelink.a : wlan.obj (.text:sl_WlanRxFilterSet)
                  2000d290    00000082     driverlib.a : gpio.obj (.text:GPIOIntTypeSet)
                  2000d312    00000002     --HOLE-- [fill = 0]
                  2000d314    00000080     simplelink.a : socket.obj (.text:_sl_HandleAsync_Connect)
                  2000d394    00000080                  : cc_pal.obj (.text:spi_Read_CPU)
                  2000d414    00000080                  : cc_pal.obj (.text:spi_Write_CPU)
                  2000d494    0000007a     rtsv7M4_T_le_eabi.lib : memset_t2.asm.obj (.text)
                  2000d50e    00000002     --HOLE-- [fill = 0]
                  2000d510    00000078     simplelink.a : cc_pal.obj (.text:spi_Close)
                  2000d588    00000076     driverlib.a : uart.obj (.text:UARTConfigSetExpClk)
                  2000d5fe    00000002     --HOLE-- [fill = 0]
                  2000d600    00000074     simplelink.a : nonos.obj (.text:_SlNonOsMainLoopTask)
                  2000d674    00000070     driverlib.a : timer.obj (.text:TimerIntRegister)
                  2000d6e4    00000070     rtsv7M4_T_le_eabi.lib : memory.c.obj (.text:split)
                  2000d754    0000006e                           : _printfi.c.obj (.text:_mcpy)
                  2000d7c2    00000002     --HOLE-- [fill = 0]
                  2000d7c4    0000006c     simplelink.a : driver.obj (.text:_SlDrvCmdSend)
                  2000d830    0000006c                  : netapp.obj (.text:_sl_NetAppSendTokenValue)
                  2000d89c    00000068     driverlib.a : timer.obj (.text:TimerIntUnregister)
                  2000d904    00000068     rtsv7M4_T_le_eabi.lib : copy_decompress_lzss.c.obj (.text:decompress:lzss:__TI_decompress_lzss)
                  2000d96c    00000064     simplelink.a : nonos.obj (.text:_SlNonOsSpawn)
                  2000d9d0    00000064                  : socket.obj (.text:_sl_HandleAsync_Accept)
                  2000da34    00000064                  : netapp.obj (.text:sl_NetAppMDNSUnRegisterService)
                  2000da98    00000064     driverlib.a : udma.obj (.text:uDMAChannelAttributeDisable)
                  2000dafc    00000064                 : udma.obj (.text:uDMAChannelAttributeEnable)
                  2000db60    00000060     simplelink.a : socket.obj (.text:sl_Close)
                  2000dbc0    00000060                  : wlan.obj (.text:sl_WlanProfileDel)
                  2000dc20    00000060                  : wlan.obj (.text:sl_WlanSetMode)
                  2000dc80    0000005c     rtsv7M4_T_le_eabi.lib : s_frexp.c.obj (.text:frexp)
                  2000dcdc    00000058     driverlib.a : interrupt.obj (.text:IntPendClear)
                  2000dd34    00000058                 : prcm.obj (.text:PRCMPeripheralReset)
                  2000dd8c    00000056     rtsv7M4_T_le_eabi.lib : _printfi.c.obj (.text:_pconv_f)
                  2000dde2    00000002     --HOLE-- [fill = 0]
                  2000dde4    00000054     driverlib.a : interrupt.obj (.text:IntPrioritySet)
                  2000de38    00000054     simplelink.a : driver.obj (.text:_SlDrvRxIrqHandler)
                  2000de8c    00000054     rtsv7M4_T_le_eabi.lib : _ltoa.c.obj (.text:__TI_ltoa)
                  2000dee0    00000054     simplelink.a : socket.obj (.text:_sl_HandleAsync_Select)
                  2000df34    00000052     rtsv7M4_T_le_eabi.lib : _printfi.c.obj (.text:_ecpy)
                  2000df86    00000002     --HOLE-- [fill = 0]
                  2000df88    00000050     simplelink.a : device.obj (.text:_sl_HandleAsync_Stop)
                  2000dfd8    0000004c     driverlib.a : spi.obj (.text:SPIIntEnable)
                  2000e024    0000004c                 : spi.obj (.text:SPIIntNumberGet)
                  2000e070    0000004c     simplelink.a : driver.obj (.text:_SlDrvProtectAsyncRespSetting)
                  2000e0bc    0000004c                  : socket.obj (.text:_sl_BuildAddress)
                  2000e108    0000004c     rtsv7M4_T_le_eabi.lib : atoi.c.obj (.text:atoi)
                  2000e154    0000004c     driverlib.a : udma.obj (.text:uDMAChannelAssign)
                  2000e1a0    00000048                 : gpio.obj (.text:GPIOGetIntNumber)
                  2000e1e8    00000048                 : spi.obj (.text:SPIIntClear)
                  2000e230    00000048     simplelink.a : driver.obj (.text:_SlDrvBasicCmd)
                  2000e278    00000048     rtsv7M4_T_le_eabi.lib : fd_toi_t2.asm.obj (.text)
                  2000e2c0    00000044     driverlib.a : spi.obj (.text:SPIDmaMaskGet)
                  2000e304    00000044                 : timer.obj (.text:TimerConfigure)
                  2000e348    00000044     simplelink.a : driver.obj (.text:_SlDrvSyncObjWaitTimeout)
                  2000e38c    00000044     rtsv7M4_T_le_eabi.lib : autoinit.c.obj (.text:__TI_auto_init_nobinit_nopinit:__TI_auto_init_nobinit_nopinit)
                  2000e3d0    00000044     simplelink.a : cc_pal.obj (.text:cc_SetupTransfer)
                  2000e414    00000042                  : socket.obj (.text:sl_Htonl)
                  2000e456    00000002     --HOLE-- [fill = 0]
                  2000e458    00000040     driverlib.a : pin.obj (.text:PinModeSet)
                  2000e498    00000040     simplelink.a : socket.obj (.text:_sl_TruncatePayloadByProtocol)
                  2000e4d8    00000040     rtsv7M4_T_le_eabi.lib : sprintf.c.obj (.text:sprintf)
                  2000e518    00000040                           : vsnprintf.c.obj (.text:vsnprintf)
                  2000e558    0000003e     simplelink.a : cc_pal.obj (.text:NwpRegisterInterruptHandler)
                  2000e596    0000003e     rtsv7M4_T_le_eabi.lib : _printfi.c.obj (.text:_fcpy)
                  2000e5d4    0000003c     simplelink.a : netapp.obj (.text:CopyPingResultsToReport)
                  2000e610    0000003c     driverlib.a : prcm.obj (.text:PRCMPeripheralClkEnable)
                  2000e64c    0000003c     simplelink.a : cc_pal.obj (.text:simplelink_timerA2_start)
                  2000e688    0000003c                  : socket.obj (.text:sl_Htons)
                  2000e6c4    0000003c     driverlib.a : udma.obj (.text:uDMAChannelControlSet)
                  2000e700    00000038     simplelink.a : cc_pal.obj (.text:NwpPowerOff)
                  2000e738    00000038                  : wlan.obj (.text:sl_WlanDisconnect)
                  2000e770    00000036     driverlib.a : gpio.obj (.text:GPIODirModeSet)
                  2000e7a6    00000002     --HOLE-- [fill = 0]
                  2000e7a8    00000034                 : prcm.obj (.text:PRCMPeripheralStatusGet)
                  2000e7dc    00000034                 : spi.obj (.text:SPIFIFOLevelSet)
                  2000e810    00000030                 : pin.obj (.text:PinTypeGPIO)
                  2000e840    00000030                 : uart.obj (.text:UARTDisable)
                  2000e870    00000030     rtsv7M4_T_le_eabi.lib : vsnprintf.c.obj (.text:_outs)
                  2000e8a0    0000002e                           : i_tofd_t2.asm.obj (.text)
                  2000e8ce    00000002     --HOLE-- [fill = 0]
                  2000e8d0    0000002c     simplelink.a : cc_pal.obj (.text:NwpPowerOn)
                  2000e8fc    0000002c     driverlib.a : prcm.obj (.text:PRCMSysResetCauseGet)
                  2000e928    0000002c     simplelink.a : driver.obj (.text:_SlDrvObjGlobalLockWaitForever)
                  2000e954    0000002c                  : driver.obj (.text:_SlDrvProtectionObjLockWaitForever)
                  2000e980    0000002a     driverlib.a : timer.obj (.text:TimerLoadSet)
                  2000e9aa    0000002a                 : timer.obj (.text:TimerPrescaleSet)
                  2000e9d4    00000028                 : prcm.obj (.text:PRCMPeripheralClkDisable)
                  2000e9fc    00000028     simplelink.a : driver.obj (.text:_SlDrvGlobalObjUnLock)
                  2000ea24    00000028                  : driver.obj (.text:_SlDrvProtectionObjUnLock)
                  2000ea4c    00000028                  : driver.obj (.text:_SlDrvSyncObjWaitForever)
                  2000ea74    00000028     rtsv7M4_T_le_eabi.lib : memory.c.obj (.text:free_list_insert)
                  2000ea9c    00000028                           : memmov.c.obj (.text:memmove)
                  2000eac4    00000026     simplelink.a : driver.obj (.text:_SlDrvObjLockWaitForever)
                  2000eaea    00000002     --HOLE-- [fill = 0]
                  2000eaec    00000024                  : cc_pal.obj (.text:DmaSpiSwIntHandler)
                  2000eb10    00000024     driverlib.a : interrupt.obj (.text:IntUnregister)
                  2000eb34    00000024                 : uart.obj (.text:UARTEnable)
                  2000eb58    00000024     rtsv7M4_T_le_eabi.lib : boot_cortex_m.c.obj (.text:_c_int00_noargs:_c_int00_noargs)
                  2000eb7c    00000022     driverlib.a : gpio.obj (.text:GPIOIntStatus)
                  2000eb9e    00000022                 : spi.obj (.text:SPIReset)
                  2000ebc0    00000022                 : spi.obj (.text:SPIWordCountSet)
                  2000ebe2    00000022                 : timer.obj (.text:TimerValueSet)
                  2000ec04    00000020                 : gpio.obj (.text:GPIOPinWrite)
                  2000ec24    00000020                 : interrupt.obj (.text:IntRegister)
                  2000ec44    00000020     simplelink.a : cc_pal.obj (.text:NwpPrePowerOffTimout0)
                  2000ec64    00000020     driverlib.a : spi.obj (.text:SPIDataGet)
                  2000ec84    00000020     simplelink.a : cc_pal.obj (.text:TimerGetCurrentTimestamp)
                  2000eca4    00000020                  : driver.obj (.text:_SlDrvObjUnLock)
                  2000ecc4    00000020                  : driver.obj (.text:_SlDrvSyncObjSignal)
                  2000ece4    0000001e     driverlib.a : gpio.obj (.text:GPIOIntRegister)
                  2000ed02    0000001e                 : spi.obj (.text:SPIDataPut)
                  2000ed20    0000001e                 : timer.obj (.text:TimerDisable)
                  2000ed3e    0000001e                 : timer.obj (.text:TimerEnable)
                  2000ed5c    0000001e                 : timer.obj (.text:TimerIntStatus)
                  2000ed7a    0000001e                 : uart.obj (.text:UARTCharPut)
                  2000ed98    0000001e     simplelink.a : cc_pal.obj (.text:cc_UDMAChannelSelect)
                  2000edb6    0000001c     driverlib.a : timer.obj (.text:TimerValueGet)
                  2000edd2    0000001c                 : uart.obj (.text:UARTCharGetNonBlocking)
                  2000edee    0000001c     simplelink.a : driver.obj (.text:_SlDrvStartMeasureTimeout)
                  2000ee0a    00000002     --HOLE-- [fill = 0]
                  2000ee0c    0000001c     rtsv7M4_T_le_eabi.lib : memory.c.obj (.text:free_list_remove)
                  2000ee28    0000001c                           : memccpy.c.obj (.text:memccpy)
                  2000ee44    0000001c     driverlib.a : udma.obj (.text:uDMAChannelEnable)
                  2000ee60    0000001a                 : gpio.obj (.text:GPIOIntEnable)
                  2000ee7a    0000001a                 : pin.obj (.text:PinTypeSPI)
                  2000ee94    0000001a                 : pin.obj (.text:PinTypeUART)
                  2000eeae    0000001a                 : spi.obj (.text:SPIDmaDisable)
                  2000eec8    0000001a                 : spi.obj (.text:SPIDmaEnable)
                  2000eee2    0000001a                 : spi.obj (.text:SPIFIFODisable)
                  2000eefc    0000001a                 : spi.obj (.text:SPIFIFOEnable)
                  2000ef16    0000001a                 : spi.obj (.text:SPIIntUnregister)
                  2000ef30    00000018                 : gpio.obj (.text:GPIOPinRead)
                  2000ef48    00000018                 : spi.obj (.text:SPICSDisable)
                  2000ef60    00000018                 : spi.obj (.text:SPICSEnable)
                  2000ef78    00000018                 : spi.obj (.text:SPIDisable)
                  2000ef90    00000018                 : spi.obj (.text:SPIEnable)
                  2000efa8    00000018                 : systick.obj (.text:SysTickIntUnregister)
                  2000efc0    00000018                 : systick.obj (.text:SysTickPeriodSet)
                  2000efd8    00000018                 : timer.obj (.text:TimerIntDisable)
                  2000eff0    00000018                 : timer.obj (.text:TimerIntEnable)
                  2000f008    00000018                 : uart.obj (.text:UARTCharsAvail)
                  2000f020    00000018     simplelink.a : nonos.obj (.text:_SlNonOsSemSet)
                  2000f038    00000018     rtsv7M4_T_le_eabi.lib : vsnprintf.c.obj (.text:_outc)
                  2000f050    00000018                           : sprintf.c.obj (.text:_outs)
                  2000f068    00000018     simplelink.a : device.obj (.text:_sl_GetStartResponseConvert)
                  2000f080    00000016     driverlib.a : prcm.obj (.text:PRCMHIBRegRead)
                  2000f096    00000016                 : prcm.obj (.text:PRCMHIBRegWrite)
                  2000f0ac    00000016     simplelink.a : driver.obj (.text:_SlDrvMemZero)
                  2000f0c2    00000016     rtsv7M4_T_le_eabi.lib : strchr.c.obj (.text:strchr)
                  2000f0d8    00000014     driverlib.a : cpu.obj (.text:CPUcpsie)
                  2000f0ec    00000014                 : gpio.obj (.text:GPIOIntClear)
                  2000f100    00000014                 : interrupt.obj (.text:IntVTableBaseSet)
                  2000f114    00000014     rtsv7M4_T_le_eabi.lib : strcpy.c.obj (.text:strcpy)
                  2000f128    00000014                           : strlen.c.obj (.text:strlen)
                  2000f13c    00000012     driverlib.a : timer.obj (.text:TimerIntClear)
                  2000f14e    00000012     rtsv7M4_T_le_eabi.lib : wcslen.c.obj (.text:wcslen)
                  2000f160    00000010     driverlib.a : systick.obj (.text:SysTickEnable)
                  2000f170    00000010     simplelink.a : driver.obj (.text:_SlDrvDispatchHttpServerEvents)
                  2000f180    0000000e                  : driver.obj (.text:_SlDrvResetCmdExt)
                  2000f18e    0000000e     rtsv7M4_T_le_eabi.lib : copy_decompress_none.c.obj (.text:decompress:none:__TI_decompress_none)
                  2000f19c    0000000e     startup_ccs.obj (.text)
                  2000f1aa    00000002     --HOLE-- [fill = 0]
                  2000f1ac    0000000c     simplelink.a : cc_pal.obj (.text:NwpMaskInterrupt)
                  2000f1b8    0000000c                  : cc_pal.obj (.text:NwpUnMaskInterrupt)
                  2000f1c4    0000000c     driverlib.a : systick.obj (.text:SysTickValueGet)
                  2000f1d0    0000000c     rtsv7M4_T_le_eabi.lib : s_copysign.c.obj (.text:copysign)
                  2000f1dc    0000000c                           : copy_zero_init.c.obj (.text:decompress:ZI:__TI_zero_init)
                  2000f1e8    0000000a     driverlib.a : interrupt.obj (.text:IntMasterEnable)
                  2000f1f2    0000000a     rtsv7M4_T_le_eabi.lib : sprintf.c.obj (.text:_outc)
                  2000f1fc    00000008                           : errno.c.obj (.text:__aeabi_errno_addr)
                  2000f204    00000008                           : memory.c.obj (.text:malloc)
                  2000f20c    00000006     driverlib.a : utils.obj (.text:UtilsDelay)
                  2000f212    00000004     rtsv7M4_T_le_eabi.lib : pre_init.c.obj (.text:_system_pre_init)
                  2000f216    00000004                           : exit.c.obj (.text:abort:abort)

.const     0    2000f21c    00000b3a     
                  2000f21c    000004fb     Adafruit_GFX.obj (.const:.string:font)
                  2000f717    00000101     rtsv7M4_T_le_eabi.lib : ctype.c.obj (.const:.string:_ctypes_)
                  2000f818    00000100     driverlib.a : pin.obj (.const:g_ulPinToPadMap)
                  2000f918    000000d4                 : interrupt.obj (.const:g_pulRegs)
                  2000f9ec    000000a8                 : prcm.obj (.const:PRCM_PeriphRegsList)
                  2000fa94    00000080                 : interrupt.obj (.const)
                  2000fb14    0000003c     simplelink.a : driver.obj (.const:OpcodeTranslateTable)
                  2000fb50    00000038                  : driver.obj (.const:_SlActionLookupTable)
                  2000fb88    00000030     main.obj (.const:.string)
                  2000fbb8    0000002c     main.obj (.const:$P$T1$2)
                  2000fbe4    00000024     driverlib.a : spi.obj (.const:g_ppulSPIIntMap)
                  2000fc08    00000022     main.obj (.const:.string:$P$T0$1)
                  2000fc2a    00000002     --HOLE-- [fill = 0]
                  2000fc2c    00000020     simplelink.a : driver.obj (.const:RxMsgClassLUT)
                  2000fc4c    00000018     driverlib.a : spi.obj (.const)
                  2000fc64    00000015     main.obj (.const:.string:$P$T6$7)
                  2000fc79    00000003     --HOLE-- [fill = 0]
                  2000fc7c    00000014     simplelink.a : driver.obj (.const:$P$T0$1)
                  2000fc90    00000014                  : nonos.obj (.const:$P$T0$1)
                  2000fca4    00000014     main.obj (.const:$P$T2$3)
                  2000fcb8    00000010     simplelink.a : socket.obj (.const:.string:_SlPayloadByProtocolLUT)
                  2000fcc8    0000000c     main.obj (.const:$P$T4$5)
                  2000fcd4    0000000c     main.obj (.const:.string:$P$T3$4)
                  2000fce0    00000009     main.obj (.const:.string:$P$T5$6)
                  2000fce9    00000008     simplelink.a : device.obj (.const:StartResponseLUT)
                  2000fcf1    00000003     --HOLE-- [fill = 0]
                  2000fcf4    00000008                  : driver.obj (.const:g_H2NCnysPattern)
                  2000fcfc    00000008                  : driver.obj (.const:g_H2NSyncPattern)
                  2000fd04    00000005     main.obj (.const:.string:$P$T7$8)
                  2000fd09    00000001     --HOLE-- [fill = 0]
                  2000fd0a    00000004     simplelink.a : wlan.obj (.const:$P$T0$1)
                  2000fd0e    00000004                  : socket.obj (.const:$P$T2$3)
                  2000fd12    00000004                  : device.obj (.const:_SlDeviceGetCmdCtrl)
                  2000fd16    00000004                  : device.obj (.const:_SlDeviceSetCmdCtrl)
                  2000fd1a    00000004                  : netapp.obj (.const:_SlGetHostByNameCtrl)
                  2000fd1e    00000004                  : netapp.obj (.const:_SlNetAppSendTokenValueCmdCtrl)
                  2000fd22    00000004                  : netcfg.obj (.const:_SlNetCfgSetCmdCtrl)
                  2000fd26    00000004                  : wlan.obj (.const:_SlPolicySetCmdCtrl)
                  2000fd2a    00000004                  : wlan.obj (.const:_SlProfileDelCmdCtrl)
                  2000fd2e    00000004                  : socket.obj (.const:_SlRecvCmdCtrl)
                  2000fd32    00000004                  : netapp.obj (.const:_SlRegisterServiceCtrl)
                  2000fd36    00000004                  : wlan.obj (.const:_SlRxFilterSetCmdCtrl)
                  2000fd3a    00000004                  : socket.obj (.const:_SlSendCmdCtrl)
                  2000fd3e    00000004                  : socket.obj (.const:_SlSetSockOptCmdCtrl)
                  2000fd42    00000004                  : socket.obj (.const:_SlSockCloseCmdCtrl)
                  2000fd46    00000004                  : socket.obj (.const:_SlSockSocketCmdCtrl)
                  2000fd4a    00000004                  : device.obj (.const:_SlStopCmdCtrl)
                  2000fd4e    00000004                  : wlan.obj (.const:_SlWlanCfgSetCmdCtrl)
                  2000fd52    00000004                  : wlan.obj (.const:_SlWlanSetModeCmdCtrl)

.cinit     0    2000fd58    00000088     
                  2000fd58    00000064     (.cinit..data.load) [load image, compression = lzss]
                  2000fdbc    0000000c     (__TI_handler_table)
                  2000fdc8    00000008     (.cinit..bss.load) [load image, compression = zero_init]
                  2000fdd0    00000010     (__TI_cinit_table)

.sysmem    0    20017000    00008000     UNINITIALIZED
                  20017000    00000010     rtsv7M4_T_le_eabi.lib : memory.c.obj (.sysmem)
                  20017010    00007ff0     --HOLE--

.bss       0    2001f000    00000aa6     UNINITIALIZED
                  2001f000    00000800     (.common:c_message)
                  2001f800    00000168     simplelink.a : driver.obj (.bss:g_StatMem)
                  2001f968    0000008c     (.common:times)
                  2001f9f4    00000050     (.common:g_ucDinDout)
                  2001fa44    0000002c     (.common:g_time)
                  2001fa70    00000024     (.common:g_ucConnectionSSID)
                  2001fa94    00000008     (.common:g_ucConnectionBSSID)
                  2001fa9c    00000004     uart_if.obj (.bss)
                  2001faa0    00000001     (.common:RxIrqCnt)
                  2001faa1    00000001     (.common:g_bDeviceRestartIsRequired)
                  2001faa2    00000001     (.common:g_cDummy)
                  2001faa3    00000001     (.common:g_ucLED1Pin)
                  2001faa4    00000001     (.common:g_ucLED2Pin)
                  2001faa5    00000001     (.common:g_ucLED3Pin)

.data      0    2001faa8    000000f4     UNINITIALIZED
                  2001faa8    0000003c     simplelink.a : nonos.obj (.data:g__SlNonOsCB)
                  2001fae4    00000034     main.obj (.data)
                  2001fb18    00000015     Adafruit_GFX.obj (.data)
                  2001fb2d    00000003     --HOLE--
                  2001fb30    00000014     main.obj (.data:color_arr)
                  2001fb44    00000014     gpio_if.obj (.data:ulReg)
                  2001fb58    0000000d     simplelink.a : driver.obj (.data)
                  2001fb65    00000003     --HOLE--
                  2001fb68    0000000c     gpio_if.obj (.data)
                  2001fb74    00000009     simplelink.a : cc_pal.obj (.data)
                  2001fb7d    00000003     --HOLE--
                  2001fb80    00000008     rtsv7M4_T_le_eabi.lib : _lock.c.obj (.data:$O1$$)
                  2001fb88    00000008                           : memory.c.obj (.data:$O1$$)
                  2001fb90    00000008     main.obj (.data:switch2)
                  2001fb98    00000004     rtsv7M4_T_le_eabi.lib : errno.c.obj (.data)

.stack     0    2002f000    00001000     UNINITIALIZED
                  2002f000    00000004     rtsv7M4_T_le_eabi.lib : boot_cortex_m.c.obj (.stack)
                  2002f004    00000ffc     --HOLE--

__llvm_prf_cnts 
*          0    20017000    00000000     UNINITIALIZED

MODULE SUMMARY

       Module                       code    ro data   rw data
       ------                       ----    -------   -------
    .\
       main.obj                     8988    205       2356   
       Adafruit_GFX.obj             2688    1275      21     
       Adafruit_OLED.obj            1258    0         0      
       startup_ccs.obj              14      1024      0      
       gpio_if.obj                  920     0         35     
       uart_if.obj                  636     0         4      
       timer_if.obj                 408     0         0      
       pinmux.obj                   304     0         0      
    +--+----------------------------+-------+---------+---------+
       Total:                       15216   2504      2416   
                                                             
    C:/ti/CC3200SDK_1.3.0/cc3200-sdk/driverlib/ccs/Release/driverlib.a
       prcm.obj                     852     168       0      
       interrupt.obj                608     340       0      
       spi.obj                      860     60        0      
       udma.obj                     604     0         0      
       timer.obj                    586     0         0      
       pin.obj                      300     256       0      
       gpio.obj                     422     0         0      
       uart.obj                     284     0         0      
       systick.obj                  76      0         0      
       cpu.obj                      20      0         0      
       utils.obj                    6       0         0      
    +--+----------------------------+-------+---------+---------+
       Total:                       4618    824       0      
                                                             
    C:/ti/CC3200SDK_1.3.0/cc3200-sdk/simplelink/ccs/NON_OS/simplelink.a
       driver.obj                   7714    184       375    
       cc_pal.obj                   1820    0         90     
       socket.obj                   1830    40        0      
       netapp.obj                   1572    12        0      
       wlan.obj                     1312    24        0      
       device.obj                   1230    20        0      
       nonos.obj                    416     20        60     
       netcfg.obj                   152     4         0      
    +--+----------------------------+-------+---------+---------+
       Total:                       16046   304       525    
                                                             
    C:\ti\ccs1120\ccs\tools\compiler\ti-cgt-arm_20.2.5.LTS\lib\rtsv7M4_T_le_eabi.lib
       _printfi.c.obj               4835    0         0      
       memory.c.obj                 900     0         8      
       fd_add_t2.asm.obj            438     0         0      
       fd_div_t2.asm.obj            310     0         0      
       fd_cmp_t2.asm.obj            268     0         0      
       ctype.c.obj                  0       257       0      
       fd_mul_t2.asm.obj            252     0         0      
       s_scalbn.c.obj               208     0         0      
       memcpy_t2.asm.obj            156     0         0      
       ull_div_t2.asm.obj           150     0         0      
       vsnprintf.c.obj              136     0         0      
       memset_t2.asm.obj            122     0         0      
       copy_decompress_lzss.c.obj   104     0         0      
       sprintf.c.obj                98      0         0      
       s_frexp.c.obj                92      0         0      
       _ltoa.c.obj                  84      0         0      
       atoi.c.obj                   76      0         0      
       fd_toi_t2.asm.obj            72      0         0      
       autoinit.c.obj               68      0         0      
       i_tofd_t2.asm.obj            46      0         0      
       memmov.c.obj                 40      0         0      
       boot_cortex_m.c.obj          36      0         0      
       memccpy.c.obj                28      0         0      
       strchr.c.obj                 22      0         0      
       strcpy.c.obj                 20      0         0      
       strlen.c.obj                 20      0         0      
       wcslen.c.obj                 18      0         0      
       copy_decompress_none.c.obj   14      0         0      
       copy_zero_init.c.obj         12      0         0      
       errno.c.obj                  8       0         4      
       s_copysign.c.obj             12      0         0      
       _lock.c.obj                  2       0         8      
       exit.c.obj                   4       0         0      
       pre_init.c.obj               4       0         0      
       div0.asm.obj                 2       0         0      
    +--+----------------------------+-------+---------+---------+
       Total:                       8657    257       20     
                                                             
       Heap:                        0       0         32768  
       Stack:                       0       0         4096   
       Linker Generated:            0       136       0      
    +--+----------------------------+-------+---------+---------+
       Grand Total:                 44537   4025      39825  


LINKER GENERATED COPY TABLES

__TI_cinit_table @ 2000fdd0 records: 2, size/record: 8, table size: 16
	.data: load addr=2000fd58, load size=00000064 bytes, run addr=2001faa8, run size=000000f4 bytes, compression=lzss
	.bss: load addr=2000fdc8, load size=00000008 bytes, run addr=2001f000, run size=00000aa6 bytes, compression=zero_init


LINKER GENERATED HANDLER TABLE

__TI_handler_table @ 2000fdbc records: 3, size/record: 4, table size: 12
	index: 0, handler: __TI_decompress_lzss
	index: 1, handler: __TI_decompress_none
	index: 2, handler: __TI_zero_init


GLOBAL SYMBOLS: SORTED ALPHABETICALLY BY Name 

address   name                                  
-------   ----                                  
20008229  Adafruit_Init                         
2000f217  C$$EXIT                               
2000f0d9  CPUcpsie                              
20008cbd  ClearTerm                             
200083bf  Color565                              
2000eaed  DmaSpiSwIntHandler                    
20008cc7  Error                                 
2000e771  GPIODirModeSet                        
2000f0ed  GPIOIntClear                          
2000ee61  GPIOIntEnable                         
2000ece5  GPIOIntRegister                       
2000eb7d  GPIOIntStatus                         
2000d291  GPIOIntTypeSet                        
2000ef31  GPIOPinRead                           
2000ec05  GPIOPinWrite                          
20008929  GPIO_IF_ConfigureNIntEnable           
200089b5  GPIO_IF_Get                           
200088e3  GPIO_IF_GetPortNPin                   
200086a5  GPIO_IF_LedConfigure                  
20008797  GPIO_IF_LedOff                        
200086e3  GPIO_IF_LedOn                         
2000884b  GPIO_IF_LedStatus                     
200088b5  GPIO_IF_LedToggle                     
20008971  GPIO_IF_Set                           
20008cff  GetCmd                                
20008c7d  InitTerm                              
2000c37d  IntDisable                            
2000c425  IntEnable                             
2000f1e9  IntMasterEnable                       
2000dcdd  IntPendClear                          
2000dde5  IntPrioritySet                        
2000ec25  IntRegister                           
2000eb11  IntUnregister                         
2000f101  IntVTableBaseSet                      
20008c9b  Message                               
2000f1ad  NwpMaskInterrupt                      
2000e701  NwpPowerOff                           
2000e8d1  NwpPowerOn                            
2000ec45  NwpPrePowerOffTimout0                 
2000e559  NwpRegisterInterruptHandler           
2000f1b9  NwpUnMaskInterrupt                    
2000fb14  OpcodeTranslateTable                  
200070c7  Outstr                                
2000a2e9  PRCMCC3200MCUInit                     
2000f081  PRCMHIBRegRead                        
2000f097  PRCMHIBRegWrite                       
2000e9d5  PRCMPeripheralClkDisable              
2000e611  PRCMPeripheralClkEnable               
2000cb79  PRCMPeripheralClockGet                
2000dd35  PRCMPeripheralReset                   
2000e7a9  PRCMPeripheralStatusGet               
2000e8fd  PRCMSysResetCauseGet                  
2000d079  PinConfigSet                          
2000e459  PinModeSet                            
2000afc9  PinMuxConfig                          
2000e811  PinTypeGPIO                           
2000ee7b  PinTypeSPI                            
2000ee95  PinTypeUART                           
20008e3d  Report                                
2000f19d  ResetISR                              
2001faa0  RxIrqCnt                              
2000ef49  SPICSDisable                          
2000ef61  SPICSEnable                           
2000c571  SPIConfigSetExpClk                    
2000ec65  SPIDataGet                            
2000ed03  SPIDataPut                            
2000ef79  SPIDisable                            
2000eeaf  SPIDmaDisable                         
2000eec9  SPIDmaEnable                          
2000ef91  SPIEnable                             
2000eee3  SPIFIFODisable                        
2000eefd  SPIFIFOEnable                         
2000e7dd  SPIFIFOLevelSet                       
2000e1e9  SPIIntClear                           
2000dfd9  SPIIntEnable                          
2000ef17  SPIIntUnregister                      
2000eb9f  SPIReset                              
2000ebc1  SPIWordCountSet                       
2000558d  SendMessage                           
200045d5  SimpleLinkGeneralEventHandler         
200045b1  SimpleLinkHttpServerCallback          
2000450f  SimpleLinkNetAppEventHandler          
200045f5  SimpleLinkSockEventHandler            
20004401  SimpleLinkWlanEventHandler            
2000f161  SysTickEnable                         
2000efa9  SysTickIntUnregister                  
2000efc1  SysTickPeriodSet                      
2000f1c5  SysTickValueGet                       
2000e305  TimerConfigure                        
2000ed21  TimerDisable                          
2000ed3f  TimerEnable                           
2000ec85  TimerGetCurrentTimestamp              
2000f13d  TimerIntClear                         
2000efd9  TimerIntDisable                       
2000eff1  TimerIntEnable                        
2000d675  TimerIntRegister                      
2000ed5d  TimerIntStatus                        
2000d89d  TimerIntUnregister                    
2000e981  TimerLoadSet                          
2000e9ab  TimerPrescaleSet                      
2000edb7  TimerValueGet                         
2000ebe3  TimerValueSet                         
20009f7b  Timer_IF_DeInit                       
20009fad  Timer_IF_GetCount                     
20009eb5  Timer_IF_Init                         
20009ee7  Timer_IF_IntSetup                     
20009f33  Timer_IF_InterruptClear               
20009f95  Timer_IF_ReLoad                       
20009f4b  Timer_IF_Start                        
20009f6b  Timer_IF_Stop                         
20008da5  TrimSpace                             
2000edd3  UARTCharGetNonBlocking                
2000ed7b  UARTCharPut                           
2000f009  UARTCharsAvail                        
2000d589  UARTConfigSetExpClk                   
2000e841  UARTDisable                           
2000eb35  UARTEnable                            
2000f20d  UtilsDelay                            
2000fb50  _SlActionLookupTable                  
2000c4cd  _SlDriverHandleError                  
2000e231  _SlDrvBasicCmd                        
2000c159  _SlDrvCmdOp                           
2000d7c5  _SlDrvCmdSend                         
200093ad  _SlDrvDataReadOp                      
2000a5d1  _SlDrvDataWriteOp                     
2000c74d  _SlDrvDeviceEventHandler              
2000f171  _SlDrvDispatchHttpServerEvents        
2000ae99  _SlDrvDriverCBDeinit                  
20009ae5  _SlDrvDriverCBInit                    
2000e9fd  _SlDrvGlobalObjUnLock                 
2000ced5  _SlDrvIsTimeoutExpired                
2000f0ad  _SlDrvMemZero                         
2000b9bd  _SlDrvMsgReadSpawnCtx                 
2000b219  _SlDrvNetAppEventHandler              
2000eac5  _SlDrvObjLockWaitForever              
2000eca5  _SlDrvObjUnLock                       
2000e071  _SlDrvProtectAsyncRespSetting         
2000e955  _SlDrvProtectionObjLockWaitForever    
2000ea25  _SlDrvProtectionObjUnLock             
20009591  _SlDrvReleasePoolObj                  
2000f181  _SlDrvResetCmdExt                     
2000de39  _SlDrvRxIrqHandler                    
2000edef  _SlDrvStartMeasureTimeout             
2000ecc5  _SlDrvSyncObjSignal                   
2000ea4d  _SlDrvSyncObjWaitForever              
2000e349  _SlDrvSyncObjWaitTimeout              
20009fcd  _SlDrvWaitForPoolObj                  
2000fd1e  _SlNetAppSendTokenValueCmdCtrl        
2000d601  _SlNonOsMainLoopTask                  
2000c2cd  _SlNonOsSemGet                        
2000f021  _SlNonOsSemSet                        
2000d96d  _SlNonOsSpawn                         
20030000  __STACK_END                           
00001000  __STACK_SIZE                          
00008000  __SYSMEM_SIZE                         
2000fdd0  __TI_CINIT_Base                       
2000fde0  __TI_CINIT_Limit                      
2000fdbc  __TI_Handler_Table_Base               
2000fdc8  __TI_Handler_Table_Limit              
2000e38d  __TI_auto_init_nobinit_nopinit        
2000d905  __TI_decompress_lzss                  
2000f18f  __TI_decompress_none                  
2000de8d  __TI_ltoa                             
ffffffff  __TI_pprof_out_hndl                   
2000719d  __TI_printfi                          
ffffffff  __TI_prof_data_size                   
ffffffff  __TI_prof_data_start                  
2000fd58  __TI_static_base__                    
2000f1dd  __TI_zero_init                        
2000d101  __aeabi_cdcmpeq                       
2000d101  __aeabi_cdcmple                       
2000d187  __aeabi_cdrcmple                      
2000e279  __aeabi_d2iz                          
20009937  __aeabi_dadd                          
2000ac2d  __aeabi_ddiv                          
2000b41d  __aeabi_dmul                          
2000992d  __aeabi_dsub                          
2000f1fd  __aeabi_errno_addr                    
2000e8a1  __aeabi_i2d                           
20009ae3  __aeabi_idiv0                         
20009ae3  __aeabi_ldiv0                         
2000d495  __aeabi_memclr                        
2000d495  __aeabi_memclr4                       
2000d495  __aeabi_memclr8                       
2000c6b1  __aeabi_memcpy                        
2000c6b1  __aeabi_memcpy4                       
2000c6b1  __aeabi_memcpy8                       
2000d497  __aeabi_memset                        
2000d497  __aeabi_memset4                       
2000d497  __aeabi_memset8                       
2000cae1  __aeabi_uldivmod                      
ffffffff  __binit__                             
ffffffff  __c_args__                            
UNDEFED   __mpu_init                            
2002f000  __stack                               
20017000  __start___llvm_prf_cnts               
20017000  __stop___llvm_prf_cnts                
2000eb59  _c_int00_noargs                       
2000f717  _ctypes_                              
2001fb80  _lock                                 
20008667  _nop                                  
2000d9d1  _sl_HandleAsync_Accept                
2000d315  _sl_HandleAsync_Connect               
2000cc0d  _sl_HandleAsync_DnsGetHostByName      
2000befd  _sl_HandleAsync_DnsGetHostByService   
2000cf61  _sl_HandleAsync_InitComplete          
2000cc9d  _sl_HandleAsync_PingResponse          
2000dee1  _sl_HandleAsync_Select                
2000df89  _sl_HandleAsync_Stop                  
2000d831  _sl_NetAppSendTokenValue              
20017000  _sys_memory                           
UNDEFED   _system_post_cinit                    
2000f213  _system_pre_init                      
2001fb84  _unlock                               
2000f217  abort                                 
2000b31d  aligned_alloc                         
2000e109  atoi                                  
ffffffff  binit                                 
20005551  c_char_clear                          
20005463  c_clear                               
2001f000  c_message                             
2001fb08  c_message_index                       
2001faf8  c_x                                   
2001fafc  c_y                                   
2001fb30  color_arr                             
2001fb0c  color_arr_index                       
2000f1d1  copysign                              
2000f1d1  copysignl                             
2001fb18  cursor_x                              
2001fb1c  cursor_y                              
20006f7b  drawChar                              
2000671d  drawCircle                            
20006851  drawCircleHelper                      
20008571  drawFastHLine                         
200084cd  drawFastVLine                         
20006a97  drawLine                              
2000860d  drawPixel                             
20006b83  drawRect                              
20006bd1  drawRoundRect                         
20006d39  drawTriangle                          
2001fb98  errno                                 
2000696f  fillCircle                            
200069a9  fillCircleHelper                      
20008417  fillRect                              
20006cbf  fillRoundRect                         
20008401  fillScreen                            
20006d7b  fillTriangle                          
2000baa5  free                                  
2000dc81  frexp                                 
2000dc81  frexpl                                
2001faf0  g_Host                                
2001fb58  g_SlDeviceStatus                      
2001fb74  g_SpiFd                               
2001faa8  g__SlNonOsCB                          
2001faa1  g_bDeviceRestartIsRequired            
2001faa2  g_cDummy                              
2001fb5c  g_pCB                                 
2001fb78  g_pHostIntHdl                         
20004000  g_pfnVectors                          
2001fa44  g_time                                
2001fa94  g_ucConnectionBSSID                   
2001fa70  g_ucConnectionSSID                    
2001fb7c  g_ucDMAEnabled                        
2001f9f4  g_ucDinDout                           
2001faa3  g_ucLED1Pin                           
2001faa4  g_ucLED2Pin                           
2001faa5  g_ucLED3Pin                           
2001fb68  g_uiLED1Port                          
2001fb6c  g_uiLED2Port                          
2001fb70  g_uiLED3Port                          
2001faec  g_ulGatewayIP                         
2001fae8  g_ulPingPacketsRecv                   
2001fae4  g_ulStatus                            
2000837b  goTo                                  
2000717b  height                                
2000864b  invert                                
2001fb10  lRetVal                               
2000be2d  ldexp                                 
2000be2d  ldexpl                                
20005635  main                                  
2000f205  malloc                                
2000b31d  memalign                              
2000ee29  memccpy                               
2000c6b1  memcpy                                
2000ea9d  memmove                               
2000d49d  memset                                
2001fb60  pPingCallBackFunc                     
2001fb14  prevbutton                            
20004d43  printErrConvenience                   
200054db  r_clear                               
2001fb00  r_x                                   
2001fb04  r_y                                   
2000bb89  realloc                               
2000be2d  scalbn                                
2000be2d  scalbnl                               
20007113  setCursor                             
2000714b  setTextColor                          
2000712b  setTextSize                           
20007163  setTextWrap                           
2000e64d  simplelink_timerA2_start              
2000db61  sl_Close                              
2000a15d  sl_Connect                            
2000bfc9  sl_DevGet                             
2000c7e9  sl_DevSet                             
2000e415  sl_Htonl                              
2000e689  sl_Htons                              
2000a9ad  sl_NetAppDnsGetHostByName             
2000bc6d  sl_NetAppMDNSRegisterUnregisterService
2000da35  sl_NetAppMDNSUnRegisterService        
2000c881  sl_NetCfgSet                          
2000c611  sl_Recv                               
2000ad65  sl_Send                               
2000c919  sl_SetSockOpt                         
2000cfed  sl_Socket                             
2000b7e9  sl_Start                              
2000b519  sl_Stop                               
20008a01  sl_WlanConnect                        
2000e739  sl_WlanDisconnect                     
2000cd2d  sl_WlanPolicySet                      
2000dbc1  sl_WlanProfileDel                     
2000d20d  sl_WlanRxFilterSet                    
2000c9b1  sl_WlanSet                            
2000dc21  sl_WlanSetMode                        
2000d511  spi_Close                             
2000a721  spi_Open                              
2000b609  spi_Read                              
2000ca49  spi_Write                             
2000e4d9  sprintf                               
2000f0c3  strchr                                
2000f115  strcpy                                
2000f129  strlen                                
2001fb28  textbgcolor                           
2001fb24  textcolor                             
2001fb20  textsize                              
2001f968  times                                 
2001faf4  times_index                           
2000e155  uDMAChannelAssign                     
2000da99  uDMAChannelAttributeDisable           
2000dafd  uDMAChannelAttributeEnable            
2000e6c5  uDMAChannelControlSet                 
2000ee45  uDMAChannelEnable                     
2000b6f9  uDMAChannelTransferSet                
2000e519  vsnprintf                             
2000f14f  wcslen                                
20007177  width                                 
2001fb2c  wrap                                  
2000817d  writeCommand                          
200081d3  writeData                             


GLOBAL SYMBOLS: SORTED BY Symbol Address 

address   name                                  
-------   ----                                  
00001000  __STACK_SIZE                          
00008000  __SYSMEM_SIZE                         
20004000  g_pfnVectors                          
20004401  SimpleLinkWlanEventHandler            
2000450f  SimpleLinkNetAppEventHandler          
200045b1  SimpleLinkHttpServerCallback          
200045d5  SimpleLinkGeneralEventHandler         
200045f5  SimpleLinkSockEventHandler            
20004d43  printErrConvenience                   
20005463  c_clear                               
200054db  r_clear                               
20005551  c_char_clear                          
2000558d  SendMessage                           
20005635  main                                  
2000671d  drawCircle                            
20006851  drawCircleHelper                      
2000696f  fillCircle                            
200069a9  fillCircleHelper                      
20006a97  drawLine                              
20006b83  drawRect                              
20006bd1  drawRoundRect                         
20006cbf  fillRoundRect                         
20006d39  drawTriangle                          
20006d7b  fillTriangle                          
20006f7b  drawChar                              
200070c7  Outstr                                
20007113  setCursor                             
2000712b  setTextSize                           
2000714b  setTextColor                          
20007163  setTextWrap                           
20007177  width                                 
2000717b  height                                
2000719d  __TI_printfi                          
2000817d  writeCommand                          
200081d3  writeData                             
20008229  Adafruit_Init                         
2000837b  goTo                                  
200083bf  Color565                              
20008401  fillScreen                            
20008417  fillRect                              
200084cd  drawFastVLine                         
20008571  drawFastHLine                         
2000860d  drawPixel                             
2000864b  invert                                
20008667  _nop                                  
200086a5  GPIO_IF_LedConfigure                  
200086e3  GPIO_IF_LedOn                         
20008797  GPIO_IF_LedOff                        
2000884b  GPIO_IF_LedStatus                     
200088b5  GPIO_IF_LedToggle                     
200088e3  GPIO_IF_GetPortNPin                   
20008929  GPIO_IF_ConfigureNIntEnable           
20008971  GPIO_IF_Set                           
200089b5  GPIO_IF_Get                           
20008a01  sl_WlanConnect                        
20008c7d  InitTerm                              
20008c9b  Message                               
20008cbd  ClearTerm                             
20008cc7  Error                                 
20008cff  GetCmd                                
20008da5  TrimSpace                             
20008e3d  Report                                
200093ad  _SlDrvDataReadOp                      
20009591  _SlDrvReleasePoolObj                  
2000992d  __aeabi_dsub                          
20009937  __aeabi_dadd                          
20009ae3  __aeabi_idiv0                         
20009ae3  __aeabi_ldiv0                         
20009ae5  _SlDrvDriverCBInit                    
20009eb5  Timer_IF_Init                         
20009ee7  Timer_IF_IntSetup                     
20009f33  Timer_IF_InterruptClear               
20009f4b  Timer_IF_Start                        
20009f6b  Timer_IF_Stop                         
20009f7b  Timer_IF_DeInit                       
20009f95  Timer_IF_ReLoad                       
20009fad  Timer_IF_GetCount                     
20009fcd  _SlDrvWaitForPoolObj                  
2000a15d  sl_Connect                            
2000a2e9  PRCMCC3200MCUInit                     
2000a5d1  _SlDrvDataWriteOp                     
2000a721  spi_Open                              
2000a9ad  sl_NetAppDnsGetHostByName             
2000ac2d  __aeabi_ddiv                          
2000ad65  sl_Send                               
2000ae99  _SlDrvDriverCBDeinit                  
2000afc9  PinMuxConfig                          
2000b219  _SlDrvNetAppEventHandler              
2000b31d  aligned_alloc                         
2000b31d  memalign                              
2000b41d  __aeabi_dmul                          
2000b519  sl_Stop                               
2000b609  spi_Read                              
2000b6f9  uDMAChannelTransferSet                
2000b7e9  sl_Start                              
2000b9bd  _SlDrvMsgReadSpawnCtx                 
2000baa5  free                                  
2000bb89  realloc                               
2000bc6d  sl_NetAppMDNSRegisterUnregisterService
2000be2d  ldexp                                 
2000be2d  ldexpl                                
2000be2d  scalbn                                
2000be2d  scalbnl                               
2000befd  _sl_HandleAsync_DnsGetHostByService   
2000bfc9  sl_DevGet                             
2000c159  _SlDrvCmdOp                           
2000c2cd  _SlNonOsSemGet                        
2000c37d  IntDisable                            
2000c425  IntEnable                             
2000c4cd  _SlDriverHandleError                  
2000c571  SPIConfigSetExpClk                    
2000c611  sl_Recv                               
2000c6b1  __aeabi_memcpy                        
2000c6b1  __aeabi_memcpy4                       
2000c6b1  __aeabi_memcpy8                       
2000c6b1  memcpy                                
2000c74d  _SlDrvDeviceEventHandler              
2000c7e9  sl_DevSet                             
2000c881  sl_NetCfgSet                          
2000c919  sl_SetSockOpt                         
2000c9b1  sl_WlanSet                            
2000ca49  spi_Write                             
2000cae1  __aeabi_uldivmod                      
2000cb79  PRCMPeripheralClockGet                
2000cc0d  _sl_HandleAsync_DnsGetHostByName      
2000cc9d  _sl_HandleAsync_PingResponse          
2000cd2d  sl_WlanPolicySet                      
2000ced5  _SlDrvIsTimeoutExpired                
2000cf61  _sl_HandleAsync_InitComplete          
2000cfed  sl_Socket                             
2000d079  PinConfigSet                          
2000d101  __aeabi_cdcmpeq                       
2000d101  __aeabi_cdcmple                       
2000d187  __aeabi_cdrcmple                      
2000d20d  sl_WlanRxFilterSet                    
2000d291  GPIOIntTypeSet                        
2000d315  _sl_HandleAsync_Connect               
2000d495  __aeabi_memclr                        
2000d495  __aeabi_memclr4                       
2000d495  __aeabi_memclr8                       
2000d497  __aeabi_memset                        
2000d497  __aeabi_memset4                       
2000d497  __aeabi_memset8                       
2000d49d  memset                                
2000d511  spi_Close                             
2000d589  UARTConfigSetExpClk                   
2000d601  _SlNonOsMainLoopTask                  
2000d675  TimerIntRegister                      
2000d7c5  _SlDrvCmdSend                         
2000d831  _sl_NetAppSendTokenValue              
2000d89d  TimerIntUnregister                    
2000d905  __TI_decompress_lzss                  
2000d96d  _SlNonOsSpawn                         
2000d9d1  _sl_HandleAsync_Accept                
2000da35  sl_NetAppMDNSUnRegisterService        
2000da99  uDMAChannelAttributeDisable           
2000dafd  uDMAChannelAttributeEnable            
2000db61  sl_Close                              
2000dbc1  sl_WlanProfileDel                     
2000dc21  sl_WlanSetMode                        
2000dc81  frexp                                 
2000dc81  frexpl                                
2000dcdd  IntPendClear                          
2000dd35  PRCMPeripheralReset                   
2000dde5  IntPrioritySet                        
2000de39  _SlDrvRxIrqHandler                    
2000de8d  __TI_ltoa                             
2000dee1  _sl_HandleAsync_Select                
2000df89  _sl_HandleAsync_Stop                  
2000dfd9  SPIIntEnable                          
2000e071  _SlDrvProtectAsyncRespSetting         
2000e109  atoi                                  
2000e155  uDMAChannelAssign                     
2000e1e9  SPIIntClear                           
2000e231  _SlDrvBasicCmd                        
2000e279  __aeabi_d2iz                          
2000e305  TimerConfigure                        
2000e349  _SlDrvSyncObjWaitTimeout              
2000e38d  __TI_auto_init_nobinit_nopinit        
2000e415  sl_Htonl                              
2000e459  PinModeSet                            
2000e4d9  sprintf                               
2000e519  vsnprintf                             
2000e559  NwpRegisterInterruptHandler           
2000e611  PRCMPeripheralClkEnable               
2000e64d  simplelink_timerA2_start              
2000e689  sl_Htons                              
2000e6c5  uDMAChannelControlSet                 
2000e701  NwpPowerOff                           
2000e739  sl_WlanDisconnect                     
2000e771  GPIODirModeSet                        
2000e7a9  PRCMPeripheralStatusGet               
2000e7dd  SPIFIFOLevelSet                       
2000e811  PinTypeGPIO                           
2000e841  UARTDisable                           
2000e8a1  __aeabi_i2d                           
2000e8d1  NwpPowerOn                            
2000e8fd  PRCMSysResetCauseGet                  
2000e955  _SlDrvProtectionObjLockWaitForever    
2000e981  TimerLoadSet                          
2000e9ab  TimerPrescaleSet                      
2000e9d5  PRCMPeripheralClkDisable              
2000e9fd  _SlDrvGlobalObjUnLock                 
2000ea25  _SlDrvProtectionObjUnLock             
2000ea4d  _SlDrvSyncObjWaitForever              
2000ea9d  memmove                               
2000eac5  _SlDrvObjLockWaitForever              
2000eaed  DmaSpiSwIntHandler                    
2000eb11  IntUnregister                         
2000eb35  UARTEnable                            
2000eb59  _c_int00_noargs                       
2000eb7d  GPIOIntStatus                         
2000eb9f  SPIReset                              
2000ebc1  SPIWordCountSet                       
2000ebe3  TimerValueSet                         
2000ec05  GPIOPinWrite                          
2000ec25  IntRegister                           
2000ec45  NwpPrePowerOffTimout0                 
2000ec65  SPIDataGet                            
2000ec85  TimerGetCurrentTimestamp              
2000eca5  _SlDrvObjUnLock                       
2000ecc5  _SlDrvSyncObjSignal                   
2000ece5  GPIOIntRegister                       
2000ed03  SPIDataPut                            
2000ed21  TimerDisable                          
2000ed3f  TimerEnable                           
2000ed5d  TimerIntStatus                        
2000ed7b  UARTCharPut                           
2000edb7  TimerValueGet                         
2000edd3  UARTCharGetNonBlocking                
2000edef  _SlDrvStartMeasureTimeout             
2000ee29  memccpy                               
2000ee45  uDMAChannelEnable                     
2000ee61  GPIOIntEnable                         
2000ee7b  PinTypeSPI                            
2000ee95  PinTypeUART                           
2000eeaf  SPIDmaDisable                         
2000eec9  SPIDmaEnable                          
2000eee3  SPIFIFODisable                        
2000eefd  SPIFIFOEnable                         
2000ef17  SPIIntUnregister                      
2000ef31  GPIOPinRead                           
2000ef49  SPICSDisable                          
2000ef61  SPICSEnable                           
2000ef79  SPIDisable                            
2000ef91  SPIEnable                             
2000efa9  SysTickIntUnregister                  
2000efc1  SysTickPeriodSet                      
2000efd9  TimerIntDisable                       
2000eff1  TimerIntEnable                        
2000f009  UARTCharsAvail                        
2000f021  _SlNonOsSemSet                        
2000f081  PRCMHIBRegRead                        
2000f097  PRCMHIBRegWrite                       
2000f0ad  _SlDrvMemZero                         
2000f0c3  strchr                                
2000f0d9  CPUcpsie                              
2000f0ed  GPIOIntClear                          
2000f101  IntVTableBaseSet                      
2000f115  strcpy                                
2000f129  strlen                                
2000f13d  TimerIntClear                         
2000f14f  wcslen                                
2000f161  SysTickEnable                         
2000f171  _SlDrvDispatchHttpServerEvents        
2000f181  _SlDrvResetCmdExt                     
2000f18f  __TI_decompress_none                  
2000f19d  ResetISR                              
2000f1ad  NwpMaskInterrupt                      
2000f1b9  NwpUnMaskInterrupt                    
2000f1c5  SysTickValueGet                       
2000f1d1  copysign                              
2000f1d1  copysignl                             
2000f1dd  __TI_zero_init                        
2000f1e9  IntMasterEnable                       
2000f1fd  __aeabi_errno_addr                    
2000f205  malloc                                
2000f20d  UtilsDelay                            
2000f213  _system_pre_init                      
2000f217  C$$EXIT                               
2000f217  abort                                 
2000f717  _ctypes_                              
2000fb14  OpcodeTranslateTable                  
2000fb50  _SlActionLookupTable                  
2000fd1e  _SlNetAppSendTokenValueCmdCtrl        
2000fd58  __TI_static_base__                    
2000fdbc  __TI_Handler_Table_Base               
2000fdc8  __TI_Handler_Table_Limit              
2000fdd0  __TI_CINIT_Base                       
2000fde0  __TI_CINIT_Limit                      
20017000  __start___llvm_prf_cnts               
20017000  __stop___llvm_prf_cnts                
20017000  _sys_memory                           
2001f000  c_message                             
2001f968  times                                 
2001f9f4  g_ucDinDout                           
2001fa44  g_time                                
2001fa70  g_ucConnectionSSID                    
2001fa94  g_ucConnectionBSSID                   
2001faa0  RxIrqCnt                              
2001faa1  g_bDeviceRestartIsRequired            
2001faa2  g_cDummy                              
2001faa3  g_ucLED1Pin                           
2001faa4  g_ucLED2Pin                           
2001faa5  g_ucLED3Pin                           
2001faa8  g__SlNonOsCB                          
2001fae4  g_ulStatus                            
2001fae8  g_ulPingPacketsRecv                   
2001faec  g_ulGatewayIP                         
2001faf0  g_Host                                
2001faf4  times_index                           
2001faf8  c_x                                   
2001fafc  c_y                                   
2001fb00  r_x                                   
2001fb04  r_y                                   
2001fb08  c_message_index                       
2001fb0c  color_arr_index                       
2001fb10  lRetVal                               
2001fb14  prevbutton                            
2001fb18  cursor_x                              
2001fb1c  cursor_y                              
2001fb20  textsize                              
2001fb24  textcolor                             
2001fb28  textbgcolor                           
2001fb2c  wrap                                  
2001fb30  color_arr                             
2001fb58  g_SlDeviceStatus                      
2001fb5c  g_pCB                                 
2001fb60  pPingCallBackFunc                     
2001fb68  g_uiLED1Port                          
2001fb6c  g_uiLED2Port                          
2001fb70  g_uiLED3Port                          
2001fb74  g_SpiFd                               
2001fb78  g_pHostIntHdl                         
2001fb7c  g_ucDMAEnabled                        
2001fb80  _lock                                 
2001fb84  _unlock                               
2001fb98  errno                                 
2002f000  __stack                               
20030000  __STACK_END                           
ffffffff  __TI_pprof_out_hndl                   
ffffffff  __TI_prof_data_size                   
ffffffff  __TI_prof_data_start                  
ffffffff  __binit__                             
ffffffff  __c_args__                            
ffffffff  binit                                 
UNDEFED   __mpu_init                            
UNDEFED   _system_post_cinit                    

[348 symbols]
