******************************************************************************
                  TI ARM Linker PC v16.9.0                     
******************************************************************************
>> Linked Thu Apr 28 11:27:58 2022

OUTPUT FILE NAME:   <Decode.out>
ENTRY POINT SYMBOL: "_c_int00"  address: 20007165


MEMORY CONFIGURATION

         name            origin    length      used     unused   attr    fill
----------------------  --------  ---------  --------  --------  ----  --------
  SRAM_CODE             20004000   00019000  00003930  000156d0  RW X
  SRAM_DATA             2001d000   00023000  000010c4  00021f3c  RW X


SEGMENT ALLOCATION MAP

run origin  load origin   length   init length attrs members
----------  ----------- ---------- ----------- ----- -------
20004000    20004000    00003930   00003930    r-x
  20004000    20004000    00000400   00000400    r-- .intvecs
  20004400    20004400    000031bc   000031bc    r-x .text
  200075bc    200075bc    0000032c   0000032c    r-- .const
  200078e8    200078e8    00000048   00000048    r-- .cinit
2001d000    2001d000    000008c4   00000000    rw-
  2001d000    2001d000    00000800   00000000    rw- .sysmem
  2001d800    2001d800    00000090   00000000    rw- .bss
  2001d890    2001d890    00000034   00000000    rw- .data
2003f800    2003f800    00000800   00000000    rw-
  2003f800    2003f800    00000800   00000000    rw- .stack


SECTION ALLOCATION MAP

 output                                  attributes/
section   page    origin      length       input sections
--------  ----  ----------  ----------   ----------------
.intvecs   0    20004000    00000400     
                  20004000    00000400     startup_ccs.obj (.intvecs)

.init_array 
*          0    20004000    00000000     UNINITIALIZED

.text      0    20004400    000031bc     
                  20004400    0000111e     rtsv7M4_T_le_eabi.lib : _printfi.obj (.text)
                  2000551e    00000002     driverlib.a : interrupt.obj (.text:IntDefaultHandler)
                  20005520    000003d0     rtsv7M4_T_le_eabi.lib : memory.obj (.text)
                  200058f0    000003b0     main.obj (.text)
                  20005ca0    00000280     uart_if.obj (.text)
                  20005f20    000001f4     rtsv7M4_T_le_eabi.lib : ull_div_t2.obj (.text)
                  20006114    000001b6                           : fd_add_t2.obj (.text)
                  200062ca    00000002                           : mpu_init.obj (.text)
                  200062cc    00000178     driverlib.a : prcm.obj (.text:PRCMCC3200MCUInit)
                  20006444    00000136     rtsv7M4_T_le_eabi.lib : fd_div_t2.obj (.text)
                  2000657a    00000002                           : startup.obj (.text)
                  2000657c    00000114     pin_mux_config.obj (.text)
                  20006690    000000fc     rtsv7M4_T_le_eabi.lib : fd_mul_t2.obj (.text)
                  2000678c    000000d0                           : s_scalbn.obj (.text)
                  2000685c    000000a8     driverlib.a : interrupt.obj (.text:IntEnable)
                  20006904    0000009c     rtsv7M4_T_le_eabi.lib : memcpy_t2.obj (.text)
                  200069a0    00000094     driverlib.a : prcm.obj (.text:PRCMPeripheralClockGet)
                  20006a34    00000088                 : pin.obj (.text:PinConfigSet)
                  20006abc    00000088     rtsv7M4_T_le_eabi.lib : vsnprintf.obj (.text)
                  20006b44    00000086                           : fd_cmp_t2.obj (.text:__aeabi_cdcmple)
                  20006bca    00000086                           : fd_cmp_t2.obj (.text:__aeabi_cdrcmple)
                  20006c50    00000082     driverlib.a : gpio.obj (.text:GPIOIntTypeSet)
                  20006cd2    0000007a     rtsv7M4_T_le_eabi.lib : memset_t2.obj (.text)
                  20006d4c    00000076     driverlib.a : uart.obj (.text:UARTConfigSetExpClk)
                  20006dc2    00000002     --HOLE-- [fill = 0]
                  20006dc4    00000070     rtsv7M4_T_le_eabi.lib : autoinit.obj (.text)
                  20006e34    00000068                           : copy_decompress_lzss.obj (.text:decompress:lzss)
                  20006e9c    0000005c                           : s_frexp.obj (.text)
                  20006ef8    00000058     driverlib.a : prcm.obj (.text:PRCMPeripheralReset)
                  20006f50    00000056     rtsv7M4_T_le_eabi.lib : ltoa.obj (.text)
                  20006fa6    00000002     --HOLE-- [fill = 0]
                  20006fa8    00000054                           : exit.obj (.text)
                  20006ffc    0000004c                           : atoi.obj (.text)
                  20007048    0000004c                           : cpy_tbl.obj (.text)
                  20007094    00000048     driverlib.a : gpio.obj (.text:GPIOGetIntNumber)
                  200070dc    00000048     rtsv7M4_T_le_eabi.lib : fd_toi_t2.obj (.text)
                  20007124    00000040     driverlib.a : pin.obj (.text:PinModeSet)
                  20007164    00000040     rtsv7M4_T_le_eabi.lib : boot.obj (.text)
                  200071a4    0000003c     driverlib.a : prcm.obj (.text:PRCMPeripheralClkEnable)
                  200071e0    00000036                 : gpio.obj (.text:GPIODirModeSet)
                  20007216    00000030                 : pin.obj (.text:PinTypeGPIO)
                  20007246    00000002     --HOLE-- [fill = 0]
                  20007248    00000030                 : uart.obj (.text:UARTDisable)
                  20007278    0000002e     rtsv7M4_T_le_eabi.lib : i_tofd_t2.obj (.text)
                  200072a6    00000002     --HOLE-- [fill = 0]
                  200072a8    0000002c     driverlib.a : prcm.obj (.text:PRCMSysResetCauseGet)
                  200072d4    00000028                 : prcm.obj (.text:PRCMPeripheralClkDisable)
                  200072fc    00000024                 : interrupt.obj (.text:IntUnregister)
                  20007320    00000024                 : uart.obj (.text:UARTEnable)
                  20007344    00000024     rtsv7M4_T_le_eabi.lib : memmov.obj (.text)
                  20007368    00000022     driverlib.a : gpio.obj (.text:GPIOIntStatus)
                  2000738a    00000002     --HOLE-- [fill = 0]
                  2000738c    00000020                 : interrupt.obj (.text:IntRegister)
                  200073ac    0000001e                 : gpio.obj (.text:GPIOIntRegister)
                  200073ca    0000001e                 : uart.obj (.text:UARTCharPut)
                  200073e8    0000001c                 : uart.obj (.text:UARTCharGetNonBlocking)
                  20007404    0000001c     rtsv7M4_T_le_eabi.lib : memccpy.obj (.text)
                  20007420    0000001a     driverlib.a : gpio.obj (.text:GPIOIntEnable)
                  2000743a    0000001a                 : pin.obj (.text:PinTypeUART)
                  20007454    00000018                 : systick.obj (.text:SysTickIntUnregister)
                  2000746c    00000018                 : systick.obj (.text:SysTickPeriodSet)
                  20007484    00000018                 : uart.obj (.text:UARTCharsAvail)
                  2000749c    00000018     rtsv7M4_T_le_eabi.lib : args_main.obj (.text)
                  200074b4    00000016     driverlib.a : prcm.obj (.text:PRCMHIBRegRead)
                  200074ca    00000016                 : prcm.obj (.text:PRCMHIBRegWrite)
                  200074e0    00000016     rtsv7M4_T_le_eabi.lib : strchr.obj (.text)
                  200074f6    00000014     driverlib.a : cpu.obj (.text:CPUcpsie)
                  2000750a    00000014                 : gpio.obj (.text:GPIOIntClear)
                  2000751e    00000002     --HOLE-- [fill = 0]
                  20007520    00000014                 : interrupt.obj (.text:IntVTableBaseSet)
                  20007534    00000014     rtsv7M4_T_le_eabi.lib : _lock.obj (.text)
                  20007548    00000014                           : strlen.obj (.text)
                  2000755c    00000010     driverlib.a : systick.obj (.text:SysTickEnable)
                  2000756c    0000000e     rtsv7M4_T_le_eabi.lib : copy_decompress_none.obj (.text:decompress:none)
                  2000757a    0000000e     startup_ccs.obj (.text)
                  20007588    0000000c     driverlib.a : systick.obj (.text:SysTickValueGet)
                  20007594    0000000c     rtsv7M4_T_le_eabi.lib : copy_zero_init.obj (.text:decompress:ZI)
                  200075a0    0000000a     driverlib.a : interrupt.obj (.text:IntMasterEnable)
                  200075aa    00000008     rtsv7M4_T_le_eabi.lib : s_copysign.obj (.text)
                  200075b2    00000006     driverlib.a : utils.obj (.text:UtilsDelay)
                  200075b8    00000004     rtsv7M4_T_le_eabi.lib : pre_init.obj (.text)

.const     0    200075bc    0000032c     
                  200075bc    00000101     rtsv7M4_T_le_eabi.lib : ctype.obj (.const:.string:_ctypes_)
                  200076bd    00000003     --HOLE-- [fill = 0]
                  200076c0    00000100     driverlib.a : pin.obj (.const:g_ulPinToPadMap)
                  200077c0    000000a8                 : prcm.obj (.const:PRCM_PeriphRegsList)
                  20007868    00000080                 : interrupt.obj (.const)

.cinit     0    200078e8    00000048     
                  200078e8    00000023     (.cinit..data.load) [load image, compression = lzss]
                  2000790b    00000001     --HOLE-- [fill = 0]
                  2000790c    0000000c     (__TI_handler_table)
                  20007918    00000008     (.cinit..bss.load) [load image, compression = zero_init]
                  20007920    00000010     (__TI_cinit_table)

.sysmem    0    2001d000    00000800     UNINITIALIZED
                  2001d000    00000008     rtsv7M4_T_le_eabi.lib : memory.obj (.sysmem)
                  2001d008    000007f8     --HOLE--

.bss       0    2001d800    00000090     UNINITIALIZED
                  2001d800    0000008c     (.common:times)
                  2001d88c    00000004     uart_if.obj (.bss)

.data      0    2001d890    00000034     UNINITIALIZED
                  2001d890    0000000c     rtsv7M4_T_le_eabi.lib : exit.obj (.data:$O1$$)
                  2001d89c    0000000c                           : memory.obj (.data:$O1$$)
                  2001d8a8    00000008                           : _lock.obj (.data:$O1$$)
                  2001d8b0    00000008     main.obj (.data:switch2)
                  2001d8b8    00000004     main.obj (.data)
                  2001d8bc    00000004     rtsv7M4_T_le_eabi.lib : errno.obj (.data)
                  2001d8c0    00000004                           : stkdepth_vars.obj (.data)

.stack     0    2003f800    00000800     UNINITIALIZED
                  2003f800    00000800     --HOLE--

MODULE SUMMARY

       Module                     code    ro data   rw data
       ------                     ----    -------   -------
    .\
       main.obj                   944     0         152    
       startup_ccs.obj            14      1024      0      
       uart_if.obj                640     0         4      
       pin_mux_config.obj         276     0         0      
    +--+--------------------------+-------+---------+---------+
       Total:                     1874    1024      156    
                                                           
    C:/ti/CC3200SDK_1.3.0/cc3200-sdk/driverlib/ccs/Release/driverlib.a
       prcm.obj                   800     168       0      
       pin.obj                    274     256       0      
       interrupt.obj              268     128       0      
       gpio.obj                   366     0         0      
       uart.obj                   284     0         0      
       systick.obj                76      0         0      
       cpu.obj                    20      0         0      
       utils.obj                  6       0         0      
    +--+--------------------------+-------+---------+---------+
       Total:                     2094    552       0      
                                                           
    C:\ti\ccsv7\tools\compiler\ti-cgt-arm_16.9.0.LTS\lib\rtsv7M4_T_le_eabi.lib
       _printfi.obj               4382    0         0      
       memory.obj                 976     0         12     
       ull_div_t2.obj             500     0         0      
       fd_add_t2.obj              438     0         0      
       fd_div_t2.obj              310     0         0      
       fd_cmp_t2.obj              268     0         0      
       ctype.obj                  0       257       0      
       fd_mul_t2.obj              252     0         0      
       s_scalbn.obj               208     0         0      
       memcpy_t2.obj              156     0         0      
       vsnprintf.obj              136     0         0      
       memset_t2.obj              122     0         0      
       autoinit.obj               112     0         0      
       copy_decompress_lzss.obj   104     0         0      
       exit.obj                   84      0         12     
       s_frexp.obj                92      0         0      
       ltoa.obj                   86      0         0      
       atoi.obj                   76      0         0      
       cpy_tbl.obj                76      0         0      
       fd_toi_t2.obj              72      0         0      
       boot.obj                   64      0         0      
       i_tofd_t2.obj              46      0         0      
       memmov.obj                 36      0         0      
       _lock.obj                  20      0         8      
       memccpy.obj                28      0         0      
       args_main.obj              24      0         0      
       strchr.obj                 22      0         0      
       strlen.obj                 20      0         0      
       copy_decompress_none.obj   14      0         0      
       copy_zero_init.obj         12      0         0      
       s_copysign.obj             8       0         0      
       errno.obj                  0       0         4      
       pre_init.obj               4       0         0      
       stkdepth_vars.obj          0       0         4      
       mpu_init.obj               2       0         0      
       startup.obj                2       0         0      
    +--+--------------------------+-------+---------+---------+
       Total:                     8752    257       40     
                                                           
       Heap:                      0       0         2048   
       Stack:                     0       0         2048   
       Linker Generated:          0       71        0      
    +--+--------------------------+-------+---------+---------+
       Grand Total:               12720   1904      4292   


LINKER GENERATED COPY TABLES

__TI_cinit_table @ 20007920 records: 2, size/record: 8, table size: 16
	.data: load addr=200078e8, load size=00000023 bytes, run addr=2001d890, run size=00000034 bytes, compression=lzss
	.bss: load addr=20007918, load size=00000008 bytes, run addr=2001d800, run size=00000090 bytes, compression=zero_init


LINKER GENERATED HANDLER TABLE

__TI_handler_table @ 2000790c records: 3, size/record: 4, table size: 12
	index: 0, handler: __TI_decompress_lzss
	index: 1, handler: __TI_decompress_none
	index: 2, handler: __TI_zero_init


GLOBAL SYMBOLS: SORTED ALPHABETICALLY BY Name 

address   name                           
-------   ----                           
20006fa9  C$$EXIT                        
200074f7  CPUcpsie                       
20005ce1  ClearTerm                      
20005ceb  Error                          
200071e1  GPIODirModeSet                 
2000750b  GPIOIntClear                   
20007421  GPIOIntEnable                  
200073ad  GPIOIntRegister                
20007369  GPIOIntStatus                  
20006c51  GPIOIntTypeSet                 
20005d23  GetCmd                         
20005ca1  InitTerm                       
2000685d  IntEnable                      
200075a1  IntMasterEnable                
2000738d  IntRegister                    
200072fd  IntUnregister                  
20007521  IntVTableBaseSet               
20005cbf  Message                        
200062cd  PRCMCC3200MCUInit              
200074b5  PRCMHIBRegRead                 
200074cb  PRCMHIBRegWrite                
200072d5  PRCMPeripheralClkDisable       
200071a5  PRCMPeripheralClkEnable        
200069a1  PRCMPeripheralClockGet         
20006ef9  PRCMPeripheralReset            
200072a9  PRCMSysResetCauseGet           
20006a35  PinConfigSet                   
20007125  PinModeSet                     
2000657d  PinMuxConfig                   
20007217  PinTypeGPIO                    
2000743b  PinTypeUART                    
20005e61  Report                         
2000757b  ResetISR                       
UNDEFED   SHT$$INIT_ARRAY$$Base          
UNDEFED   SHT$$INIT_ARRAY$$Limit         
2000755d  SysTickEnable                  
20007455  SysTickIntUnregister           
2000746d  SysTickPeriodSet               
20007589  SysTickValueGet                
20005dc9  TrimSpace                      
200073e9  UARTCharGetNonBlocking         
200073cb  UARTCharPut                    
20007485  UARTCharsAvail                 
20006d4d  UARTConfigSetExpClk            
20007249  UARTDisable                    
20007321  UARTEnable                     
200075b3  UtilsDelay                     
20040000  __STACK_END                    
00000800  __STACK_SIZE                   
00000800  __SYSMEM_SIZE                  
20007920  __TI_CINIT_Base                
20007930  __TI_CINIT_Limit               
2000790c  __TI_Handler_Table_Base        
20007918  __TI_Handler_Table_Limit       
20006dc5  __TI_auto_init                 
2001d890  __TI_cleanup_ptr               
20006e35  __TI_decompress_lzss           
2000756d  __TI_decompress_none           
2001d894  __TI_dtors_ptr                 
2001d898  __TI_enable_exit_profile_output
ffffffff  __TI_pprof_out_hndl            
20004c35  __TI_printfi                   
ffffffff  __TI_prof_data_size            
ffffffff  __TI_prof_data_start           
200078e8  __TI_static_base__             
20007595  __TI_zero_init                 
20006b45  __aeabi_cdcmpeq                
20006b45  __aeabi_cdcmple                
20006bcb  __aeabi_cdrcmple               
200070dd  __aeabi_d2iz                   
2000611f  __aeabi_dadd                   
20006445  __aeabi_ddiv                   
20006691  __aeabi_dmul                   
20006115  __aeabi_dsub                   
20007279  __aeabi_i2d                    
20006cd3  __aeabi_memclr                 
20006cd3  __aeabi_memclr4                
20006cd3  __aeabi_memclr8                
20006905  __aeabi_memcpy                 
20006905  __aeabi_memcpy4                
20006905  __aeabi_memcpy8                
20006cd5  __aeabi_memset                 
20006cd5  __aeabi_memset4                
20006cd5  __aeabi_memset8                
20005f21  __aeabi_uldivmod               
ffffffff  __binit__                      
ffffffff  __c_args__                     
200062cb  __mpu_init                     
2003f800  __stack                        
2000749d  _args_main                     
20007165  _c_int00                       
200075bc  _ctypes_                       
2001d8a8  _lock                          
20007543  _nop                           
2000753b  _register_lock                 
20007535  _register_unlock               
2001d000  _sys_memory                    
2000657b  _system_post_cinit             
200075b9  _system_pre_init               
2001d8ac  _unlock                        
20006fad  abort                          
20006ffd  atoi                           
ffffffff  binit                          
200058c1  calloc                         
20007049  copy_in                        
200075ab  copysign                       
200075ab  copysignl                      
2001d8bc  errno                          
20006fb5  exit                           
2000560b  free                           
20006e9d  frexp                          
20006e9d  frexpl                         
20004000  g_pfnVectors                   
2000678d  ldexp                          
2000678d  ldexpl                         
20006f51  ltoa                           
200059f9  main                           
2001d8c0  main_func_sp                   
200055a1  malloc                         
200057d5  memalign                       
20007405  memccpy                        
20006905  memcpy                         
20007345  memmove                        
20006cdb  memset                         
20005521  minit                          
200056cd  realloc                        
2000678d  scalbn                         
2000678d  scalbnl                        
200074e1  strchr                         
20007549  strlen                         
2001d800  times                          
2001d8b8  times_index                    
20006abd  vsnprintf                      


GLOBAL SYMBOLS: SORTED BY Symbol Address 

address   name                           
-------   ----                           
00000800  __STACK_SIZE                   
00000800  __SYSMEM_SIZE                  
20004000  g_pfnVectors                   
20004c35  __TI_printfi                   
20005521  minit                          
200055a1  malloc                         
2000560b  free                           
200056cd  realloc                        
200057d5  memalign                       
200058c1  calloc                         
200059f9  main                           
20005ca1  InitTerm                       
20005cbf  Message                        
20005ce1  ClearTerm                      
20005ceb  Error                          
20005d23  GetCmd                         
20005dc9  TrimSpace                      
20005e61  Report                         
20005f21  __aeabi_uldivmod               
20006115  __aeabi_dsub                   
2000611f  __aeabi_dadd                   
200062cb  __mpu_init                     
200062cd  PRCMCC3200MCUInit              
20006445  __aeabi_ddiv                   
2000657b  _system_post_cinit             
2000657d  PinMuxConfig                   
20006691  __aeabi_dmul                   
2000678d  ldexp                          
2000678d  ldexpl                         
2000678d  scalbn                         
2000678d  scalbnl                        
2000685d  IntEnable                      
20006905  __aeabi_memcpy                 
20006905  __aeabi_memcpy4                
20006905  __aeabi_memcpy8                
20006905  memcpy                         
200069a1  PRCMPeripheralClockGet         
20006a35  PinConfigSet                   
20006abd  vsnprintf                      
20006b45  __aeabi_cdcmpeq                
20006b45  __aeabi_cdcmple                
20006bcb  __aeabi_cdrcmple               
20006c51  GPIOIntTypeSet                 
20006cd3  __aeabi_memclr                 
20006cd3  __aeabi_memclr4                
20006cd3  __aeabi_memclr8                
20006cd5  __aeabi_memset                 
20006cd5  __aeabi_memset4                
20006cd5  __aeabi_memset8                
20006cdb  memset                         
20006d4d  UARTConfigSetExpClk            
20006dc5  __TI_auto_init                 
20006e35  __TI_decompress_lzss           
20006e9d  frexp                          
20006e9d  frexpl                         
20006ef9  PRCMPeripheralReset            
20006f51  ltoa                           
20006fa9  C$$EXIT                        
20006fad  abort                          
20006fb5  exit                           
20006ffd  atoi                           
20007049  copy_in                        
200070dd  __aeabi_d2iz                   
20007125  PinModeSet                     
20007165  _c_int00                       
200071a5  PRCMPeripheralClkEnable        
200071e1  GPIODirModeSet                 
20007217  PinTypeGPIO                    
20007249  UARTDisable                    
20007279  __aeabi_i2d                    
200072a9  PRCMSysResetCauseGet           
200072d5  PRCMPeripheralClkDisable       
200072fd  IntUnregister                  
20007321  UARTEnable                     
20007345  memmove                        
20007369  GPIOIntStatus                  
2000738d  IntRegister                    
200073ad  GPIOIntRegister                
200073cb  UARTCharPut                    
200073e9  UARTCharGetNonBlocking         
20007405  memccpy                        
20007421  GPIOIntEnable                  
2000743b  PinTypeUART                    
20007455  SysTickIntUnregister           
2000746d  SysTickPeriodSet               
20007485  UARTCharsAvail                 
2000749d  _args_main                     
200074b5  PRCMHIBRegRead                 
200074cb  PRCMHIBRegWrite                
200074e1  strchr                         
200074f7  CPUcpsie                       
2000750b  GPIOIntClear                   
20007521  IntVTableBaseSet               
20007535  _register_unlock               
2000753b  _register_lock                 
20007543  _nop                           
20007549  strlen                         
2000755d  SysTickEnable                  
2000756d  __TI_decompress_none           
2000757b  ResetISR                       
20007589  SysTickValueGet                
20007595  __TI_zero_init                 
200075a1  IntMasterEnable                
200075ab  copysign                       
200075ab  copysignl                      
200075b3  UtilsDelay                     
200075b9  _system_pre_init               
200075bc  _ctypes_                       
200078e8  __TI_static_base__             
2000790c  __TI_Handler_Table_Base        
20007918  __TI_Handler_Table_Limit       
20007920  __TI_CINIT_Base                
20007930  __TI_CINIT_Limit               
2001d000  _sys_memory                    
2001d800  times                          
2001d890  __TI_cleanup_ptr               
2001d894  __TI_dtors_ptr                 
2001d898  __TI_enable_exit_profile_output
2001d8a8  _lock                          
2001d8ac  _unlock                        
2001d8b8  times_index                    
2001d8bc  errno                          
2001d8c0  main_func_sp                   
2003f800  __stack                        
20040000  __STACK_END                    
ffffffff  __TI_pprof_out_hndl            
ffffffff  __TI_prof_data_size            
ffffffff  __TI_prof_data_start           
ffffffff  __binit__                      
ffffffff  __c_args__                     
ffffffff  binit                          
UNDEFED   SHT$$INIT_ARRAY$$Base          
UNDEFED   SHT$$INIT_ARRAY$$Limit         

[133 symbols]
