******************************************************************************
                  TI ARM Linker PC v16.9.0                     
******************************************************************************
>> Linked Tue May 17 12:31:04 2022

OUTPUT FILE NAME:   <Extra.out>
ENTRY POINT SYMBOL: "_c_int00"  address: 20009a61


MEMORY CONFIGURATION

         name            origin    length      used     unused   attr    fill
----------------------  --------  ---------  --------  --------  ----  --------
  SRAM_CODE             20004000   00013000  00006a60  0000c5a0  RW X
  SRAM_DATA             20017000   00019000  00001d3c  000172c4  RW X


SEGMENT ALLOCATION MAP

run origin  load origin   length   init length attrs members
----------  ----------- ---------- ----------- ----- -------
20004000    20004000    00006a60   00006a60    r-x
  20004000    20004000    00000400   00000400    r-- .intvecs
  20004400    20004400    00005cb0   00005cb0    r-x .text
  2000a0b0    2000a0b0    00000918   00000918    r-- .const
  2000a9c8    2000a9c8    00000098   00000098    r-- .cinit
20017000    20017000    0000153c   00000000    rw-
  20017000    20017000    00000ca0   00000000    rw- .bss
  20017ca0    20017ca0    00000800   00000000    rw- .sysmem
  200184a0    200184a0    0000009c   00000000    rw- .data
2002f800    2002f800    00000800   00000000    rw-
  2002f800    2002f800    00000800   00000000    rw- .stack


SECTION ALLOCATION MAP

 output                                  attributes/
section   page    origin      length       input sections
--------  ----  ----------  ----------   ----------------
.intvecs   0    20004000    00000400     
                  20004000    00000400     startup_ccs.obj (.intvecs)

.init_array 
*          0    20004000    00000000     UNINITIALIZED

.text      0    20004400    00005cb0     
                  20004400    000016c4     main.obj (.text)
                  20005ac4    0000111e     rtsv7M4_T_le_eabi.lib : _printfi.obj (.text)
                  20006be2    00000002     driverlib.a : interrupt.obj (.text:IntDefaultHandler)
                  20006be4    00000a80     Adafruit_GFX.obj (.text)
                  20007664    000004aa     Adafruit_OLED.obj (.text)
                  20007b0e    00000002     rtsv7M4_T_le_eabi.lib : mpu_init.obj (.text)
                  20007b10    000003d0                           : memory.obj (.text)
                  20007ee0    00000280     uart_if.obj (.text)
                  20008160    000001f4     rtsv7M4_T_le_eabi.lib : ull_div_t2.obj (.text)
                  20008354    000001b6                           : fd_add_t2.obj (.text)
                  2000850a    00000002                           : startup.obj (.text)
                  2000850c    00000198     timer_if.obj (.text)
                  200086a4    00000178     driverlib.a : prcm.obj (.text:PRCMCC3200MCUInit)
                  2000881c    00000136     rtsv7M4_T_le_eabi.lib : fd_div_t2.obj (.text)
                  20008952    00000002     --HOLE-- [fill = 0]
                  20008954    00000128     pin_mux_config.obj (.text)
                  20008a7c    000000fc     rtsv7M4_T_le_eabi.lib : fd_mul_t2.obj (.text)
                  20008b78    000000d0     driverlib.a : spi.obj (.text:SPITransfer32)
                  20008c48    000000d0     rtsv7M4_T_le_eabi.lib : s_scalbn.obj (.text)
                  20008d18    000000ce     driverlib.a : spi.obj (.text:SPITransfer16)
                  20008de6    000000b8                 : spi.obj (.text:SPITransfer8)
                  20008e9e    00000002     --HOLE-- [fill = 0]
                  20008ea0    000000a8                 : interrupt.obj (.text:IntDisable)
                  20008f48    000000a8                 : interrupt.obj (.text:IntEnable)
                  20008ff0    000000a0                 : spi.obj (.text:SPIConfigSetExpClk)
                  20009090    0000009c     rtsv7M4_T_le_eabi.lib : memcpy_t2.obj (.text)
                  2000912c    00000094     driverlib.a : prcm.obj (.text:PRCMPeripheralClockGet)
                  200091c0    00000088                 : pin.obj (.text:PinConfigSet)
                  20009248    00000088                 : spi.obj (.text:SPITransfer)
                  200092d0    00000088     rtsv7M4_T_le_eabi.lib : vsnprintf.obj (.text)
                  20009358    00000086                           : fd_cmp_t2.obj (.text:__aeabi_cdcmple)
                  200093de    00000086                           : fd_cmp_t2.obj (.text:__aeabi_cdrcmple)
                  20009464    0000007a                           : memset_t2.obj (.text)
                  200094de    00000076     driverlib.a : uart.obj (.text:UARTConfigSetExpClk)
                  20009554    00000070                 : timer.obj (.text:TimerIntRegister)
                  200095c4    00000070     rtsv7M4_T_le_eabi.lib : autoinit.obj (.text)
                  20009634    00000068     driverlib.a : timer.obj (.text:TimerIntUnregister)
                  2000969c    00000068     rtsv7M4_T_le_eabi.lib : copy_decompress_lzss.obj (.text:decompress:lzss)
                  20009704    0000005c                           : s_frexp.obj (.text)
                  20009760    00000058     driverlib.a : prcm.obj (.text:PRCMPeripheralReset)
                  200097b8    00000056     rtsv7M4_T_le_eabi.lib : ltoa.obj (.text)
                  2000980e    00000002     --HOLE-- [fill = 0]
                  20009810    00000054     driverlib.a : interrupt.obj (.text:IntPrioritySet)
                  20009864    00000054     rtsv7M4_T_le_eabi.lib : exit.obj (.text)
                  200098b8    0000004c                           : atoi.obj (.text)
                  20009904    0000004c                           : cpy_tbl.obj (.text)
                  20009950    00000048                           : fd_toi_t2.obj (.text)
                  20009998    00000044     driverlib.a : timer.obj (.text:TimerConfigure)
                  200099dc    00000044                 : uart.obj (.text:UARTIntNumberGet)
                  20009a20    00000040                 : pin.obj (.text:PinModeSet)
                  20009a60    00000040     rtsv7M4_T_le_eabi.lib : boot.obj (.text)
                  20009aa0    0000003c     driverlib.a : prcm.obj (.text:PRCMPeripheralClkEnable)
                  20009adc    00000036                 : gpio.obj (.text:GPIODirModeSet)
                  20009b12    00000030                 : pin.obj (.text:PinTypeGPIO)
                  20009b42    00000002     --HOLE-- [fill = 0]
                  20009b44    00000030                 : uart.obj (.text:UARTDisable)
                  20009b74    0000002e     rtsv7M4_T_le_eabi.lib : i_tofd_t2.obj (.text)
                  20009ba2    00000002     --HOLE-- [fill = 0]
                  20009ba4    0000002c     driverlib.a : prcm.obj (.text:PRCMSysResetCauseGet)
                  20009bd0    0000002a                 : timer.obj (.text:TimerLoadSet)
                  20009bfa    0000002a                 : timer.obj (.text:TimerPrescaleSet)
                  20009c24    00000028                 : prcm.obj (.text:PRCMPeripheralClkDisable)
                  20009c4c    00000024                 : interrupt.obj (.text:IntUnregister)
                  20009c70    00000024                 : uart.obj (.text:UARTEnable)
                  20009c94    00000024     rtsv7M4_T_le_eabi.lib : memmov.obj (.text)
                  20009cb8    00000022     driverlib.a : spi.obj (.text:SPIReset)
                  20009cda    00000022                 : timer.obj (.text:TimerValueSet)
                  20009cfc    00000020                 : gpio.obj (.text:GPIOPinWrite)
                  20009d1c    00000020                 : interrupt.obj (.text:IntRegister)
                  20009d3c    00000020                 : spi.obj (.text:SPIDataGet)
                  20009d5c    0000001e                 : spi.obj (.text:SPIDataPut)
                  20009d7a    0000001e                 : timer.obj (.text:TimerDisable)
                  20009d98    0000001e                 : timer.obj (.text:TimerEnable)
                  20009db6    0000001e                 : timer.obj (.text:TimerIntStatus)
                  20009dd4    0000001e                 : uart.obj (.text:UARTCharPut)
                  20009df2    0000001e                 : uart.obj (.text:UARTIntRegister)
                  20009e10    0000001c                 : timer.obj (.text:TimerValueGet)
                  20009e2c    0000001c                 : uart.obj (.text:UARTCharGetNonBlocking)
                  20009e48    0000001c     rtsv7M4_T_le_eabi.lib : memccpy.obj (.text)
                  20009e64    0000001a     driverlib.a : pin.obj (.text:PinTypeSPI)
                  20009e7e    0000001a                 : pin.obj (.text:PinTypeUART)
                  20009e98    00000018                 : spi.obj (.text:SPICSDisable)
                  20009eb0    00000018                 : spi.obj (.text:SPICSEnable)
                  20009ec8    00000018                 : spi.obj (.text:SPIEnable)
                  20009ee0    00000018                 : timer.obj (.text:TimerIntDisable)
                  20009ef8    00000018                 : timer.obj (.text:TimerIntEnable)
                  20009f10    00000018                 : uart.obj (.text:UARTBusy)
                  20009f28    00000018                 : uart.obj (.text:UARTCharsAvail)
                  20009f40    00000018                 : uart.obj (.text:UARTDMADisable)
                  20009f58    00000018                 : uart.obj (.text:UARTIntEnable)
                  20009f70    00000018     rtsv7M4_T_le_eabi.lib : args_main.obj (.text)
                  20009f88    00000016     driverlib.a : prcm.obj (.text:PRCMHIBRegRead)
                  20009f9e    00000016                 : prcm.obj (.text:PRCMHIBRegWrite)
                  20009fb4    00000016                 : uart.obj (.text:UARTCharGet)
                  20009fca    00000016                 : uart.obj (.text:UARTFIFODisable)
                  20009fe0    00000016     rtsv7M4_T_le_eabi.lib : strchr.obj (.text)
                  20009ff6    00000014     driverlib.a : cpu.obj (.text:CPUcpsie)
                  2000a00a    00000002     --HOLE-- [fill = 0]
                  2000a00c    00000014                 : interrupt.obj (.text:IntVTableBaseSet)
                  2000a020    00000014     rtsv7M4_T_le_eabi.lib : _lock.obj (.text)
                  2000a034    00000014                           : strlen.obj (.text)
                  2000a048    00000012     driverlib.a : timer.obj (.text:TimerIntClear)
                  2000a05a    00000012                 : uart.obj (.text:UARTIntClear)
                  2000a06c    0000000e     rtsv7M4_T_le_eabi.lib : copy_decompress_none.obj (.text:decompress:none)
                  2000a07a    0000000e     startup_ccs.obj (.text)
                  2000a088    0000000c     rtsv7M4_T_le_eabi.lib : copy_zero_init.obj (.text:decompress:ZI)
                  2000a094    0000000a     driverlib.a : interrupt.obj (.text:IntMasterEnable)
                  2000a09e    00000008     rtsv7M4_T_le_eabi.lib : s_copysign.obj (.text)
                  2000a0a6    00000006     driverlib.a : utils.obj (.text:UtilsDelay)
                  2000a0ac    00000004     rtsv7M4_T_le_eabi.lib : pre_init.obj (.text)

.const     0    2000a0b0    00000918     
                  2000a0b0    000004fb     Adafruit_GFX.obj (.const:.string:font)
                  2000a5ab    00000101     rtsv7M4_T_le_eabi.lib : ctype.obj (.const:.string:_ctypes_)
                  2000a6ac    00000100     driverlib.a : pin.obj (.const:g_ulPinToPadMap)
                  2000a7ac    000000d4                 : interrupt.obj (.const:g_pulRegs)
                  2000a880    000000a8                 : prcm.obj (.const:PRCM_PeriphRegsList)
                  2000a928    00000080                 : interrupt.obj (.const)
                  2000a9a8    00000010     main.obj (.const:$P$T0$1)
                  2000a9b8    00000010     driverlib.a : uart.obj (.const)

.cinit     0    2000a9c8    00000098     
                  2000a9c8    00000072     (.cinit..data.load) [load image, compression = lzss]
                  2000aa3a    00000002     --HOLE-- [fill = 0]
                  2000aa3c    0000000c     (__TI_handler_table)
                  2000aa48    00000008     (.cinit..bss.load) [load image, compression = zero_init]
                  2000aa50    00000010     (__TI_cinit_table)

.bss       0    20017000    00000ca0     UNINITIALIZED
                  20017000    00000668     (.common:samples)
                  20017668    00000600     (.common:c_message)
                  20017c68    00000020     (.common:power_all)
                  20017c88    00000004     uart_if.obj (.bss)
                  20017c8c    00000004     (.common:color)
                  20017c90    00000004     (.common:g_ucRxBuff)
                  20017c94    00000004     (.common:g_ucTxBuff)
                  20017c98    00000004     (.common:i)
                  20017c9c    00000004     (.common:timer)

.sysmem    0    20017ca0    00000800     UNINITIALIZED
                  20017ca0    00000008     rtsv7M4_T_le_eabi.lib : memory.obj (.sysmem)
                  20017ca8    000007f8     --HOLE--

.data      0    200184a0    0000009c     UNINITIALIZED
                  200184a0    00000020     main.obj (.data:coeff)
                  200184c0    0000001d     main.obj (.data)
                  200184dd    00000003     --HOLE--
                  200184e0    00000015     Adafruit_GFX.obj (.data)
                  200184f5    00000003     --HOLE--
                  200184f8    00000014     main.obj (.data:color_arr)
                  2001850c    0000000c     rtsv7M4_T_le_eabi.lib : exit.obj (.data:$O1$$)
                  20018518    0000000c                           : memory.obj (.data:$O1$$)
                  20018524    00000008                           : _lock.obj (.data:$O1$$)
                  2001852c    00000008     main.obj (.data:pin8)
                  20018534    00000004     rtsv7M4_T_le_eabi.lib : errno.obj (.data)
                  20018538    00000004                           : stkdepth_vars.obj (.data)

.stack     0    2002f800    00000800     UNINITIALIZED
                  2002f800    00000800     --HOLE--

MODULE SUMMARY

       Module                     code    ro data   rw data
       ------                     ----    -------   -------
    .\
       main.obj                   5828    16        3317   
       Adafruit_GFX.obj           2688    1275      21     
       Adafruit_OLED.obj          1194    0         0      
       startup_ccs.obj            14      1024      0      
       uart_if.obj                640     0         4      
       timer_if.obj               408     0         0      
       pin_mux_config.obj         296     0         0      
    +--+--------------------------+-------+---------+---------+
       Total:                     11068   2315      3342   
                                                           
    C:/ti/CC3200SDK_1.2.0/cc3200-sdk/driverlib/ccs/Release/driverlib.a
       spi.obj                    1062    0         0      
       prcm.obj                   800     168       0      
       interrupt.obj              520     340       0      
       timer.obj                  586     0         0      
       pin.obj                    300     256       0      
       uart.obj                   516     16        0      
       gpio.obj                   86      0         0      
       cpu.obj                    20      0         0      
       utils.obj                  6       0         0      
    +--+--------------------------+-------+---------+---------+
       Total:                     3896    780       0      
                                                           
    C:\ti\ccsv7\tools\compiler\ti-cgt-arm_16.9.0.LTS\lib\rtsv7M4_T_le_eabi.lib
       _printfi.obj               4382    0         0      
       memory.obj                 976     0         12     
       ull_div_t2.obj             500     0         0      
       fd_add_t2.obj              438     0         0      
       fd_div_t2.obj              310     0         0      
       fd_cmp_t2.obj              268     0         0      
       ctype.obj                  0       257       0      
       fd_mul_t2.obj              252     0         0      
       s_scalbn.obj               208     0         0      
       memcpy_t2.obj              156     0         0      
       vsnprintf.obj              136     0         0      
       memset_t2.obj              122     0         0      
       autoinit.obj               112     0         0      
       copy_decompress_lzss.obj   104     0         0      
       exit.obj                   84      0         12     
       s_frexp.obj                92      0         0      
       ltoa.obj                   86      0         0      
       atoi.obj                   76      0         0      
       cpy_tbl.obj                76      0         0      
       fd_toi_t2.obj              72      0         0      
       boot.obj                   64      0         0      
       i_tofd_t2.obj              46      0         0      
       memmov.obj                 36      0         0      
       _lock.obj                  20      0         8      
       memccpy.obj                28      0         0      
       args_main.obj              24      0         0      
       strchr.obj                 22      0         0      
       strlen.obj                 20      0         0      
       copy_decompress_none.obj   14      0         0      
       copy_zero_init.obj         12      0         0      
       s_copysign.obj             8       0         0      
       errno.obj                  0       0         4      
       pre_init.obj               4       0         0      
       stkdepth_vars.obj          0       0         4      
       mpu_init.obj               2       0         0      
       startup.obj                2       0         0      
    +--+--------------------------+-------+---------+---------+
       Total:                     8752    257       40     
                                                           
       Heap:                      0       0         2048   
       Stack:                     0       0         2048   
       Linker Generated:          0       150       0      
    +--+--------------------------+-------+---------+---------+
       Grand Total:               23716   3502      7478   


LINKER GENERATED COPY TABLES

__TI_cinit_table @ 2000aa50 records: 2, size/record: 8, table size: 16
	.data: load addr=2000a9c8, load size=00000072 bytes, run addr=200184a0, run size=0000009c bytes, compression=lzss
	.bss: load addr=2000aa48, load size=00000008 bytes, run addr=20017000, run size=00000ca0 bytes, compression=zero_init


LINKER GENERATED HANDLER TABLE

__TI_handler_table @ 2000aa3c records: 3, size/record: 4, table size: 12
	index: 0, handler: __TI_decompress_lzss
	index: 1, handler: __TI_decompress_none
	index: 2, handler: __TI_zero_init


GLOBAL SYMBOLS: SORTED ALPHABETICALLY BY Name 

address   name                           
-------   ----                           
200076f9  Adafruit_Init                  
20009865  C$$EXIT                        
20009ff7  CPUcpsie                       
20007f21  ClearTerm                      
2000786f  Color565                       
20007f2b  Error                          
20009add  GPIODirModeSet                 
20009cfd  GPIOPinWrite                   
20007f63  GetCmd                         
20007ee1  InitTerm                       
20008ea1  IntDisable                     
20008f49  IntEnable                      
2000a095  IntMasterEnable                
20009811  IntPrioritySet                 
20009d1d  IntRegister                    
20009c4d  IntUnregister                  
2000a00d  IntVTableBaseSet               
20007eff  Message                        
2000758f  Outstr                         
200086a5  PRCMCC3200MCUInit              
20009f89  PRCMHIBRegRead                 
20009f9f  PRCMHIBRegWrite                
20009c25  PRCMPeripheralClkDisable       
20009aa1  PRCMPeripheralClkEnable        
2000912d  PRCMPeripheralClockGet         
20009761  PRCMPeripheralReset            
20009ba5  PRCMSysResetCauseGet           
200091c1  PinConfigSet                   
20009a21  PinModeSet                     
20008955  PinMuxConfig                   
20009b13  PinTypeGPIO                    
20009e65  PinTypeSPI                     
20009e7f  PinTypeUART                    
200080a1  Report                         
2000a07b  ResetISR                       
UNDEFED   SHT$$INIT_ARRAY$$Base          
UNDEFED   SHT$$INIT_ARRAY$$Limit         
20009e99  SPICSDisable                   
20009eb1  SPICSEnable                    
20008ff1  SPIConfigSetExpClk             
20009d3d  SPIDataGet                     
20009d5d  SPIDataPut                     
20009ec9  SPIEnable                      
20009cb9  SPIReset                       
20009249  SPITransfer                    
20004621  SendMessage                    
20009999  TimerConfigure                 
20009d7b  TimerDisable                   
20009d99  TimerEnable                    
2000a049  TimerIntClear                  
20009ee1  TimerIntDisable                
20009ef9  TimerIntEnable                 
20009555  TimerIntRegister               
20009db7  TimerIntStatus                 
20009635  TimerIntUnregister             
20009bd1  TimerLoadSet                   
20009bfb  TimerPrescaleSet               
20009e11  TimerValueGet                  
20009cdb  TimerValueSet                  
20008653  Timer_IF_DeInit                
20008685  Timer_IF_GetCount              
2000858d  Timer_IF_Init                  
200085bf  Timer_IF_IntSetup              
2000860b  Timer_IF_InterruptClear        
2000866d  Timer_IF_ReLoad                
20008623  Timer_IF_Start                 
20008643  Timer_IF_Stop                  
20008009  TrimSpace                      
20009f11  UARTBusy                       
20009fb5  UARTCharGet                    
20009e2d  UARTCharGetNonBlocking         
20009dd5  UARTCharPut                    
20009f29  UARTCharsAvail                 
200094df  UARTConfigSetExpClk            
20009f41  UARTDMADisable                 
20009b45  UARTDisable                    
20009c71  UARTEnable                     
20009fcb  UARTFIFODisable                
2000a05b  UARTIntClear                   
20009f59  UARTIntEnable                  
20009df3  UARTIntRegister                
2000572d  UARTMessageInHandler           
2000a0a7  UtilsDelay                     
20030000  __STACK_END                    
00000800  __STACK_SIZE                   
00000800  __SYSMEM_SIZE                  
2000aa50  __TI_CINIT_Base                
2000aa60  __TI_CINIT_Limit               
2000aa3c  __TI_Handler_Table_Base        
2000aa48  __TI_Handler_Table_Limit       
200095c5  __TI_auto_init                 
2001850c  __TI_cleanup_ptr               
2000969d  __TI_decompress_lzss           
2000a06d  __TI_decompress_none           
20018510  __TI_dtors_ptr                 
20018514  __TI_enable_exit_profile_output
ffffffff  __TI_pprof_out_hndl            
200062f9  __TI_printfi                   
ffffffff  __TI_prof_data_size            
ffffffff  __TI_prof_data_start           
2000a9c8  __TI_static_base__             
2000a089  __TI_zero_init                 
20009359  __aeabi_cdcmpeq                
20009359  __aeabi_cdcmple                
200093df  __aeabi_cdrcmple               
20009951  __aeabi_d2iz                   
2000835f  __aeabi_dadd                   
2000881d  __aeabi_ddiv                   
20008a7d  __aeabi_dmul                   
20008355  __aeabi_dsub                   
20009b75  __aeabi_i2d                    
20009465  __aeabi_memclr                 
20009465  __aeabi_memclr4                
20009465  __aeabi_memclr8                
20009091  __aeabi_memcpy                 
20009091  __aeabi_memcpy4                
20009091  __aeabi_memcpy8                
20009467  __aeabi_memset                 
20009467  __aeabi_memset4                
20009467  __aeabi_memset8                
20008161  __aeabi_uldivmod               
ffffffff  __binit__                      
ffffffff  __c_args__                     
20007b0f  __mpu_init                     
2002f800  __stack                        
20009f71  _args_main                     
20009a61  _c_int00                       
2000a5ab  _ctypes_                       
20018524  _lock                          
2000a02f  _nop                           
2000a027  _register_lock                 
2000a021  _register_unlock               
20017ca0  _sys_memory                    
2000850b  _system_post_cinit             
2000a0ad  _system_pre_init               
20018528  _unlock                        
20009869  abort                          
200098b9  atoi                           
ffffffff  binit                          
200045eb  c_char_clear                   
20004509  c_clear                        
20017668  c_message                      
200184d4  c_message_index                
200184c4  c_x                            
200184c8  c_y                            
20007eb1  calloc                         
200184a0  coeff                          
20017c8c  color                          
200184f8  color_arr                      
200184d8  color_arr_index                
20009905  copy_in                        
2000a09f  copysign                       
2000a09f  copysignl                      
200184e0  cursor_x                       
200184e4  cursor_y                       
20007443  drawChar                       
20006be5  drawCircle                     
20006d19  drawCircleHelper               
20007a19  drawFastHLine                  
20007979  drawFastVLine                  
20006f5f  drawLine                       
20007ab5  drawPixel                      
2000704b  drawRect                       
20007099  drawRoundRect                  
20007201  drawTriangle                   
20018534  errno                          
20009871  exit                           
20006e37  fillCircle                     
20006e71  fillCircleHelper               
200078c7  fillRect                       
20007187  fillRoundRect                  
200078b1  fillScreen                     
20007243  fillTriangle                   
20007bfb  free                           
20009705  frexp                          
20009705  frexpl                         
20004000  g_pfnVectors                   
20017c90  g_ucRxBuff                     
20017c94  g_ucTxBuff                     
2000782b  goTo                           
20004483  goertzel                       
20007643  height                         
20017c98  i                              
20007af3  invert                         
20008c49  ldexp                          
20008c49  ldexpl                         
200097b9  ltoa                           
20005801  main                           
20018538  main_func_sp                   
20007b91  malloc                         
20007dc5  memalign                       
20009e49  memccpy                        
20009091  memcpy                         
20009c95  memmove                        
2000946d  memset                         
20007b11  minit                          
20004741  post_test                      
20017c68  power_all                      
200184dc  prevbutton                     
20004581  r_clear                        
200184cc  r_x                            
200184d0  r_y                            
20004419  readADC                        
20007cbd  realloc                        
20017000  samples                        
200184c0  samples_index                  
20008c49  scalbn                         
20008c49  scalbnl                        
200075db  setCursor                      
20007613  setTextColor                   
200075f3  setTextSize                    
2000762b  setTextWrap                    
20009fe1  strchr                         
2000a035  strlen                         
200184f0  textbgcolor                    
200184ec  textcolor                      
200184e8  textsize                       
20017c9c  timer                          
200092d1  vsnprintf                      
2000763f  width                          
200184f4  wrap                           
20007665  writeCommand                   
200076af  writeData                      


GLOBAL SYMBOLS: SORTED BY Symbol Address 

address   name                           
-------   ----                           
00000800  __STACK_SIZE                   
00000800  __SYSMEM_SIZE                  
20004000  g_pfnVectors                   
20004419  readADC                        
20004483  goertzel                       
20004509  c_clear                        
20004581  r_clear                        
200045eb  c_char_clear                   
20004621  SendMessage                    
20004741  post_test                      
2000572d  UARTMessageInHandler           
20005801  main                           
200062f9  __TI_printfi                   
20006be5  drawCircle                     
20006d19  drawCircleHelper               
20006e37  fillCircle                     
20006e71  fillCircleHelper               
20006f5f  drawLine                       
2000704b  drawRect                       
20007099  drawRoundRect                  
20007187  fillRoundRect                  
20007201  drawTriangle                   
20007243  fillTriangle                   
20007443  drawChar                       
2000758f  Outstr                         
200075db  setCursor                      
200075f3  setTextSize                    
20007613  setTextColor                   
2000762b  setTextWrap                    
2000763f  width                          
20007643  height                         
20007665  writeCommand                   
200076af  writeData                      
200076f9  Adafruit_Init                  
2000782b  goTo                           
2000786f  Color565                       
200078b1  fillScreen                     
200078c7  fillRect                       
20007979  drawFastVLine                  
20007a19  drawFastHLine                  
20007ab5  drawPixel                      
20007af3  invert                         
20007b0f  __mpu_init                     
20007b11  minit                          
20007b91  malloc                         
20007bfb  free                           
20007cbd  realloc                        
20007dc5  memalign                       
20007eb1  calloc                         
20007ee1  InitTerm                       
20007eff  Message                        
20007f21  ClearTerm                      
20007f2b  Error                          
20007f63  GetCmd                         
20008009  TrimSpace                      
200080a1  Report                         
20008161  __aeabi_uldivmod               
20008355  __aeabi_dsub                   
2000835f  __aeabi_dadd                   
2000850b  _system_post_cinit             
2000858d  Timer_IF_Init                  
200085bf  Timer_IF_IntSetup              
2000860b  Timer_IF_InterruptClear        
20008623  Timer_IF_Start                 
20008643  Timer_IF_Stop                  
20008653  Timer_IF_DeInit                
2000866d  Timer_IF_ReLoad                
20008685  Timer_IF_GetCount              
200086a5  PRCMCC3200MCUInit              
2000881d  __aeabi_ddiv                   
20008955  PinMuxConfig                   
20008a7d  __aeabi_dmul                   
20008c49  ldexp                          
20008c49  ldexpl                         
20008c49  scalbn                         
20008c49  scalbnl                        
20008ea1  IntDisable                     
20008f49  IntEnable                      
20008ff1  SPIConfigSetExpClk             
20009091  __aeabi_memcpy                 
20009091  __aeabi_memcpy4                
20009091  __aeabi_memcpy8                
20009091  memcpy                         
2000912d  PRCMPeripheralClockGet         
200091c1  PinConfigSet                   
20009249  SPITransfer                    
200092d1  vsnprintf                      
20009359  __aeabi_cdcmpeq                
20009359  __aeabi_cdcmple                
200093df  __aeabi_cdrcmple               
20009465  __aeabi_memclr                 
20009465  __aeabi_memclr4                
20009465  __aeabi_memclr8                
20009467  __aeabi_memset                 
20009467  __aeabi_memset4                
20009467  __aeabi_memset8                
2000946d  memset                         
200094df  UARTConfigSetExpClk            
20009555  TimerIntRegister               
200095c5  __TI_auto_init                 
20009635  TimerIntUnregister             
2000969d  __TI_decompress_lzss           
20009705  frexp                          
20009705  frexpl                         
20009761  PRCMPeripheralReset            
200097b9  ltoa                           
20009811  IntPrioritySet                 
20009865  C$$EXIT                        
20009869  abort                          
20009871  exit                           
200098b9  atoi                           
20009905  copy_in                        
20009951  __aeabi_d2iz                   
20009999  TimerConfigure                 
20009a21  PinModeSet                     
20009a61  _c_int00                       
20009aa1  PRCMPeripheralClkEnable        
20009add  GPIODirModeSet                 
20009b13  PinTypeGPIO                    
20009b45  UARTDisable                    
20009b75  __aeabi_i2d                    
20009ba5  PRCMSysResetCauseGet           
20009bd1  TimerLoadSet                   
20009bfb  TimerPrescaleSet               
20009c25  PRCMPeripheralClkDisable       
20009c4d  IntUnregister                  
20009c71  UARTEnable                     
20009c95  memmove                        
20009cb9  SPIReset                       
20009cdb  TimerValueSet                  
20009cfd  GPIOPinWrite                   
20009d1d  IntRegister                    
20009d3d  SPIDataGet                     
20009d5d  SPIDataPut                     
20009d7b  TimerDisable                   
20009d99  TimerEnable                    
20009db7  TimerIntStatus                 
20009dd5  UARTCharPut                    
20009df3  UARTIntRegister                
20009e11  TimerValueGet                  
20009e2d  UARTCharGetNonBlocking         
20009e49  memccpy                        
20009e65  PinTypeSPI                     
20009e7f  PinTypeUART                    
20009e99  SPICSDisable                   
20009eb1  SPICSEnable                    
20009ec9  SPIEnable                      
20009ee1  TimerIntDisable                
20009ef9  TimerIntEnable                 
20009f11  UARTBusy                       
20009f29  UARTCharsAvail                 
20009f41  UARTDMADisable                 
20009f59  UARTIntEnable                  
20009f71  _args_main                     
20009f89  PRCMHIBRegRead                 
20009f9f  PRCMHIBRegWrite                
20009fb5  UARTCharGet                    
20009fcb  UARTFIFODisable                
20009fe1  strchr                         
20009ff7  CPUcpsie                       
2000a00d  IntVTableBaseSet               
2000a021  _register_unlock               
2000a027  _register_lock                 
2000a02f  _nop                           
2000a035  strlen                         
2000a049  TimerIntClear                  
2000a05b  UARTIntClear                   
2000a06d  __TI_decompress_none           
2000a07b  ResetISR                       
2000a089  __TI_zero_init                 
2000a095  IntMasterEnable                
2000a09f  copysign                       
2000a09f  copysignl                      
2000a0a7  UtilsDelay                     
2000a0ad  _system_pre_init               
2000a5ab  _ctypes_                       
2000a9c8  __TI_static_base__             
2000aa3c  __TI_Handler_Table_Base        
2000aa48  __TI_Handler_Table_Limit       
2000aa50  __TI_CINIT_Base                
2000aa60  __TI_CINIT_Limit               
20017000  samples                        
20017668  c_message                      
20017c68  power_all                      
20017c8c  color                          
20017c90  g_ucRxBuff                     
20017c94  g_ucTxBuff                     
20017c98  i                              
20017c9c  timer                          
20017ca0  _sys_memory                    
200184a0  coeff                          
200184c0  samples_index                  
200184c4  c_x                            
200184c8  c_y                            
200184cc  r_x                            
200184d0  r_y                            
200184d4  c_message_index                
200184d8  color_arr_index                
200184dc  prevbutton                     
200184e0  cursor_x                       
200184e4  cursor_y                       
200184e8  textsize                       
200184ec  textcolor                      
200184f0  textbgcolor                    
200184f4  wrap                           
200184f8  color_arr                      
2001850c  __TI_cleanup_ptr               
20018510  __TI_dtors_ptr                 
20018514  __TI_enable_exit_profile_output
20018524  _lock                          
20018528  _unlock                        
20018534  errno                          
20018538  main_func_sp                   
2002f800  __stack                        
20030000  __STACK_END                    
ffffffff  __TI_pprof_out_hndl            
ffffffff  __TI_prof_data_size            
ffffffff  __TI_prof_data_start           
ffffffff  __binit__                      
ffffffff  __c_args__                     
ffffffff  binit                          
UNDEFED   SHT$$INIT_ARRAY$$Base          
UNDEFED   SHT$$INIT_ARRAY$$Limit         

[223 symbols]
