<?xml version="1.0"?>
<link_info>
   <banner>TI ARM Linker PC v16.9.0.LTS</banner>
   <copyright>Copyright (c) 1996-2015 Texas Instruments Incorporated</copyright>
   <link_time>0x62840ac5</link_time>
   <link_errors>0x0</link_errors>
   <output_file>Lab4.out</output_file>
   <entry_point>
      <name>_c_int00</name>
      <address>0x20009a59</address>
   </entry_point>
   <input_file_list>
      <input_file id="fl-2">
         <path>.\</path>
         <kind>object</kind>
         <file>Adafruit_GFX.obj</file>
         <name>Adafruit_GFX.obj</name>
      </input_file>
      <input_file id="fl-3">
         <path>.\</path>
         <kind>object</kind>
         <file>Adafruit_OLED.obj</file>
         <name>Adafruit_OLED.obj</name>
      </input_file>
      <input_file id="fl-4">
         <path>.\</path>
         <kind>object</kind>
         <file>main.obj</file>
         <name>main.obj</name>
      </input_file>
      <input_file id="fl-5">
         <path>.\</path>
         <kind>object</kind>
         <file>pin_mux_config.obj</file>
         <name>pin_mux_config.obj</name>
      </input_file>
      <input_file id="fl-6">
         <path>.\</path>
         <kind>object</kind>
         <file>startup_ccs.obj</file>
         <name>startup_ccs.obj</name>
      </input_file>
      <input_file id="fl-7">
         <path>.\</path>
         <kind>object</kind>
         <file>test.obj</file>
         <name>test.obj</name>
      </input_file>
      <input_file id="fl-8">
         <path>.\</path>
         <kind>object</kind>
         <file>timer_if.obj</file>
         <name>timer_if.obj</name>
      </input_file>
      <input_file id="fl-9">
         <path>.\</path>
         <kind>object</kind>
         <file>uart_if.obj</file>
         <name>uart_if.obj</name>
      </input_file>
      <input_file id="fl-c4">
         <path>C:\ti\ccsv7\tools\compiler\ti-cgt-arm_16.9.0.LTS\lib\</path>
         <kind>archive</kind>
         <file>rtsv7M4_T_le_eabi.lib</file>
         <name>boot.obj</name>
      </input_file>
      <input_file id="fl-c5">
         <path>C:\ti\ccsv7\tools\compiler\ti-cgt-arm_16.9.0.LTS\lib\</path>
         <kind>archive</kind>
         <file>rtsv7M4_T_le_eabi.lib</file>
         <name>copy_decompress_lzss.obj</name>
      </input_file>
      <input_file id="fl-c6">
         <path>C:\ti\ccsv7\tools\compiler\ti-cgt-arm_16.9.0.LTS\lib\</path>
         <kind>archive</kind>
         <file>rtsv7M4_T_le_eabi.lib</file>
         <name>copy_decompress_none.obj</name>
      </input_file>
      <input_file id="fl-c7">
         <path>C:\ti\ccsv7\tools\compiler\ti-cgt-arm_16.9.0.LTS\lib\</path>
         <kind>archive</kind>
         <file>rtsv7M4_T_le_eabi.lib</file>
         <name>copy_zero_init.obj</name>
      </input_file>
      <input_file id="fl-c8">
         <path>C:\ti\ccsv7\tools\compiler\ti-cgt-arm_16.9.0.LTS\lib\</path>
         <kind>archive</kind>
         <file>rtsv7M4_T_le_eabi.lib</file>
         <name>exit.obj</name>
      </input_file>
      <input_file id="fl-c9">
         <path>C:\ti\ccsv7\tools\compiler\ti-cgt-arm_16.9.0.LTS\lib\</path>
         <kind>archive</kind>
         <file>rtsv7M4_T_le_eabi.lib</file>
         <name>memcpy_t2.obj</name>
      </input_file>
      <input_file id="fl-ca">
         <path>C:\ti\ccsv7\tools\compiler\ti-cgt-arm_16.9.0.LTS\lib\</path>
         <kind>archive</kind>
         <file>rtsv7M4_T_le_eabi.lib</file>
         <name>memmov.obj</name>
      </input_file>
      <input_file id="fl-cb">
         <path>C:\ti\ccsv7\tools\compiler\ti-cgt-arm_16.9.0.LTS\lib\</path>
         <kind>archive</kind>
         <file>rtsv7M4_T_le_eabi.lib</file>
         <name>memory.obj</name>
      </input_file>
      <input_file id="fl-cc">
         <path>C:\ti\ccsv7\tools\compiler\ti-cgt-arm_16.9.0.LTS\lib\</path>
         <kind>archive</kind>
         <file>rtsv7M4_T_le_eabi.lib</file>
         <name>memset_t2.obj</name>
      </input_file>
      <input_file id="fl-cd">
         <path>C:\ti\ccsv7\tools\compiler\ti-cgt-arm_16.9.0.LTS\lib\</path>
         <kind>archive</kind>
         <file>rtsv7M4_T_le_eabi.lib</file>
         <name>mpu_init.obj</name>
      </input_file>
      <input_file id="fl-ce">
         <path>C:\ti\ccsv7\tools\compiler\ti-cgt-arm_16.9.0.LTS\lib\</path>
         <kind>archive</kind>
         <file>rtsv7M4_T_le_eabi.lib</file>
         <name>pre_init.obj</name>
      </input_file>
      <input_file id="fl-cf">
         <path>C:\ti\ccsv7\tools\compiler\ti-cgt-arm_16.9.0.LTS\lib\</path>
         <kind>archive</kind>
         <file>rtsv7M4_T_le_eabi.lib</file>
         <name>stkdepth_vars.obj</name>
      </input_file>
      <input_file id="fl-d0">
         <path>C:\ti\ccsv7\tools\compiler\ti-cgt-arm_16.9.0.LTS\lib\</path>
         <kind>archive</kind>
         <file>rtsv7M4_T_le_eabi.lib</file>
         <name>strlen.obj</name>
      </input_file>
      <input_file id="fl-d1">
         <path>C:\ti\ccsv7\tools\compiler\ti-cgt-arm_16.9.0.LTS\lib\</path>
         <kind>archive</kind>
         <file>rtsv7M4_T_le_eabi.lib</file>
         <name>vsnprintf.obj</name>
      </input_file>
      <input_file id="fl-d2">
         <path>C:\ti\ccsv7\tools\compiler\ti-cgt-arm_16.9.0.LTS\lib\</path>
         <kind>archive</kind>
         <file>rtsv7M4_T_le_eabi.lib</file>
         <name>_lock.obj</name>
      </input_file>
      <input_file id="fl-d3">
         <path>C:\ti\ccsv7\tools\compiler\ti-cgt-arm_16.9.0.LTS\lib\</path>
         <kind>archive</kind>
         <file>rtsv7M4_T_le_eabi.lib</file>
         <name>_printfi.obj</name>
      </input_file>
      <input_file id="fl-d4">
         <path>C:\ti\ccsv7\tools\compiler\ti-cgt-arm_16.9.0.LTS\lib\</path>
         <kind>archive</kind>
         <file>rtsv7M4_T_le_eabi.lib</file>
         <name>args_main.obj</name>
      </input_file>
      <input_file id="fl-d5">
         <path>C:\ti\ccsv7\tools\compiler\ti-cgt-arm_16.9.0.LTS\lib\</path>
         <kind>archive</kind>
         <file>rtsv7M4_T_le_eabi.lib</file>
         <name>atoi.obj</name>
      </input_file>
      <input_file id="fl-d6">
         <path>C:\ti\ccsv7\tools\compiler\ti-cgt-arm_16.9.0.LTS\lib\</path>
         <kind>archive</kind>
         <file>rtsv7M4_T_le_eabi.lib</file>
         <name>autoinit.obj</name>
      </input_file>
      <input_file id="fl-d7">
         <path>C:\ti\ccsv7\tools\compiler\ti-cgt-arm_16.9.0.LTS\lib\</path>
         <kind>archive</kind>
         <file>rtsv7M4_T_le_eabi.lib</file>
         <name>cpy_tbl.obj</name>
      </input_file>
      <input_file id="fl-d8">
         <path>C:\ti\ccsv7\tools\compiler\ti-cgt-arm_16.9.0.LTS\lib\</path>
         <kind>archive</kind>
         <file>rtsv7M4_T_le_eabi.lib</file>
         <name>ctype.obj</name>
      </input_file>
      <input_file id="fl-d9">
         <path>C:\ti\ccsv7\tools\compiler\ti-cgt-arm_16.9.0.LTS\lib\</path>
         <kind>archive</kind>
         <file>rtsv7M4_T_le_eabi.lib</file>
         <name>fd_add_t2.obj</name>
      </input_file>
      <input_file id="fl-da">
         <path>C:\ti\ccsv7\tools\compiler\ti-cgt-arm_16.9.0.LTS\lib\</path>
         <kind>archive</kind>
         <file>rtsv7M4_T_le_eabi.lib</file>
         <name>fd_cmp_t2.obj</name>
      </input_file>
      <input_file id="fl-db">
         <path>C:\ti\ccsv7\tools\compiler\ti-cgt-arm_16.9.0.LTS\lib\</path>
         <kind>archive</kind>
         <file>rtsv7M4_T_le_eabi.lib</file>
         <name>fd_div_t2.obj</name>
      </input_file>
      <input_file id="fl-dc">
         <path>C:\ti\ccsv7\tools\compiler\ti-cgt-arm_16.9.0.LTS\lib\</path>
         <kind>archive</kind>
         <file>rtsv7M4_T_le_eabi.lib</file>
         <name>fd_mul_t2.obj</name>
      </input_file>
      <input_file id="fl-dd">
         <path>C:\ti\ccsv7\tools\compiler\ti-cgt-arm_16.9.0.LTS\lib\</path>
         <kind>archive</kind>
         <file>rtsv7M4_T_le_eabi.lib</file>
         <name>fd_toi_t2.obj</name>
      </input_file>
      <input_file id="fl-de">
         <path>C:\ti\ccsv7\tools\compiler\ti-cgt-arm_16.9.0.LTS\lib\</path>
         <kind>archive</kind>
         <file>rtsv7M4_T_le_eabi.lib</file>
         <name>i_tofd_t2.obj</name>
      </input_file>
      <input_file id="fl-df">
         <path>C:\ti\ccsv7\tools\compiler\ti-cgt-arm_16.9.0.LTS\lib\</path>
         <kind>archive</kind>
         <file>rtsv7M4_T_le_eabi.lib</file>
         <name>ltoa.obj</name>
      </input_file>
      <input_file id="fl-e0">
         <path>C:\ti\ccsv7\tools\compiler\ti-cgt-arm_16.9.0.LTS\lib\</path>
         <kind>archive</kind>
         <file>rtsv7M4_T_le_eabi.lib</file>
         <name>memccpy.obj</name>
      </input_file>
      <input_file id="fl-e1">
         <path>C:\ti\ccsv7\tools\compiler\ti-cgt-arm_16.9.0.LTS\lib\</path>
         <kind>archive</kind>
         <file>rtsv7M4_T_le_eabi.lib</file>
         <name>s_frexp.obj</name>
      </input_file>
      <input_file id="fl-e2">
         <path>C:\ti\ccsv7\tools\compiler\ti-cgt-arm_16.9.0.LTS\lib\</path>
         <kind>archive</kind>
         <file>rtsv7M4_T_le_eabi.lib</file>
         <name>s_scalbn.obj</name>
      </input_file>
      <input_file id="fl-e3">
         <path>C:\ti\ccsv7\tools\compiler\ti-cgt-arm_16.9.0.LTS\lib\</path>
         <kind>archive</kind>
         <file>rtsv7M4_T_le_eabi.lib</file>
         <name>startup.obj</name>
      </input_file>
      <input_file id="fl-e4">
         <path>C:\ti\ccsv7\tools\compiler\ti-cgt-arm_16.9.0.LTS\lib\</path>
         <kind>archive</kind>
         <file>rtsv7M4_T_le_eabi.lib</file>
         <name>strchr.obj</name>
      </input_file>
      <input_file id="fl-e5">
         <path>C:\ti\ccsv7\tools\compiler\ti-cgt-arm_16.9.0.LTS\lib\</path>
         <kind>archive</kind>
         <file>rtsv7M4_T_le_eabi.lib</file>
         <name>ull_div_t2.obj</name>
      </input_file>
      <input_file id="fl-e6">
         <path>C:\ti\ccsv7\tools\compiler\ti-cgt-arm_16.9.0.LTS\lib\</path>
         <kind>archive</kind>
         <file>rtsv7M4_T_le_eabi.lib</file>
         <name>errno.obj</name>
      </input_file>
      <input_file id="fl-e7">
         <path>C:\ti\ccsv7\tools\compiler\ti-cgt-arm_16.9.0.LTS\lib\</path>
         <kind>archive</kind>
         <file>rtsv7M4_T_le_eabi.lib</file>
         <name>s_copysign.obj</name>
      </input_file>
      <input_file id="fl-e8">
         <path>C:\ti\CC3200SDK_1.2.0\cc3200-sdk\driverlib\ccs\Release\</path>
         <kind>archive</kind>
         <file>driverlib.a</file>
         <name>gpio.obj</name>
      </input_file>
      <input_file id="fl-e9">
         <path>C:\ti\CC3200SDK_1.2.0\cc3200-sdk\driverlib\ccs\Release\</path>
         <kind>archive</kind>
         <file>driverlib.a</file>
         <name>interrupt.obj</name>
      </input_file>
      <input_file id="fl-ea">
         <path>C:\ti\CC3200SDK_1.2.0\cc3200-sdk\driverlib\ccs\Release\</path>
         <kind>archive</kind>
         <file>driverlib.a</file>
         <name>pin.obj</name>
      </input_file>
      <input_file id="fl-eb">
         <path>C:\ti\CC3200SDK_1.2.0\cc3200-sdk\driverlib\ccs\Release\</path>
         <kind>archive</kind>
         <file>driverlib.a</file>
         <name>prcm.obj</name>
      </input_file>
      <input_file id="fl-ec">
         <path>C:\ti\CC3200SDK_1.2.0\cc3200-sdk\driverlib\ccs\Release\</path>
         <kind>archive</kind>
         <file>driverlib.a</file>
         <name>spi.obj</name>
      </input_file>
      <input_file id="fl-ed">
         <path>C:\ti\CC3200SDK_1.2.0\cc3200-sdk\driverlib\ccs\Release\</path>
         <kind>archive</kind>
         <file>driverlib.a</file>
         <name>timer.obj</name>
      </input_file>
      <input_file id="fl-ee">
         <path>C:\ti\CC3200SDK_1.2.0\cc3200-sdk\driverlib\ccs\Release\</path>
         <kind>archive</kind>
         <file>driverlib.a</file>
         <name>uart.obj</name>
      </input_file>
      <input_file id="fl-ef">
         <path>C:\ti\CC3200SDK_1.2.0\cc3200-sdk\driverlib\ccs\Release\</path>
         <kind>archive</kind>
         <file>driverlib.a</file>
         <name>utils.obj</name>
      </input_file>
      <input_file id="fl-f0">
         <path>C:\ti\CC3200SDK_1.2.0\cc3200-sdk\driverlib\ccs\Release\</path>
         <kind>archive</kind>
         <file>driverlib.a</file>
         <name>cpu.obj</name>
      </input_file>
      <input_file id="fl-f1">
         <path>C:\ti\CC3200SDK_1.2.0\cc3200-sdk\driverlib\ccs\Release\</path>
         <kind>archive</kind>
         <file>driverlib.a</file>
         <name>flash.obj</name>
      </input_file>
   </input_file_list>
   <object_component_list>
      <object_component id="oc-f">
         <name>.intvecs</name>
         <load_address>0x20004000</load_address>
         <run_address>0x20004000</run_address>
         <size>0x400</size>
         <input_file_ref idref="fl-6"/>
      </object_component>
      <object_component id="oc-a8">
         <name>.text</name>
         <load_address>0x20004400</load_address>
         <run_address>0x20004400</run_address>
         <size>0x16b4</size>
         <input_file_ref idref="fl-4"/>
      </object_component>
      <object_component id="oc-334">
         <name>.text</name>
         <load_address>0x20005ab4</load_address>
         <run_address>0x20005ab4</run_address>
         <size>0x111e</size>
         <input_file_ref idref="fl-d3"/>
      </object_component>
      <object_component id="oc-379">
         <name>.text:IntDefaultHandler</name>
         <load_address>0x20006bd2</load_address>
         <run_address>0x20006bd2</run_address>
         <size>0x2</size>
         <input_file_ref idref="fl-e9"/>
      </object_component>
      <object_component id="oc-108">
         <name>.text</name>
         <load_address>0x20006bd4</load_address>
         <run_address>0x20006bd4</run_address>
         <size>0xa80</size>
         <input_file_ref idref="fl-2"/>
      </object_component>
      <object_component id="oc-102">
         <name>.text</name>
         <load_address>0x20007654</load_address>
         <run_address>0x20007654</run_address>
         <size>0x4aa</size>
         <input_file_ref idref="fl-3"/>
      </object_component>
      <object_component id="oc-59">
         <name>.text</name>
         <load_address>0x20007afe</load_address>
         <run_address>0x20007afe</run_address>
         <size>0x2</size>
         <input_file_ref idref="fl-cd"/>
      </object_component>
      <object_component id="oc-298">
         <name>.text</name>
         <load_address>0x20007b00</load_address>
         <run_address>0x20007b00</run_address>
         <size>0x3d0</size>
         <input_file_ref idref="fl-cb"/>
      </object_component>
      <object_component id="oc-126">
         <name>.text</name>
         <load_address>0x20007ed0</load_address>
         <run_address>0x20007ed0</run_address>
         <size>0x280</size>
         <input_file_ref idref="fl-9"/>
      </object_component>
      <object_component id="oc-380">
         <name>.text</name>
         <load_address>0x20008150</load_address>
         <run_address>0x20008150</run_address>
         <size>0x1f4</size>
         <input_file_ref idref="fl-e5"/>
      </object_component>
      <object_component id="oc-3a9">
         <name>.text</name>
         <load_address>0x20008344</load_address>
         <run_address>0x20008344</run_address>
         <size>0x1b6</size>
         <input_file_ref idref="fl-d9"/>
      </object_component>
      <object_component id="oc-a0">
         <name>.text</name>
         <load_address>0x200084fa</load_address>
         <run_address>0x200084fa</run_address>
         <size>0x2</size>
         <input_file_ref idref="fl-e3"/>
      </object_component>
      <object_component id="oc-f0">
         <name>.text</name>
         <load_address>0x200084fc</load_address>
         <run_address>0x200084fc</run_address>
         <size>0x198</size>
         <input_file_ref idref="fl-8"/>
      </object_component>
      <object_component id="oc-ea">
         <name>.text:PRCMCC3200MCUInit</name>
         <load_address>0x20008694</load_address>
         <run_address>0x20008694</run_address>
         <size>0x178</size>
         <input_file_ref idref="fl-eb"/>
      </object_component>
      <object_component id="oc-38f">
         <name>.text</name>
         <load_address>0x2000880c</load_address>
         <run_address>0x2000880c</run_address>
         <size>0x136</size>
         <input_file_ref idref="fl-db"/>
      </object_component>
      <object_component id="oc-153">
         <name>.text</name>
         <load_address>0x20008944</load_address>
         <run_address>0x20008944</run_address>
         <size>0x130</size>
         <input_file_ref idref="fl-5"/>
      </object_component>
      <object_component id="oc-38a">
         <name>.text</name>
         <load_address>0x20008a74</load_address>
         <run_address>0x20008a74</run_address>
         <size>0xfc</size>
         <input_file_ref idref="fl-dc"/>
      </object_component>
      <object_component id="oc-249">
         <name>.text:SPITransfer32</name>
         <load_address>0x20008b70</load_address>
         <run_address>0x20008b70</run_address>
         <size>0xd0</size>
         <input_file_ref idref="fl-ec"/>
      </object_component>
      <object_component id="oc-3b4">
         <name>.text</name>
         <load_address>0x20008c40</load_address>
         <run_address>0x20008c40</run_address>
         <size>0xd0</size>
         <input_file_ref idref="fl-e2"/>
      </object_component>
      <object_component id="oc-243">
         <name>.text:SPITransfer16</name>
         <load_address>0x20008d10</load_address>
         <run_address>0x20008d10</run_address>
         <size>0xce</size>
         <input_file_ref idref="fl-ec"/>
      </object_component>
      <object_component id="oc-23d">
         <name>.text:SPITransfer8</name>
         <load_address>0x20008dde</load_address>
         <run_address>0x20008dde</run_address>
         <size>0xb8</size>
         <input_file_ref idref="fl-ec"/>
      </object_component>
      <object_component id="oc-314">
         <name>.text:IntDisable</name>
         <load_address>0x20008e98</load_address>
         <run_address>0x20008e98</run_address>
         <size>0xa8</size>
         <input_file_ref idref="fl-e9"/>
      </object_component>
      <object_component id="oc-e4">
         <name>.text:IntEnable</name>
         <load_address>0x20008f40</load_address>
         <run_address>0x20008f40</run_address>
         <size>0xa8</size>
         <input_file_ref idref="fl-e9"/>
      </object_component>
      <object_component id="oc-189">
         <name>.text:SPIConfigSetExpClk</name>
         <load_address>0x20008fe8</load_address>
         <run_address>0x20008fe8</run_address>
         <size>0xa0</size>
         <input_file_ref idref="fl-ec"/>
      </object_component>
      <object_component id="oc-41">
         <name>.text</name>
         <load_address>0x20009088</load_address>
         <run_address>0x20009088</run_address>
         <size>0x9c</size>
         <input_file_ref idref="fl-c9"/>
      </object_component>
      <object_component id="oc-183">
         <name>.text:PRCMPeripheralClockGet</name>
         <load_address>0x20009124</load_address>
         <run_address>0x20009124</run_address>
         <size>0x94</size>
         <input_file_ref idref="fl-eb"/>
      </object_component>
      <object_component id="oc-357">
         <name>.text:PinConfigSet</name>
         <load_address>0x200091b8</load_address>
         <run_address>0x200091b8</run_address>
         <size>0x88</size>
         <input_file_ref idref="fl-ea"/>
      </object_component>
      <object_component id="oc-fc">
         <name>.text:SPITransfer</name>
         <load_address>0x20009240</load_address>
         <run_address>0x20009240</run_address>
         <size>0x88</size>
         <input_file_ref idref="fl-ec"/>
      </object_component>
      <object_component id="oc-280">
         <name>.text</name>
         <load_address>0x200092c8</load_address>
         <run_address>0x200092c8</run_address>
         <size>0x88</size>
         <input_file_ref idref="fl-d1"/>
      </object_component>
      <object_component id="oc-385">
         <name>.text:__aeabi_cdcmple</name>
         <load_address>0x20009350</load_address>
         <run_address>0x20009350</run_address>
         <size>0x86</size>
         <input_file_ref idref="fl-da"/>
      </object_component>
      <object_component id="oc-394">
         <name>.text:__aeabi_cdrcmple</name>
         <load_address>0x200093d6</load_address>
         <run_address>0x200093d6</run_address>
         <size>0x86</size>
         <input_file_ref idref="fl-da"/>
      </object_component>
      <object_component id="oc-4d">
         <name>.text</name>
         <load_address>0x2000945c</load_address>
         <run_address>0x2000945c</run_address>
         <size>0x7a</size>
         <input_file_ref idref="fl-cc"/>
      </object_component>
      <object_component id="oc-159">
         <name>.text:UARTConfigSetExpClk</name>
         <load_address>0x200094d6</load_address>
         <run_address>0x200094d6</run_address>
         <size>0x76</size>
         <input_file_ref idref="fl-ee"/>
      </object_component>
      <object_component id="oc-216">
         <name>.text:TimerIntRegister</name>
         <load_address>0x2000954c</load_address>
         <run_address>0x2000954c</run_address>
         <size>0x70</size>
         <input_file_ref idref="fl-ed"/>
      </object_component>
      <object_component id="oc-65">
         <name>.text</name>
         <load_address>0x200095bc</load_address>
         <run_address>0x200095bc</run_address>
         <size>0x70</size>
         <input_file_ref idref="fl-d6"/>
      </object_component>
      <object_component id="oc-234">
         <name>.text:TimerIntUnregister</name>
         <load_address>0x2000962c</load_address>
         <run_address>0x2000962c</run_address>
         <size>0x68</size>
         <input_file_ref idref="fl-ed"/>
      </object_component>
      <object_component id="oc-12">
         <name>.text:decompress:lzss</name>
         <load_address>0x20009694</load_address>
         <run_address>0x20009694</run_address>
         <size>0x68</size>
         <input_file_ref idref="fl-c5"/>
      </object_component>
      <object_component id="oc-3ae">
         <name>.text</name>
         <load_address>0x200096fc</load_address>
         <run_address>0x200096fc</run_address>
         <size>0x5c</size>
         <input_file_ref idref="fl-e1"/>
      </object_component>
      <object_component id="oc-17d">
         <name>.text:PRCMPeripheralReset</name>
         <load_address>0x20009758</load_address>
         <run_address>0x20009758</run_address>
         <size>0x58</size>
         <input_file_ref idref="fl-eb"/>
      </object_component>
      <object_component id="oc-39e">
         <name>.text</name>
         <load_address>0x200097b0</load_address>
         <run_address>0x200097b0</run_address>
         <size>0x56</size>
         <input_file_ref idref="fl-df"/>
      </object_component>
      <object_component id="oc-210">
         <name>.text:IntPrioritySet</name>
         <load_address>0x20009808</load_address>
         <run_address>0x20009808</run_address>
         <size>0x54</size>
         <input_file_ref idref="fl-e9"/>
      </object_component>
      <object_component id="oc-71">
         <name>.text</name>
         <load_address>0x2000985c</load_address>
         <run_address>0x2000985c</run_address>
         <size>0x54</size>
         <input_file_ref idref="fl-c8"/>
      </object_component>
      <object_component id="oc-3c0">
         <name>.text</name>
         <load_address>0x200098b0</load_address>
         <run_address>0x200098b0</run_address>
         <size>0x4c</size>
         <input_file_ref idref="fl-d5"/>
      </object_component>
      <object_component id="oc-9a">
         <name>.text</name>
         <load_address>0x200098fc</load_address>
         <run_address>0x200098fc</run_address>
         <size>0x4c</size>
         <input_file_ref idref="fl-d7"/>
      </object_component>
      <object_component id="oc-399">
         <name>.text</name>
         <load_address>0x20009948</load_address>
         <run_address>0x20009948</run_address>
         <size>0x48</size>
         <input_file_ref idref="fl-dd"/>
      </object_component>
      <object_component id="oc-204">
         <name>.text:TimerConfigure</name>
         <load_address>0x20009990</load_address>
         <run_address>0x20009990</run_address>
         <size>0x44</size>
         <input_file_ref idref="fl-ed"/>
      </object_component>
      <object_component id="oc-2ec">
         <name>.text:UARTIntNumberGet</name>
         <load_address>0x200099d4</load_address>
         <run_address>0x200099d4</run_address>
         <size>0x44</size>
         <input_file_ref idref="fl-ee"/>
      </object_component>
      <object_component id="oc-2b6">
         <name>.text:PinModeSet</name>
         <load_address>0x20009a18</load_address>
         <run_address>0x20009a18</run_address>
         <size>0x40</size>
         <input_file_ref idref="fl-ea"/>
      </object_component>
      <object_component id="oc-24">
         <name>.text</name>
         <load_address>0x20009a58</load_address>
         <run_address>0x20009a58</run_address>
         <size>0x40</size>
         <input_file_ref idref="fl-c4"/>
      </object_component>
      <object_component id="oc-171">
         <name>.text:PRCMPeripheralClkEnable</name>
         <load_address>0x20009a98</load_address>
         <run_address>0x20009a98</run_address>
         <size>0x3c</size>
         <input_file_ref idref="fl-eb"/>
      </object_component>
      <object_component id="oc-2c2">
         <name>.text:GPIODirModeSet</name>
         <load_address>0x20009ad4</load_address>
         <run_address>0x20009ad4</run_address>
         <size>0x36</size>
         <input_file_ref idref="fl-e8"/>
      </object_component>
      <object_component id="oc-2bc">
         <name>.text:PinTypeGPIO</name>
         <load_address>0x20009b0a</load_address>
         <run_address>0x20009b0a</run_address>
         <size>0x30</size>
         <input_file_ref idref="fl-ea"/>
      </object_component>
      <object_component id="oc-2d5">
         <name>.text:UARTDisable</name>
         <load_address>0x20009b3c</load_address>
         <run_address>0x20009b3c</run_address>
         <size>0x30</size>
         <input_file_ref idref="fl-ee"/>
      </object_component>
      <object_component id="oc-3a4">
         <name>.text</name>
         <load_address>0x20009b6c</load_address>
         <run_address>0x20009b6c</run_address>
         <size>0x2e</size>
         <input_file_ref idref="fl-de"/>
      </object_component>
      <object_component id="oc-1eb">
         <name>.text:PRCMSysResetCauseGet</name>
         <load_address>0x20009b9c</load_address>
         <run_address>0x20009b9c</run_address>
         <size>0x2c</size>
         <input_file_ref idref="fl-eb"/>
      </object_component>
      <object_component id="oc-195">
         <name>.text:TimerLoadSet</name>
         <load_address>0x20009bc8</load_address>
         <run_address>0x20009bc8</run_address>
         <size>0x2a</size>
         <input_file_ref idref="fl-ed"/>
      </object_component>
      <object_component id="oc-20a">
         <name>.text:TimerPrescaleSet</name>
         <load_address>0x20009bf2</load_address>
         <run_address>0x20009bf2</run_address>
         <size>0x2a</size>
         <input_file_ref idref="fl-ed"/>
      </object_component>
      <object_component id="oc-1fd">
         <name>.text:PRCMPeripheralClkDisable</name>
         <load_address>0x20009c1c</load_address>
         <run_address>0x20009c1c</run_address>
         <size>0x28</size>
         <input_file_ref idref="fl-eb"/>
      </object_component>
      <object_component id="oc-31a">
         <name>.text:IntUnregister</name>
         <load_address>0x20009c44</load_address>
         <run_address>0x20009c44</run_address>
         <size>0x24</size>
         <input_file_ref idref="fl-e9"/>
      </object_component>
      <object_component id="oc-15f">
         <name>.text:UARTEnable</name>
         <load_address>0x20009c68</load_address>
         <run_address>0x20009c68</run_address>
         <size>0x24</size>
         <input_file_ref idref="fl-ee"/>
      </object_component>
      <object_component id="oc-292">
         <name>.text</name>
         <load_address>0x20009c8c</load_address>
         <run_address>0x20009c8c</run_address>
         <size>0x24</size>
         <input_file_ref idref="fl-ca"/>
      </object_component>
      <object_component id="oc-177">
         <name>.text:SPIReset</name>
         <load_address>0x20009cb0</load_address>
         <run_address>0x20009cb0</run_address>
         <size>0x22</size>
         <input_file_ref idref="fl-ec"/>
      </object_component>
      <object_component id="oc-132">
         <name>.text:TimerValueSet</name>
         <load_address>0x20009cd2</load_address>
         <run_address>0x20009cd2</run_address>
         <size>0x22</size>
         <input_file_ref idref="fl-ed"/>
      </object_component>
      <object_component id="oc-f6">
         <name>.text:GPIOPinWrite</name>
         <load_address>0x20009cf4</load_address>
         <run_address>0x20009cf4</run_address>
         <size>0x20</size>
         <input_file_ref idref="fl-e8"/>
      </object_component>
      <object_component id="oc-2f2">
         <name>.text:IntRegister</name>
         <load_address>0x20009d14</load_address>
         <run_address>0x20009d14</run_address>
         <size>0x20</size>
         <input_file_ref idref="fl-e9"/>
      </object_component>
      <object_component id="oc-25d">
         <name>.text:SPIDataGet</name>
         <load_address>0x20009d34</load_address>
         <run_address>0x20009d34</run_address>
         <size>0x20</size>
         <input_file_ref idref="fl-ec"/>
      </object_component>
      <object_component id="oc-257">
         <name>.text:SPIDataPut</name>
         <load_address>0x20009d54</load_address>
         <run_address>0x20009d54</run_address>
         <size>0x1e</size>
         <input_file_ref idref="fl-ec"/>
      </object_component>
      <object_component id="oc-1ad">
         <name>.text:TimerDisable</name>
         <load_address>0x20009d72</load_address>
         <run_address>0x20009d72</run_address>
         <size>0x1e</size>
         <input_file_ref idref="fl-ed"/>
      </object_component>
      <object_component id="oc-19b">
         <name>.text:TimerEnable</name>
         <load_address>0x20009d90</load_address>
         <run_address>0x20009d90</run_address>
         <size>0x1e</size>
         <input_file_ref idref="fl-ed"/>
      </object_component>
      <object_component id="oc-222">
         <name>.text:TimerIntStatus</name>
         <load_address>0x20009dae</load_address>
         <run_address>0x20009dae</run_address>
         <size>0x1e</size>
         <input_file_ref idref="fl-ed"/>
      </object_component>
      <object_component id="oc-115">
         <name>.text:UARTCharPut</name>
         <load_address>0x20009dcc</load_address>
         <run_address>0x20009dcc</run_address>
         <size>0x1e</size>
         <input_file_ref idref="fl-ee"/>
      </object_component>
      <object_component id="oc-1a7">
         <name>.text:UARTIntRegister</name>
         <load_address>0x20009dea</load_address>
         <run_address>0x20009dea</run_address>
         <size>0x1e</size>
         <input_file_ref idref="fl-ee"/>
      </object_component>
      <object_component id="oc-12c">
         <name>.text:TimerValueGet</name>
         <load_address>0x20009e08</load_address>
         <run_address>0x20009e08</run_address>
         <size>0x1c</size>
         <input_file_ref idref="fl-ed"/>
      </object_component>
      <object_component id="oc-286">
         <name>.text:UARTCharGetNonBlocking</name>
         <load_address>0x20009e24</load_address>
         <run_address>0x20009e24</run_address>
         <size>0x1c</size>
         <input_file_ref idref="fl-ee"/>
      </object_component>
      <object_component id="oc-3c6">
         <name>.text</name>
         <load_address>0x20009e40</load_address>
         <run_address>0x20009e40</run_address>
         <size>0x1c</size>
         <input_file_ref idref="fl-e0"/>
      </object_component>
      <object_component id="oc-2c8">
         <name>.text:PinTypeSPI</name>
         <load_address>0x20009e5c</load_address>
         <run_address>0x20009e5c</run_address>
         <size>0x1a</size>
         <input_file_ref idref="fl-ea"/>
      </object_component>
      <object_component id="oc-2ce">
         <name>.text:PinTypeUART</name>
         <load_address>0x20009e76</load_address>
         <run_address>0x20009e76</run_address>
         <size>0x1a</size>
         <input_file_ref idref="fl-ea"/>
      </object_component>
      <object_component id="oc-263">
         <name>.text:SPICSDisable</name>
         <load_address>0x20009e90</load_address>
         <run_address>0x20009e90</run_address>
         <size>0x18</size>
         <input_file_ref idref="fl-ec"/>
      </object_component>
      <object_component id="oc-251">
         <name>.text:SPICSEnable</name>
         <load_address>0x20009ea8</load_address>
         <run_address>0x20009ea8</run_address>
         <size>0x18</size>
         <input_file_ref idref="fl-ec"/>
      </object_component>
      <object_component id="oc-18f">
         <name>.text:SPIEnable</name>
         <load_address>0x20009ec0</load_address>
         <run_address>0x20009ec0</run_address>
         <size>0x18</size>
         <input_file_ref idref="fl-ec"/>
      </object_component>
      <object_component id="oc-22e">
         <name>.text:TimerIntDisable</name>
         <load_address>0x20009ed8</load_address>
         <run_address>0x20009ed8</run_address>
         <size>0x18</size>
         <input_file_ref idref="fl-ed"/>
      </object_component>
      <object_component id="oc-21c">
         <name>.text:TimerIntEnable</name>
         <load_address>0x20009ef0</load_address>
         <run_address>0x20009ef0</run_address>
         <size>0x18</size>
         <input_file_ref idref="fl-ed"/>
      </object_component>
      <object_component id="oc-10e">
         <name>.text:UARTBusy</name>
         <load_address>0x20009f08</load_address>
         <run_address>0x20009f08</run_address>
         <size>0x18</size>
         <input_file_ref idref="fl-ee"/>
      </object_component>
      <object_component id="oc-14d">
         <name>.text:UARTCharsAvail</name>
         <load_address>0x20009f20</load_address>
         <run_address>0x20009f20</run_address>
         <size>0x18</size>
         <input_file_ref idref="fl-ee"/>
      </object_component>
      <object_component id="oc-165">
         <name>.text:UARTDMADisable</name>
         <load_address>0x20009f38</load_address>
         <run_address>0x20009f38</run_address>
         <size>0x18</size>
         <input_file_ref idref="fl-ee"/>
      </object_component>
      <object_component id="oc-1a1">
         <name>.text:UARTIntEnable</name>
         <load_address>0x20009f50</load_address>
         <run_address>0x20009f50</run_address>
         <size>0x18</size>
         <input_file_ref idref="fl-ee"/>
      </object_component>
      <object_component id="oc-6b">
         <name>.text</name>
         <load_address>0x20009f68</load_address>
         <run_address>0x20009f68</run_address>
         <size>0x18</size>
         <input_file_ref idref="fl-d4"/>
      </object_component>
      <object_component id="oc-1f1">
         <name>.text:PRCMHIBRegRead</name>
         <load_address>0x20009f80</load_address>
         <run_address>0x20009f80</run_address>
         <size>0x16</size>
         <input_file_ref idref="fl-eb"/>
      </object_component>
      <object_component id="oc-1f7">
         <name>.text:PRCMHIBRegWrite</name>
         <load_address>0x20009f96</load_address>
         <run_address>0x20009f96</run_address>
         <size>0x16</size>
         <input_file_ref idref="fl-eb"/>
      </object_component>
      <object_component id="oc-147">
         <name>.text:UARTCharGet</name>
         <load_address>0x20009fac</load_address>
         <run_address>0x20009fac</run_address>
         <size>0x16</size>
         <input_file_ref idref="fl-ee"/>
      </object_component>
      <object_component id="oc-16b">
         <name>.text:UARTFIFODisable</name>
         <load_address>0x20009fc2</load_address>
         <run_address>0x20009fc2</run_address>
         <size>0x16</size>
         <input_file_ref idref="fl-ee"/>
      </object_component>
      <object_component id="oc-3ba">
         <name>.text</name>
         <load_address>0x20009fd8</load_address>
         <run_address>0x20009fd8</run_address>
         <size>0x16</size>
         <input_file_ref idref="fl-e4"/>
      </object_component>
      <object_component id="oc-1db">
         <name>.text:CPUcpsie</name>
         <load_address>0x20009fee</load_address>
         <run_address>0x20009fee</run_address>
         <size>0x14</size>
         <input_file_ref idref="fl-f0"/>
      </object_component>
      <object_component id="oc-d8">
         <name>.text:IntVTableBaseSet</name>
         <load_address>0x2000a004</load_address>
         <run_address>0x2000a004</run_address>
         <size>0x14</size>
         <input_file_ref idref="fl-e9"/>
      </object_component>
      <object_component id="oc-1c2">
         <name>.text</name>
         <load_address>0x2000a018</load_address>
         <run_address>0x2000a018</run_address>
         <size>0x14</size>
         <input_file_ref idref="fl-d2"/>
      </object_component>
      <object_component id="oc-28c">
         <name>.text</name>
         <load_address>0x2000a02c</load_address>
         <run_address>0x2000a02c</run_address>
         <size>0x14</size>
         <input_file_ref idref="fl-d0"/>
      </object_component>
      <object_component id="oc-228">
         <name>.text:TimerIntClear</name>
         <load_address>0x2000a040</load_address>
         <run_address>0x2000a040</run_address>
         <size>0x12</size>
         <input_file_ref idref="fl-ed"/>
      </object_component>
      <object_component id="oc-141">
         <name>.text:UARTIntClear</name>
         <load_address>0x2000a052</load_address>
         <run_address>0x2000a052</run_address>
         <size>0x12</size>
         <input_file_ref idref="fl-ee"/>
      </object_component>
      <object_component id="oc-18">
         <name>.text:decompress:none</name>
         <load_address>0x2000a064</load_address>
         <run_address>0x2000a064</run_address>
         <size>0xe</size>
         <input_file_ref idref="fl-c6"/>
      </object_component>
      <object_component id="oc-2d">
         <name>.text</name>
         <load_address>0x2000a072</load_address>
         <run_address>0x2000a072</run_address>
         <size>0xe</size>
         <input_file_ref idref="fl-6"/>
      </object_component>
      <object_component id="oc-1e">
         <name>.text:decompress:ZI</name>
         <load_address>0x2000a080</load_address>
         <run_address>0x2000a080</run_address>
         <size>0xc</size>
         <input_file_ref idref="fl-c7"/>
      </object_component>
      <object_component id="oc-de">
         <name>.text:IntMasterEnable</name>
         <load_address>0x2000a08c</load_address>
         <run_address>0x2000a08c</run_address>
         <size>0xa</size>
         <input_file_ref idref="fl-e9"/>
      </object_component>
      <object_component id="oc-3f8">
         <name>.text</name>
         <load_address>0x2000a096</load_address>
         <run_address>0x2000a096</run_address>
         <size>0x8</size>
         <input_file_ref idref="fl-e7"/>
      </object_component>
      <object_component id="oc-114">
         <name>.text:UtilsDelay</name>
         <load_address>0x2000a09e</load_address>
         <run_address>0x2000a09e</run_address>
         <size>0x6</size>
         <input_file_ref idref="fl-ef"/>
      </object_component>
      <object_component id="oc-5f">
         <name>.text</name>
         <load_address>0x2000a0a4</load_address>
         <run_address>0x2000a0a4</run_address>
         <size>0x4</size>
         <input_file_ref idref="fl-ce"/>
      </object_component>
      <object_component id="oc-26b">
         <name>.const:.string:font</name>
         <load_address>0x2000a0a8</load_address>
         <run_address>0x2000a0a8</run_address>
         <size>0x4fb</size>
         <input_file_ref idref="fl-2"/>
      </object_component>
      <object_component id="oc-405">
         <name>.const:.string:_ctypes_</name>
         <load_address>0x2000a5a3</load_address>
         <run_address>0x2000a5a3</run_address>
         <size>0x101</size>
         <input_file_ref idref="fl-d8"/>
      </object_component>
      <object_component id="oc-353">
         <name>.const:g_ulPinToPadMap</name>
         <load_address>0x2000a6a4</load_address>
         <run_address>0x2000a6a4</run_address>
         <size>0x100</size>
         <input_file_ref idref="fl-ea"/>
      </object_component>
      <object_component id="oc-30a">
         <name>.const:g_pulRegs</name>
         <load_address>0x2000a7a4</load_address>
         <run_address>0x2000a7a4</run_address>
         <size>0xd4</size>
         <input_file_ref idref="fl-e9"/>
      </object_component>
      <object_component id="oc-2df">
         <name>.const:PRCM_PeriphRegsList</name>
         <load_address>0x2000a878</load_address>
         <run_address>0x2000a878</run_address>
         <size>0xa8</size>
         <input_file_ref idref="fl-eb"/>
      </object_component>
      <object_component id="oc-1e7">
         <name>.const</name>
         <load_address>0x2000a920</load_address>
         <run_address>0x2000a920</run_address>
         <size>0x80</size>
         <input_file_ref idref="fl-e9"/>
      </object_component>
      <object_component id="oc-139">
         <name>.const:$P$T0$1</name>
         <load_address>0x2000a9a0</load_address>
         <run_address>0x2000a9a0</run_address>
         <size>0x10</size>
         <input_file_ref idref="fl-4"/>
      </object_component>
      <object_component id="oc-36b">
         <name>.const</name>
         <load_address>0x2000a9b0</load_address>
         <run_address>0x2000a9b0</run_address>
         <size>0x10</size>
         <input_file_ref idref="fl-ee"/>
      </object_component>
      <object_component id="oc-44a">
         <name>.cinit..data.load</name>
         <load_address>0x2000a9c0</load_address>
         <run_address>0x2000a9c0</run_address>
         <size>0x72</size>
      </object_component>
      <object_component id="oc-448">
         <name>__TI_handler_table</name>
         <load_address>0x2000aa34</load_address>
         <run_address>0x2000aa34</run_address>
         <size>0xc</size>
      </object_component>
      <object_component id="oc-44b">
         <name>.cinit..bss.load</name>
         <load_address>0x2000aa40</load_address>
         <run_address>0x2000aa40</run_address>
         <size>0x8</size>
      </object_component>
      <object_component id="oc-449">
         <name>__TI_cinit_table</name>
         <load_address>0x2000aa48</load_address>
         <run_address>0x2000aa48</run_address>
         <size>0x10</size>
      </object_component>
      <object_component id="oc-26e">
         <name>.data</name>
         <load_address>0x200184e0</load_address>
         <run_address>0x200184e0</run_address>
         <size>0x15</size>
         <input_file_ref idref="fl-2"/>
      </object_component>
      <object_component id="oc-11b">
         <name>.data</name>
         <load_address>0x200184c0</load_address>
         <run_address>0x200184c0</run_address>
         <size>0x1d</size>
         <input_file_ref idref="fl-4"/>
      </object_component>
      <object_component id="oc-1b5">
         <name>.data:coeff</name>
         <load_address>0x200184a0</load_address>
         <run_address>0x200184a0</run_address>
         <size>0x20</size>
         <input_file_ref idref="fl-4"/>
      </object_component>
      <object_component id="oc-11e">
         <name>.data:pin8</name>
         <load_address>0x2001852c</load_address>
         <run_address>0x2001852c</run_address>
         <size>0x8</size>
         <input_file_ref idref="fl-4"/>
      </object_component>
      <object_component id="oc-13e">
         <name>.data:color_arr</name>
         <load_address>0x200184f8</load_address>
         <run_address>0x200184f8</run_address>
         <size>0x14</size>
         <input_file_ref idref="fl-4"/>
      </object_component>
      <object_component id="oc-b0">
         <name>.data:$O1$$</name>
         <load_address>0x2001850c</load_address>
         <run_address>0x2001850c</run_address>
         <size>0xc</size>
         <input_file_ref idref="fl-c8"/>
      </object_component>
      <object_component id="oc-34b">
         <name>.data:$O1$$</name>
         <load_address>0x20018518</load_address>
         <run_address>0x20018518</run_address>
         <size>0xc</size>
         <input_file_ref idref="fl-cb"/>
      </object_component>
      <object_component id="oc-77">
         <name>.data</name>
         <load_address>0x20018538</load_address>
         <run_address>0x20018538</run_address>
         <size>0x4</size>
         <input_file_ref idref="fl-cf"/>
      </object_component>
      <object_component id="oc-b3">
         <name>.data:$O1$$</name>
         <load_address>0x20018524</load_address>
         <run_address>0x20018524</run_address>
         <size>0x8</size>
         <input_file_ref idref="fl-d2"/>
      </object_component>
      <object_component id="oc-3fe">
         <name>.data</name>
         <load_address>0x20018534</load_address>
         <run_address>0x20018534</run_address>
         <size>0x4</size>
         <input_file_ref idref="fl-e6"/>
      </object_component>
      <object_component id="oc-29e">
         <name>.bss</name>
         <uninitialized>true</uninitialized>
         <run_address>0x20017c88</run_address>
         <size>0x4</size>
         <input_file_ref idref="fl-9"/>
      </object_component>
      <object_component id="oc-1b4">
         <name>.common:i</name>
         <uninitialized>true</uninitialized>
         <run_address>0x20017c98</run_address>
         <size>0x4</size>
      </object_component>
      <object_component id="oc-125">
         <name>.common:samples</name>
         <uninitialized>true</uninitialized>
         <run_address>0x20017000</run_address>
         <size>0x668</size>
      </object_component>
      <object_component id="oc-13c">
         <name>.common:power_all</name>
         <uninitialized>true</uninitialized>
         <run_address>0x20017c68</run_address>
         <size>0x20</size>
      </object_component>
      <object_component id="oc-121">
         <name>.common:g_ucTxBuff</name>
         <uninitialized>true</uninitialized>
         <run_address>0x20017c94</run_address>
         <size>0x4</size>
      </object_component>
      <object_component id="oc-124">
         <name>.common:g_ucRxBuff</name>
         <uninitialized>true</uninitialized>
         <run_address>0x20017c90</run_address>
         <size>0x4</size>
      </object_component>
      <object_component id="oc-138">
         <name>.common:c_message</name>
         <uninitialized>true</uninitialized>
         <run_address>0x20017668</run_address>
         <size>0x600</size>
      </object_component>
      <object_component id="oc-13d">
         <name>.common:timer</name>
         <uninitialized>true</uninitialized>
         <run_address>0x20017c9c</run_address>
         <size>0x4</size>
      </object_component>
      <object_component id="oc-1b3">
         <name>.common:color</name>
         <uninitialized>true</uninitialized>
         <run_address>0x20017c8c</run_address>
         <size>0x4</size>
      </object_component>
      <object_component id="oc-2a">
         <name>.sysmem</name>
         <uninitialized>true</uninitialized>
         <run_address>0x20017ca0</run_address>
         <size>0x8</size>
         <input_file_ref idref="fl-cb"/>
      </object_component>
      <object_component id="oc-44d">
         <name>.sysmem</name>
         <uninitialized>true</uninitialized>
         <run_address>0x20017ca0</run_address>
         <size>0x0</size>
      </object_component>
      <object_component id="oc-29">
         <name>.stack</name>
         <uninitialized>true</uninitialized>
         <run_address>0x2002f800</run_address>
         <size>0x0</size>
         <input_file_ref idref="fl-c4"/>
      </object_component>
      <object_component id="oc-44c">
         <name>.stack</name>
         <uninitialized>true</uninitialized>
         <run_address>0x2002f800</run_address>
         <size>0x0</size>
      </object_component>
      <object_component id="oc-272">
         <name>.debug_info</name>
         <load_address>0x0</load_address>
         <run_address>0x0</run_address>
         <size>0x1cc</size>
         <input_file_ref idref="fl-2"/>
      </object_component>
      <object_component id="oc-26c">
         <name>.debug_info</name>
         <load_address>0x1cc</load_address>
         <run_address>0x1cc</run_address>
         <size>0xd1</size>
         <input_file_ref idref="fl-2"/>
      </object_component>
      <object_component id="oc-26f">
         <name>.debug_info</name>
         <load_address>0x29d</load_address>
         <run_address>0x29d</run_address>
         <size>0x17f</size>
         <input_file_ref idref="fl-2"/>
      </object_component>
      <object_component id="oc-109">
         <name>.debug_info</name>
         <load_address>0x41c</load_address>
         <run_address>0x41c</run_address>
         <size>0x14db</size>
         <input_file_ref idref="fl-2"/>
      </object_component>
      <object_component id="oc-3c">
         <name>.debug_info</name>
         <load_address>0x18f7</load_address>
         <run_address>0x18f7</run_address>
         <size>0x84</size>
         <input_file_ref idref="fl-2"/>
      </object_component>
      <object_component id="oc-26a">
         <name>.debug_info</name>
         <load_address>0x197b</load_address>
         <run_address>0x197b</run_address>
         <size>0x1ba</size>
         <input_file_ref idref="fl-3"/>
      </object_component>
      <object_component id="oc-103">
         <name>.debug_info</name>
         <load_address>0x1b35</load_address>
         <run_address>0x1b35</run_address>
         <size>0xe60</size>
         <input_file_ref idref="fl-3"/>
      </object_component>
      <object_component id="oc-366">
         <name>.debug_info</name>
         <load_address>0x2995</load_address>
         <run_address>0x2995</run_address>
         <size>0x62</size>
         <input_file_ref idref="fl-3"/>
      </object_component>
      <object_component id="oc-1e2">
         <name>.debug_info</name>
         <load_address>0x29f7</load_address>
         <run_address>0x29f7</run_address>
         <size>0x2c</size>
         <input_file_ref idref="fl-3"/>
      </object_component>
      <object_component id="oc-91">
         <name>.debug_info</name>
         <load_address>0x2a23</load_address>
         <run_address>0x2a23</run_address>
         <size>0x2c</size>
         <input_file_ref idref="fl-3"/>
      </object_component>
      <object_component id="oc-2a3">
         <name>.debug_info</name>
         <load_address>0x2a4f</load_address>
         <run_address>0x2a4f</run_address>
         <size>0x4e</size>
         <input_file_ref idref="fl-3"/>
      </object_component>
      <object_component id="oc-122">
         <name>.debug_info</name>
         <load_address>0x2a9d</load_address>
         <run_address>0x2a9d</run_address>
         <size>0xaeb</size>
         <input_file_ref idref="fl-4"/>
      </object_component>
      <object_component id="oc-11c">
         <name>.debug_info</name>
         <load_address>0x3588</load_address>
         <run_address>0x3588</run_address>
         <size>0x1bc</size>
         <input_file_ref idref="fl-4"/>
      </object_component>
      <object_component id="oc-1b6">
         <name>.debug_info</name>
         <load_address>0x3744</load_address>
         <run_address>0x3744</run_address>
         <size>0xcc</size>
         <input_file_ref idref="fl-4"/>
      </object_component>
      <object_component id="oc-11f">
         <name>.debug_info</name>
         <load_address>0x3810</load_address>
         <run_address>0x3810</run_address>
         <size>0xc9</size>
         <input_file_ref idref="fl-4"/>
      </object_component>
      <object_component id="oc-13f">
         <name>.debug_info</name>
         <load_address>0x38d9</load_address>
         <run_address>0x38d9</run_address>
         <size>0xd4</size>
         <input_file_ref idref="fl-4"/>
      </object_component>
      <object_component id="oc-13a">
         <name>.debug_info</name>
         <load_address>0x39ad</load_address>
         <run_address>0x39ad</run_address>
         <size>0xd0</size>
         <input_file_ref idref="fl-4"/>
      </object_component>
      <object_component id="oc-a9">
         <name>.debug_info</name>
         <load_address>0x3a7d</load_address>
         <run_address>0x3a7d</run_address>
         <size>0x1110</size>
         <input_file_ref idref="fl-4"/>
      </object_component>
      <object_component id="oc-2a8">
         <name>.debug_info</name>
         <load_address>0x4b8d</load_address>
         <run_address>0x4b8d</run_address>
         <size>0x110</size>
         <input_file_ref idref="fl-4"/>
      </object_component>
      <object_component id="oc-279">
         <name>.debug_info</name>
         <load_address>0x4c9d</load_address>
         <run_address>0x4c9d</run_address>
         <size>0xb9</size>
         <input_file_ref idref="fl-4"/>
      </object_component>
      <object_component id="oc-157">
         <name>.debug_info</name>
         <load_address>0x4d56</load_address>
         <run_address>0x4d56</run_address>
         <size>0x3ca</size>
         <input_file_ref idref="fl-5"/>
      </object_component>
      <object_component id="oc-35">
         <name>.debug_info</name>
         <load_address>0x5120</load_address>
         <run_address>0x5120</run_address>
         <size>0x123</size>
         <input_file_ref idref="fl-6"/>
      </object_component>
      <object_component id="oc-10">
         <name>.debug_info</name>
         <load_address>0x5243</load_address>
         <run_address>0x5243</run_address>
         <size>0x10e</size>
         <input_file_ref idref="fl-6"/>
      </object_component>
      <object_component id="oc-2e">
         <name>.debug_info</name>
         <load_address>0x5351</load_address>
         <run_address>0x5351</run_address>
         <size>0x42f</size>
         <input_file_ref idref="fl-6"/>
      </object_component>
      <object_component id="oc-23b">
         <name>.debug_info</name>
         <load_address>0x5780</load_address>
         <run_address>0x5780</run_address>
         <size>0x3e8</size>
         <input_file_ref idref="fl-8"/>
      </object_component>
      <object_component id="oc-f3">
         <name>.debug_info</name>
         <load_address>0x5b68</load_address>
         <run_address>0x5b68</run_address>
         <size>0xa04</size>
         <input_file_ref idref="fl-8"/>
      </object_component>
      <object_component id="oc-2a2">
         <name>.debug_info</name>
         <load_address>0x656c</load_address>
         <run_address>0x656c</run_address>
         <size>0x385</size>
         <input_file_ref idref="fl-9"/>
      </object_component>
      <object_component id="oc-29f">
         <name>.debug_info</name>
         <load_address>0x68f1</load_address>
         <run_address>0x68f1</run_address>
         <size>0x105</size>
         <input_file_ref idref="fl-9"/>
      </object_component>
      <object_component id="oc-127">
         <name>.debug_info</name>
         <load_address>0x69f6</load_address>
         <run_address>0x69f6</run_address>
         <size>0x8e1</size>
         <input_file_ref idref="fl-9"/>
      </object_component>
      <object_component id="oc-25">
         <name>.debug_info</name>
         <load_address>0x72d7</load_address>
         <run_address>0x72d7</run_address>
         <size>0x160</size>
         <input_file_ref idref="fl-c4"/>
      </object_component>
      <object_component id="oc-87">
         <name>.debug_info</name>
         <load_address>0x7437</load_address>
         <run_address>0x7437</run_address>
         <size>0xf9</size>
         <input_file_ref idref="fl-c5"/>
      </object_component>
      <object_component id="oc-13">
         <name>.debug_info</name>
         <load_address>0x7530</load_address>
         <run_address>0x7530</run_address>
         <size>0x245</size>
         <input_file_ref idref="fl-c5"/>
      </object_component>
      <object_component id="oc-37">
         <name>.debug_info</name>
         <load_address>0x7775</load_address>
         <run_address>0x7775</run_address>
         <size>0x60</size>
         <input_file_ref idref="fl-c5"/>
      </object_component>
      <object_component id="oc-82">
         <name>.debug_info</name>
         <load_address>0x77d5</load_address>
         <run_address>0x77d5</run_address>
         <size>0x46</size>
         <input_file_ref idref="fl-c5"/>
      </object_component>
      <object_component id="oc-4c">
         <name>.debug_info</name>
         <load_address>0x781b</load_address>
         <run_address>0x781b</run_address>
         <size>0x140</size>
         <input_file_ref idref="fl-c6"/>
      </object_component>
      <object_component id="oc-19">
         <name>.debug_info</name>
         <load_address>0x795b</load_address>
         <run_address>0x795b</run_address>
         <size>0x1df</size>
         <input_file_ref idref="fl-c6"/>
      </object_component>
      <object_component id="oc-47">
         <name>.debug_info</name>
         <load_address>0x7b3a</load_address>
         <run_address>0x7b3a</run_address>
         <size>0x46</size>
         <input_file_ref idref="fl-c6"/>
      </object_component>
      <object_component id="oc-89">
         <name>.debug_info</name>
         <load_address>0x7b80</load_address>
         <run_address>0x7b80</run_address>
         <size>0x2c</size>
         <input_file_ref idref="fl-c6"/>
      </object_component>
      <object_component id="oc-58">
         <name>.debug_info</name>
         <load_address>0x7bac</load_address>
         <run_address>0x7bac</run_address>
         <size>0x12f</size>
         <input_file_ref idref="fl-c7"/>
      </object_component>
      <object_component id="oc-21">
         <name>.debug_info</name>
         <load_address>0x7cdb</load_address>
         <run_address>0x7cdb</run_address>
         <size>0x1aa</size>
         <input_file_ref idref="fl-c7"/>
      </object_component>
      <object_component id="oc-53">
         <name>.debug_info</name>
         <load_address>0x7e85</load_address>
         <run_address>0x7e85</run_address>
         <size>0x46</size>
         <input_file_ref idref="fl-c7"/>
      </object_component>
      <object_component id="oc-b7">
         <name>.debug_info</name>
         <load_address>0x7ecb</load_address>
         <run_address>0x7ecb</run_address>
         <size>0x234</size>
         <input_file_ref idref="fl-c8"/>
      </object_component>
      <object_component id="oc-b1">
         <name>.debug_info</name>
         <load_address>0x80ff</load_address>
         <run_address>0x80ff</run_address>
         <size>0x185</size>
         <input_file_ref idref="fl-c8"/>
      </object_component>
      <object_component id="oc-74">
         <name>.debug_info</name>
         <load_address>0x8284</load_address>
         <run_address>0x8284</run_address>
         <size>0x214</size>
         <input_file_ref idref="fl-c8"/>
      </object_component>
      <object_component id="oc-42">
         <name>.debug_info</name>
         <load_address>0x8498</load_address>
         <run_address>0x8498</run_address>
         <size>0x111</size>
         <input_file_ref idref="fl-c9"/>
      </object_component>
      <object_component id="oc-34a">
         <name>.debug_info</name>
         <load_address>0x85a9</load_address>
         <run_address>0x85a9</run_address>
         <size>0x12c</size>
         <input_file_ref idref="fl-ca"/>
      </object_component>
      <object_component id="oc-295">
         <name>.debug_info</name>
         <load_address>0x86d5</load_address>
         <run_address>0x86d5</run_address>
         <size>0x1ab</size>
         <input_file_ref idref="fl-ca"/>
      </object_component>
      <object_component id="oc-7d">
         <name>.debug_info</name>
         <load_address>0x8880</load_address>
         <run_address>0x8880</run_address>
         <size>0x222</size>
         <input_file_ref idref="fl-cb"/>
      </object_component>
      <object_component id="oc-2b">
         <name>.debug_info</name>
         <load_address>0x8aa2</load_address>
         <run_address>0x8aa2</run_address>
         <size>0x101</size>
         <input_file_ref idref="fl-cb"/>
      </object_component>
      <object_component id="oc-34c">
         <name>.debug_info</name>
         <load_address>0x8ba3</load_address>
         <run_address>0x8ba3</run_address>
         <size>0x14c</size>
         <input_file_ref idref="fl-cb"/>
      </object_component>
      <object_component id="oc-299">
         <name>.debug_info</name>
         <load_address>0x8cef</load_address>
         <run_address>0x8cef</run_address>
         <size>0x885</size>
         <input_file_ref idref="fl-cb"/>
      </object_component>
      <object_component id="oc-bd">
         <name>.debug_info</name>
         <load_address>0x9574</load_address>
         <run_address>0x9574</run_address>
         <size>0x2c</size>
         <input_file_ref idref="fl-cb"/>
      </object_component>
      <object_component id="oc-c2">
         <name>.debug_info</name>
         <load_address>0x95a0</load_address>
         <run_address>0x95a0</run_address>
         <size>0x62</size>
         <input_file_ref idref="fl-cb"/>
      </object_component>
      <object_component id="oc-4e">
         <name>.debug_info</name>
         <load_address>0x9602</load_address>
         <run_address>0x9602</run_address>
         <size>0x13f</size>
         <input_file_ref idref="fl-cc"/>
      </object_component>
      <object_component id="oc-5c">
         <name>.debug_info</name>
         <load_address>0x9741</load_address>
         <run_address>0x9741</run_address>
         <size>0x138</size>
         <input_file_ref idref="fl-cd"/>
      </object_component>
      <object_component id="oc-60">
         <name>.debug_info</name>
         <load_address>0x9879</load_address>
         <run_address>0x9879</run_address>
         <size>0x148</size>
         <input_file_ref idref="fl-ce"/>
      </object_component>
      <object_component id="oc-78">
         <name>.debug_info</name>
         <load_address>0x99c1</load_address>
         <run_address>0x99c1</run_address>
         <size>0x109</size>
         <input_file_ref idref="fl-cf"/>
      </object_component>
      <object_component id="oc-348">
         <name>.debug_info</name>
         <load_address>0x9aca</load_address>
         <run_address>0x9aca</run_address>
         <size>0xea</size>
         <input_file_ref idref="fl-d0"/>
      </object_component>
      <object_component id="oc-28e">
         <name>.debug_info</name>
         <load_address>0x9bb4</load_address>
         <run_address>0x9bb4</run_address>
         <size>0x22a</size>
         <input_file_ref idref="fl-d0"/>
      </object_component>
      <object_component id="oc-33b">
         <name>.debug_info</name>
         <load_address>0x9dde</load_address>
         <run_address>0x9dde</run_address>
         <size>0x1c8</size>
         <input_file_ref idref="fl-d1"/>
      </object_component>
      <object_component id="oc-282">
         <name>.debug_info</name>
         <load_address>0x9fa6</load_address>
         <run_address>0x9fa6</run_address>
         <size>0x35c</size>
         <input_file_ref idref="fl-d1"/>
      </object_component>
      <object_component id="oc-33c">
         <name>.debug_info</name>
         <load_address>0xa302</load_address>
         <run_address>0xa302</run_address>
         <size>0x2c</size>
         <input_file_ref idref="fl-d1"/>
      </object_component>
      <object_component id="oc-341">
         <name>.debug_info</name>
         <load_address>0xa32e</load_address>
         <run_address>0xa32e</run_address>
         <size>0x69</size>
         <input_file_ref idref="fl-d1"/>
      </object_component>
      <object_component id="oc-1ca">
         <name>.debug_info</name>
         <load_address>0xa397</load_address>
         <run_address>0xa397</run_address>
         <size>0x124</size>
         <input_file_ref idref="fl-d2"/>
      </object_component>
      <object_component id="oc-b4">
         <name>.debug_info</name>
         <load_address>0xa4bb</load_address>
         <run_address>0xa4bb</run_address>
         <size>0x113</size>
         <input_file_ref idref="fl-d2"/>
      </object_component>
      <object_component id="oc-1c3">
         <name>.debug_info</name>
         <load_address>0xa5ce</load_address>
         <run_address>0xa5ce</run_address>
         <size>0x21f</size>
         <input_file_ref idref="fl-d2"/>
      </object_component>
      <object_component id="oc-3cd">
         <name>.debug_info</name>
         <load_address>0xa7ed</load_address>
         <run_address>0xa7ed</run_address>
         <size>0x385</size>
         <input_file_ref idref="fl-d3"/>
      </object_component>
      <object_component id="oc-335">
         <name>.debug_info</name>
         <load_address>0xab72</load_address>
         <run_address>0xab72</run_address>
         <size>0x1554</size>
         <input_file_ref idref="fl-d3"/>
      </object_component>
      <object_component id="oc-3ce">
         <name>.debug_info</name>
         <load_address>0xc0c6</load_address>
         <run_address>0xc0c6</run_address>
         <size>0x86</size>
         <input_file_ref idref="fl-d3"/>
      </object_component>
      <object_component id="oc-40e">
         <name>.debug_info</name>
         <load_address>0xc14c</load_address>
         <run_address>0xc14c</run_address>
         <size>0x46</size>
         <input_file_ref idref="fl-d3"/>
      </object_component>
      <object_component id="oc-3d3">
         <name>.debug_info</name>
         <load_address>0xc192</load_address>
         <run_address>0xc192</run_address>
         <size>0x39</size>
         <input_file_ref idref="fl-d3"/>
      </object_component>
      <object_component id="oc-af">
         <name>.debug_info</name>
         <load_address>0xc1cb</load_address>
         <run_address>0xc1cb</run_address>
         <size>0x166</size>
         <input_file_ref idref="fl-d4"/>
      </object_component>
      <object_component id="oc-6c">
         <name>.debug_info</name>
         <load_address>0xc331</load_address>
         <run_address>0xc331</run_address>
         <size>0x167</size>
         <input_file_ref idref="fl-d4"/>
      </object_component>
      <object_component id="oc-1bb">
         <name>.debug_info</name>
         <load_address>0xc498</load_address>
         <run_address>0xc498</run_address>
         <size>0x5e</size>
         <input_file_ref idref="fl-d4"/>
      </object_component>
      <object_component id="oc-409">
         <name>.debug_info</name>
         <load_address>0xc4f6</load_address>
         <run_address>0xc4f6</run_address>
         <size>0x114</size>
         <input_file_ref idref="fl-d5"/>
      </object_component>
      <object_component id="oc-3c1">
         <name>.debug_info</name>
         <load_address>0xc60a</load_address>
         <run_address>0xc60a</run_address>
         <size>0x171</size>
         <input_file_ref idref="fl-d5"/>
      </object_component>
      <object_component id="oc-a7">
         <name>.debug_info</name>
         <load_address>0xc77b</load_address>
         <run_address>0xc77b</run_address>
         <size>0x2e9</size>
         <input_file_ref idref="fl-d6"/>
      </object_component>
      <object_component id="oc-66">
         <name>.debug_info</name>
         <load_address>0xca64</load_address>
         <run_address>0xca64</run_address>
         <size>0x190</size>
         <input_file_ref idref="fl-d6"/>
      </object_component>
      <object_component id="oc-ce">
         <name>.debug_info</name>
         <load_address>0xcbf4</load_address>
         <run_address>0xcbf4</run_address>
         <size>0x39</size>
         <input_file_ref idref="fl-d6"/>
      </object_component>
      <object_component id="oc-1d5">
         <name>.debug_info</name>
         <load_address>0xcc2d</load_address>
         <run_address>0xcc2d</run_address>
         <size>0x39</size>
         <input_file_ref idref="fl-d6"/>
      </object_component>
      <object_component id="oc-d3">
         <name>.debug_info</name>
         <load_address>0xcc66</load_address>
         <run_address>0xcc66</run_address>
         <size>0xcd</size>
         <input_file_ref idref="fl-d6"/>
      </object_component>
      <object_component id="oc-ca">
         <name>.debug_info</name>
         <load_address>0xcd33</load_address>
         <run_address>0xcd33</run_address>
         <size>0x1e0</size>
         <input_file_ref idref="fl-d7"/>
      </object_component>
      <object_component id="oc-9e">
         <name>.debug_info</name>
         <load_address>0xcf13</load_address>
         <run_address>0xcf13</run_address>
         <size>0x183</size>
         <input_file_ref idref="fl-d7"/>
      </object_component>
      <object_component id="oc-1d0">
         <name>.debug_info</name>
         <load_address>0xd096</load_address>
         <run_address>0xd096</run_address>
         <size>0x2c</size>
         <input_file_ref idref="fl-d7"/>
      </object_component>
      <object_component id="oc-422">
         <name>.debug_info</name>
         <load_address>0xd0c2</load_address>
         <run_address>0xd0c2</run_address>
         <size>0xee</size>
         <input_file_ref idref="fl-d8"/>
      </object_component>
      <object_component id="oc-406">
         <name>.debug_info</name>
         <load_address>0xd1b0</load_address>
         <run_address>0xd1b0</run_address>
         <size>0xfa</size>
         <input_file_ref idref="fl-d8"/>
      </object_component>
      <object_component id="oc-3ac">
         <name>.debug_info</name>
         <load_address>0xd2aa</load_address>
         <run_address>0xd2aa</run_address>
         <size>0x144</size>
         <input_file_ref idref="fl-d9"/>
      </object_component>
      <object_component id="oc-386">
         <name>.debug_info</name>
         <load_address>0xd3ee</load_address>
         <run_address>0xd3ee</run_address>
         <size>0x120</size>
         <input_file_ref idref="fl-da"/>
      </object_component>
      <object_component id="oc-397">
         <name>.debug_info</name>
         <load_address>0xd50e</load_address>
         <run_address>0xd50e</run_address>
         <size>0x122</size>
         <input_file_ref idref="fl-da"/>
      </object_component>
      <object_component id="oc-391">
         <name>.debug_info</name>
         <load_address>0xd630</load_address>
         <run_address>0xd630</run_address>
         <size>0x132</size>
         <input_file_ref idref="fl-db"/>
      </object_component>
      <object_component id="oc-38d">
         <name>.debug_info</name>
         <load_address>0xd762</load_address>
         <run_address>0xd762</run_address>
         <size>0x132</size>
         <input_file_ref idref="fl-dc"/>
      </object_component>
      <object_component id="oc-39c">
         <name>.debug_info</name>
         <load_address>0xd894</load_address>
         <run_address>0xd894</run_address>
         <size>0x126</size>
         <input_file_ref idref="fl-dd"/>
      </object_component>
      <object_component id="oc-3a7">
         <name>.debug_info</name>
         <load_address>0xd9ba</load_address>
         <run_address>0xd9ba</run_address>
         <size>0x124</size>
         <input_file_ref idref="fl-de"/>
      </object_component>
      <object_component id="oc-3ee">
         <name>.debug_info</name>
         <load_address>0xdade</load_address>
         <run_address>0xdade</run_address>
         <size>0x14c</size>
         <input_file_ref idref="fl-df"/>
      </object_component>
      <object_component id="oc-3a1">
         <name>.debug_info</name>
         <load_address>0xdc2a</load_address>
         <run_address>0xdc2a</run_address>
         <size>0x1c2</size>
         <input_file_ref idref="fl-df"/>
      </object_component>
      <object_component id="oc-40b">
         <name>.debug_info</name>
         <load_address>0xddec</load_address>
         <run_address>0xddec</run_address>
         <size>0xf1</size>
         <input_file_ref idref="fl-e0"/>
      </object_component>
      <object_component id="oc-3c7">
         <name>.debug_info</name>
         <load_address>0xdedd</load_address>
         <run_address>0xdedd</run_address>
         <size>0x1ab</size>
         <input_file_ref idref="fl-e0"/>
      </object_component>
      <object_component id="oc-3f2">
         <name>.debug_info</name>
         <load_address>0xe088</load_address>
         <run_address>0xe088</run_address>
         <size>0x13f</size>
         <input_file_ref idref="fl-e1"/>
      </object_component>
      <object_component id="oc-3af">
         <name>.debug_info</name>
         <load_address>0xe1c7</load_address>
         <run_address>0xe1c7</run_address>
         <size>0x189</size>
         <input_file_ref idref="fl-e1"/>
      </object_component>
      <object_component id="oc-3f3">
         <name>.debug_info</name>
         <load_address>0xe350</load_address>
         <run_address>0xe350</run_address>
         <size>0x2c</size>
         <input_file_ref idref="fl-e1"/>
      </object_component>
      <object_component id="oc-402">
         <name>.debug_info</name>
         <load_address>0xe37c</load_address>
         <run_address>0xe37c</run_address>
         <size>0x17c</size>
         <input_file_ref idref="fl-e2"/>
      </object_component>
      <object_component id="oc-3b6">
         <name>.debug_info</name>
         <load_address>0xe4f8</load_address>
         <run_address>0xe4f8</run_address>
         <size>0x1e6</size>
         <input_file_ref idref="fl-e2"/>
      </object_component>
      <object_component id="oc-a3">
         <name>.debug_info</name>
         <load_address>0xe6de</load_address>
         <run_address>0xe6de</run_address>
         <size>0x145</size>
         <input_file_ref idref="fl-e3"/>
      </object_component>
      <object_component id="oc-404">
         <name>.debug_info</name>
         <load_address>0xe823</load_address>
         <run_address>0xe823</run_address>
         <size>0xf5</size>
         <input_file_ref idref="fl-e4"/>
      </object_component>
      <object_component id="oc-3bb">
         <name>.debug_info</name>
         <load_address>0xe918</load_address>
         <run_address>0xe918</run_address>
         <size>0x244</size>
         <input_file_ref idref="fl-e4"/>
      </object_component>
      <object_component id="oc-382">
         <name>.debug_info</name>
         <load_address>0xeb5c</load_address>
         <run_address>0xeb5c</run_address>
         <size>0x17d</size>
         <input_file_ref idref="fl-e5"/>
      </object_component>
      <object_component id="oc-3ff">
         <name>.debug_info</name>
         <load_address>0xecd9</load_address>
         <run_address>0xecd9</run_address>
         <size>0xf3</size>
         <input_file_ref idref="fl-e6"/>
      </object_component>
      <object_component id="oc-3fb">
         <name>.debug_info</name>
         <load_address>0xedcc</load_address>
         <run_address>0xedcc</run_address>
         <size>0x154</size>
         <input_file_ref idref="fl-e7"/>
      </object_component>
      <object_component id="oc-2c3">
         <name>.debug_info</name>
         <load_address>0xef20</load_address>
         <run_address>0xef20</run_address>
         <size>0x1e9</size>
         <input_file_ref idref="fl-e8"/>
      </object_component>
      <object_component id="oc-f7">
         <name>.debug_info</name>
         <load_address>0xf109</load_address>
         <run_address>0xf109</run_address>
         <size>0x1e0</size>
         <input_file_ref idref="fl-e8"/>
      </object_component>
      <object_component id="oc-303">
         <name>.debug_info</name>
         <load_address>0xf2e9</load_address>
         <run_address>0xf2e9</run_address>
         <size>0x19b</size>
         <input_file_ref idref="fl-e9"/>
      </object_component>
      <object_component id="oc-1e8">
         <name>.debug_info</name>
         <load_address>0xf484</load_address>
         <run_address>0xf484</run_address>
         <size>0x19e</size>
         <input_file_ref idref="fl-e9"/>
      </object_component>
      <object_component id="oc-30b">
         <name>.debug_info</name>
         <load_address>0xf622</load_address>
         <run_address>0xf622</run_address>
         <size>0xf0</size>
         <input_file_ref idref="fl-e9"/>
      </object_component>
      <object_component id="oc-37b">
         <name>.debug_info</name>
         <load_address>0xf712</load_address>
         <run_address>0xf712</run_address>
         <size>0x16d</size>
         <input_file_ref idref="fl-e9"/>
      </object_component>
      <object_component id="oc-e0">
         <name>.debug_info</name>
         <load_address>0xf87f</load_address>
         <run_address>0xf87f</run_address>
         <size>0x188</size>
         <input_file_ref idref="fl-e9"/>
      </object_component>
      <object_component id="oc-da">
         <name>.debug_info</name>
         <load_address>0xfa07</load_address>
         <run_address>0xfa07</run_address>
         <size>0x1ba</size>
         <input_file_ref idref="fl-e9"/>
      </object_component>
      <object_component id="oc-2f4">
         <name>.debug_info</name>
         <load_address>0xfbc1</load_address>
         <run_address>0xfbc1</run_address>
         <size>0x204</size>
         <input_file_ref idref="fl-e9"/>
      </object_component>
      <object_component id="oc-31c">
         <name>.debug_info</name>
         <load_address>0xfdc5</load_address>
         <run_address>0xfdc5</run_address>
         <size>0x1cf</size>
         <input_file_ref idref="fl-e9"/>
      </object_component>
      <object_component id="oc-212">
         <name>.debug_info</name>
         <load_address>0xff94</load_address>
         <run_address>0xff94</run_address>
         <size>0x206</size>
         <input_file_ref idref="fl-e9"/>
      </object_component>
      <object_component id="oc-e5">
         <name>.debug_info</name>
         <load_address>0x1019a</load_address>
         <run_address>0x1019a</run_address>
         <size>0x1ab</size>
         <input_file_ref idref="fl-e9"/>
      </object_component>
      <object_component id="oc-315">
         <name>.debug_info</name>
         <load_address>0x10345</load_address>
         <run_address>0x10345</run_address>
         <size>0x1ad</size>
         <input_file_ref idref="fl-e9"/>
      </object_component>
      <object_component id="oc-3e2">
         <name>.debug_info</name>
         <load_address>0x104f2</load_address>
         <run_address>0x104f2</run_address>
         <size>0xe8</size>
         <input_file_ref idref="fl-ea"/>
      </object_component>
      <object_component id="oc-354">
         <name>.debug_info</name>
         <load_address>0x105da</load_address>
         <run_address>0x105da</run_address>
         <size>0xf6</size>
         <input_file_ref idref="fl-ea"/>
      </object_component>
[...]
         <name>C$$EXIT</name>
         <value>0x2000985d</value>
         <object_component_ref idref="oc-71"/>
      </symbol>
      <symbol id="sm-3ca">
         <name>abort</name>
         <value>0x20009861</value>
         <object_component_ref idref="oc-71"/>
      </symbol>
      <symbol id="sm-3cb">
         <name>exit</name>
         <value>0x20009869</value>
         <object_component_ref idref="oc-71"/>
      </symbol>
      <symbol id="sm-3cc">
         <name>__TI_dtors_ptr</name>
         <value>0x20018510</value>
         <object_component_ref idref="oc-b0"/>
      </symbol>
      <symbol id="sm-3cd">
         <name>__TI_cleanup_ptr</name>
         <value>0x2001850c</value>
         <object_component_ref idref="oc-b0"/>
      </symbol>
      <symbol id="sm-3ce">
         <name>__TI_enable_exit_profile_output</name>
         <value>0x20018514</value>
         <object_component_ref idref="oc-b0"/>
      </symbol>
      <symbol id="sm-3e9">
         <name>memcpy</name>
         <value>0x20009089</value>
         <object_component_ref idref="oc-41"/>
      </symbol>
      <symbol id="sm-3ea">
         <name>__aeabi_memcpy</name>
         <value>0x20009089</value>
         <object_component_ref idref="oc-41"/>
      </symbol>
      <symbol id="sm-3eb">
         <name>__aeabi_memcpy8</name>
         <value>0x20009089</value>
         <object_component_ref idref="oc-41"/>
      </symbol>
      <symbol id="sm-3ec">
         <name>__aeabi_memcpy4</name>
         <value>0x20009089</value>
         <object_component_ref idref="oc-41"/>
      </symbol>
      <symbol id="sm-3fc">
         <name>memmove</name>
         <value>0x20009c8d</value>
         <object_component_ref idref="oc-292"/>
      </symbol>
      <symbol id="sm-470">
         <name>_sys_memory</name>
         <value>0x20017ca0</value>
         <object_component_ref idref="oc-2a"/>
      </symbol>
      <symbol id="sm-471">
         <name>free</name>
         <value>0x20007beb</value>
         <object_component_ref idref="oc-298"/>
      </symbol>
      <symbol id="sm-472">
         <name>realloc</name>
         <value>0x20007cad</value>
         <object_component_ref idref="oc-298"/>
      </symbol>
      <symbol id="sm-473">
         <name>memalign</name>
         <value>0x20007db5</value>
         <object_component_ref idref="oc-298"/>
      </symbol>
      <symbol id="sm-474">
         <name>calloc</name>
         <value>0x20007ea1</value>
         <object_component_ref idref="oc-298"/>
      </symbol>
      <symbol id="sm-475">
         <name>malloc</name>
         <value>0x20007b81</value>
         <object_component_ref idref="oc-298"/>
      </symbol>
      <symbol id="sm-476">
         <name>minit</name>
         <value>0x20007b01</value>
         <object_component_ref idref="oc-298"/>
      </symbol>
      <symbol id="sm-485">
         <name>__aeabi_memset</name>
         <value>0x2000945f</value>
         <object_component_ref idref="oc-4d"/>
      </symbol>
      <symbol id="sm-486">
         <name>memset</name>
         <value>0x20009465</value>
         <object_component_ref idref="oc-4d"/>
      </symbol>
      <symbol id="sm-487">
         <name>__aeabi_memset8</name>
         <value>0x2000945f</value>
         <object_component_ref idref="oc-4d"/>
      </symbol>
      <symbol id="sm-488">
         <name>__aeabi_memset4</name>
         <value>0x2000945f</value>
         <object_component_ref idref="oc-4d"/>
      </symbol>
      <symbol id="sm-489">
         <name>__aeabi_memclr8</name>
         <value>0x2000945d</value>
         <object_component_ref idref="oc-4d"/>
      </symbol>
      <symbol id="sm-48a">
         <name>__aeabi_memclr4</name>
         <value>0x2000945d</value>
         <object_component_ref idref="oc-4d"/>
      </symbol>
      <symbol id="sm-48b">
         <name>__aeabi_memclr</name>
         <value>0x2000945d</value>
         <object_component_ref idref="oc-4d"/>
      </symbol>
      <symbol id="sm-495">
         <name>__mpu_init</name>
         <value>0x20007aff</value>
         <object_component_ref idref="oc-59"/>
      </symbol>
      <symbol id="sm-49f">
         <name>_system_pre_init</name>
         <value>0x2000a0a5</value>
         <object_component_ref idref="oc-5f"/>
      </symbol>
      <symbol id="sm-4a7">
         <name>main_func_sp</name>
         <value>0x20018538</value>
         <object_component_ref idref="oc-77"/>
      </symbol>
      <symbol id="sm-4b5">
         <name>strlen</name>
         <value>0x2000a02d</value>
         <object_component_ref idref="oc-28c"/>
      </symbol>
      <symbol id="sm-4d6">
         <name>vsnprintf</name>
         <value>0x200092c9</value>
         <object_component_ref idref="oc-280"/>
      </symbol>
      <symbol id="sm-4ef">
         <name>_nop</name>
         <value>0x2000a027</value>
         <object_component_ref idref="oc-1c2"/>
      </symbol>
      <symbol id="sm-4f0">
         <name>_lock</name>
         <value>0x20018524</value>
         <object_component_ref idref="oc-b3"/>
      </symbol>
      <symbol id="sm-4f1">
         <name>_unlock</name>
         <value>0x20018528</value>
         <object_component_ref idref="oc-b3"/>
      </symbol>
      <symbol id="sm-4f2">
         <name>_register_lock</name>
         <value>0x2000a01f</value>
         <object_component_ref idref="oc-1c2"/>
      </symbol>
      <symbol id="sm-4f3">
         <name>_register_unlock</name>
         <value>0x2000a019</value>
         <object_component_ref idref="oc-1c2"/>
      </symbol>
      <symbol id="sm-5f4">
         <name>__TI_printfi</name>
         <value>0x200062e9</value>
         <object_component_ref idref="oc-334"/>
      </symbol>
      <symbol id="sm-608">
         <name>_args_main</name>
         <value>0x20009f69</value>
         <object_component_ref idref="oc-6b"/>
      </symbol>
      <symbol id="sm-61e">
         <name>atoi</name>
         <value>0x200098b1</value>
         <object_component_ref idref="oc-3c0"/>
      </symbol>
      <symbol id="sm-648">
         <name>__TI_auto_init</name>
         <value>0x200095bd</value>
         <object_component_ref idref="oc-65"/>
      </symbol>
      <symbol id="sm-662">
         <name>copy_in</name>
         <value>0x200098fd</value>
         <object_component_ref idref="oc-9a"/>
      </symbol>
      <symbol id="sm-66d">
         <name>_ctypes_</name>
         <value>0x2000a5a3</value>
         <object_component_ref idref="oc-405"/>
      </symbol>
      <symbol id="sm-684">
         <name>__aeabi_dsub</name>
         <value>0x20008345</value>
         <object_component_ref idref="oc-3a9"/>
      </symbol>
      <symbol id="sm-685">
         <name>__aeabi_dadd</name>
         <value>0x2000834f</value>
         <object_component_ref idref="oc-3a9"/>
      </symbol>
      <symbol id="sm-6a7">
         <name>__aeabi_cdcmpeq</name>
         <value>0x20009351</value>
         <object_component_ref idref="oc-385"/>
      </symbol>
      <symbol id="sm-6a8">
         <name>__aeabi_cdcmple</name>
         <value>0x20009351</value>
         <object_component_ref idref="oc-385"/>
      </symbol>
      <symbol id="sm-6a9">
         <name>__aeabi_cdrcmple</name>
         <value>0x200093d7</value>
         <object_component_ref idref="oc-394"/>
      </symbol>
      <symbol id="sm-6bd">
         <name>__aeabi_ddiv</name>
         <value>0x2000880d</value>
         <object_component_ref idref="oc-38f"/>
      </symbol>
      <symbol id="sm-6c8">
         <name>__aeabi_dmul</name>
         <value>0x20008a75</value>
         <object_component_ref idref="oc-38a"/>
      </symbol>
      <symbol id="sm-6d2">
         <name>__aeabi_d2iz</name>
         <value>0x20009949</value>
         <object_component_ref idref="oc-399"/>
      </symbol>
      <symbol id="sm-6dc">
         <name>__aeabi_i2d</name>
         <value>0x20009b6d</value>
         <object_component_ref idref="oc-3a4"/>
      </symbol>
      <symbol id="sm-6eb">
         <name>ltoa</name>
         <value>0x200097b1</value>
         <object_component_ref idref="oc-39e"/>
      </symbol>
      <symbol id="sm-6fb">
         <name>memccpy</name>
         <value>0x20009e41</value>
         <object_component_ref idref="oc-3c6"/>
      </symbol>
      <symbol id="sm-716">
         <name>frexpl</name>
         <value>0x200096fd</value>
         <object_component_ref idref="oc-3ae"/>
      </symbol>
      <symbol id="sm-717">
         <name>frexp</name>
         <value>0x200096fd</value>
         <object_component_ref idref="oc-3ae"/>
      </symbol>
      <symbol id="sm-735">
         <name>scalbn</name>
         <value>0x20008c41</value>
         <object_component_ref idref="oc-3b4"/>
      </symbol>
      <symbol id="sm-736">
         <name>scalbnl</name>
         <value>0x20008c41</value>
         <object_component_ref idref="oc-3b4"/>
      </symbol>
      <symbol id="sm-737">
         <name>ldexpl</name>
         <value>0x20008c41</value>
         <object_component_ref idref="oc-3b4"/>
      </symbol>
      <symbol id="sm-738">
         <name>ldexp</name>
         <value>0x20008c41</value>
         <object_component_ref idref="oc-3b4"/>
      </symbol>
      <symbol id="sm-742">
         <name>_system_post_cinit</name>
         <value>0x200084fb</value>
         <object_component_ref idref="oc-a0"/>
      </symbol>
      <symbol id="sm-752">
         <name>strchr</name>
         <value>0x20009fd9</value>
         <object_component_ref idref="oc-3ba"/>
      </symbol>
      <symbol id="sm-76e">
         <name>__aeabi_uldivmod</name>
         <value>0x20008151</value>
         <object_component_ref idref="oc-380"/>
      </symbol>
      <symbol id="sm-776">
         <name>errno</name>
         <value>0x20018534</value>
         <object_component_ref idref="oc-3fe"/>
      </symbol>
      <symbol id="sm-780">
         <name>copysign</name>
         <value>0x2000a097</value>
         <object_component_ref idref="oc-3f8"/>
      </symbol>
      <symbol id="sm-781">
         <name>copysignl</name>
         <value>0x2000a097</value>
         <object_component_ref idref="oc-3f8"/>
      </symbol>
      <symbol id="sm-795">
         <name>GPIODirModeSet</name>
         <value>0x20009ad5</value>
         <object_component_ref idref="oc-2c2"/>
      </symbol>
      <symbol id="sm-796">
         <name>GPIOPinWrite</name>
         <value>0x20009cf5</value>
         <object_component_ref idref="oc-f6"/>
      </symbol>
      <symbol id="sm-80e">
         <name>IntPrioritySet</name>
         <value>0x20009809</value>
         <object_component_ref idref="oc-210"/>
      </symbol>
      <symbol id="sm-80f">
         <name>IntVTableBaseSet</name>
         <value>0x2000a005</value>
         <object_component_ref idref="oc-d8"/>
      </symbol>
      <symbol id="sm-810">
         <name>IntEnable</name>
         <value>0x20008f41</value>
         <object_component_ref idref="oc-e4"/>
      </symbol>
      <symbol id="sm-811">
         <name>IntDisable</name>
         <value>0x20008e99</value>
         <object_component_ref idref="oc-314"/>
      </symbol>
      <symbol id="sm-812">
         <name>IntRegister</name>
         <value>0x20009d15</value>
         <object_component_ref idref="oc-2f2"/>
      </symbol>
      <symbol id="sm-813">
         <name>IntUnregister</name>
         <value>0x20009c45</value>
         <object_component_ref idref="oc-31a"/>
      </symbol>
      <symbol id="sm-814">
         <name>IntMasterEnable</name>
         <value>0x2000a08d</value>
         <object_component_ref idref="oc-de"/>
      </symbol>
      <symbol id="sm-853">
         <name>PinTypeUART</name>
         <value>0x20009e77</value>
         <object_component_ref idref="oc-2ce"/>
      </symbol>
      <symbol id="sm-854">
         <name>PinTypeGPIO</name>
         <value>0x20009b0b</value>
         <object_component_ref idref="oc-2bc"/>
      </symbol>
      <symbol id="sm-855">
         <name>PinConfigSet</name>
         <value>0x200091b9</value>
         <object_component_ref idref="oc-357"/>
      </symbol>
      <symbol id="sm-856">
         <name>PinTypeSPI</name>
         <value>0x20009e5d</value>
         <object_component_ref idref="oc-2c8"/>
      </symbol>
      <symbol id="sm-857">
         <name>PinModeSet</name>
         <value>0x20009a19</value>
         <object_component_ref idref="oc-2b6"/>
      </symbol>
      <symbol id="sm-8dd">
         <name>PRCMPeripheralReset</name>
         <value>0x20009759</value>
         <object_component_ref idref="oc-17d"/>
      </symbol>
      <symbol id="sm-8de">
         <name>PRCMPeripheralClkEnable</name>
         <value>0x20009a99</value>
         <object_component_ref idref="oc-171"/>
      </symbol>
      <symbol id="sm-8df">
         <name>PRCMPeripheralClockGet</name>
         <value>0x20009125</value>
         <object_component_ref idref="oc-183"/>
      </symbol>
      <symbol id="sm-8e0">
         <name>PRCMCC3200MCUInit</name>
         <value>0x20008695</value>
         <object_component_ref idref="oc-ea"/>
      </symbol>
      <symbol id="sm-8e1">
         <name>PRCMHIBRegWrite</name>
         <value>0x20009f97</value>
         <object_component_ref idref="oc-1f7"/>
      </symbol>
      <symbol id="sm-8e2">
         <name>PRCMSysResetCauseGet</name>
         <value>0x20009b9d</value>
         <object_component_ref idref="oc-1eb"/>
      </symbol>
      <symbol id="sm-8e3">
         <name>PRCMPeripheralClkDisable</name>
         <value>0x20009c1d</value>
         <object_component_ref idref="oc-1fd"/>
      </symbol>
      <symbol id="sm-8e4">
         <name>PRCMHIBRegRead</name>
         <value>0x20009f81</value>
         <object_component_ref idref="oc-1f1"/>
      </symbol>
      <symbol id="sm-96a">
         <name>SPITransfer</name>
         <value>0x20009241</value>
         <object_component_ref idref="oc-fc"/>
      </symbol>
      <symbol id="sm-96b">
         <name>SPICSEnable</name>
         <value>0x20009ea9</value>
         <object_component_ref idref="oc-251"/>
      </symbol>
      <symbol id="sm-96c">
         <name>SPIDataPut</name>
         <value>0x20009d55</value>
         <object_component_ref idref="oc-257"/>
      </symbol>
      <symbol id="sm-96d">
         <name>SPIEnable</name>
         <value>0x20009ec1</value>
         <object_component_ref idref="oc-18f"/>
      </symbol>
      <symbol id="sm-96e">
         <name>SPIDataGet</name>
         <value>0x20009d35</value>
         <object_component_ref idref="oc-25d"/>
      </symbol>
      <symbol id="sm-96f">
         <name>SPIConfigSetExpClk</name>
         <value>0x20008fe9</value>
         <object_component_ref idref="oc-189"/>
      </symbol>
      <symbol id="sm-970">
         <name>SPIReset</name>
         <value>0x20009cb1</value>
         <object_component_ref idref="oc-177"/>
      </symbol>
      <symbol id="sm-971">
         <name>SPICSDisable</name>
         <value>0x20009e91</value>
         <object_component_ref idref="oc-263"/>
      </symbol>
      <symbol id="sm-9ff">
         <name>TimerLoadSet</name>
         <value>0x20009bc9</value>
         <object_component_ref idref="oc-195"/>
      </symbol>
      <symbol id="sm-a00">
         <name>TimerDisable</name>
         <value>0x20009d73</value>
         <object_component_ref idref="oc-1ad"/>
      </symbol>
      <symbol id="sm-a01">
         <name>TimerValueSet</name>
         <value>0x20009cd3</value>
         <object_component_ref idref="oc-132"/>
      </symbol>
      <symbol id="sm-a02">
         <name>TimerIntRegister</name>
         <value>0x2000954d</value>
         <object_component_ref idref="oc-216"/>
      </symbol>
      <symbol id="sm-a03">
         <name>TimerEnable</name>
         <value>0x20009d91</value>
         <object_component_ref idref="oc-19b"/>
      </symbol>
      <symbol id="sm-a04">
         <name>TimerIntUnregister</name>
         <value>0x2000962d</value>
         <object_component_ref idref="oc-234"/>
      </symbol>
      <symbol id="sm-a05">
         <name>TimerIntStatus</name>
         <value>0x20009daf</value>
         <object_component_ref idref="oc-222"/>
      </symbol>
      <symbol id="sm-a06">
         <name>TimerIntDisable</name>
         <value>0x20009ed9</value>
         <object_component_ref idref="oc-22e"/>
      </symbol>
      <symbol id="sm-a07">
         <name>TimerValueGet</name>
         <value>0x20009e09</value>
         <object_component_ref idref="oc-12c"/>
      </symbol>
      <symbol id="sm-a08">
         <name>TimerPrescaleSet</name>
         <value>0x20009bf3</value>
         <object_component_ref idref="oc-20a"/>
      </symbol>
      <symbol id="sm-a09">
         <name>TimerIntEnable</name>
         <value>0x20009ef1</value>
         <object_component_ref idref="oc-21c"/>
      </symbol>
      <symbol id="sm-a0a">
         <name>TimerConfigure</name>
         <value>0x20009991</value>
         <object_component_ref idref="oc-204"/>
      </symbol>
      <symbol id="sm-a0b">
         <name>TimerIntClear</name>
         <value>0x2000a041</value>
         <object_component_ref idref="oc-228"/>
      </symbol>
      <symbol id="sm-a9c">
         <name>UARTFIFODisable</name>
         <value>0x20009fc3</value>
         <object_component_ref idref="oc-16b"/>
      </symbol>
      <symbol id="sm-a9d">
         <name>UARTConfigSetExpClk</name>
         <value>0x200094d7</value>
         <object_component_ref idref="oc-159"/>
      </symbol>
      <symbol id="sm-a9e">
         <name>UARTDisable</name>
         <value>0x20009b3d</value>
         <object_component_ref idref="oc-2d5"/>
      </symbol>
      <symbol id="sm-a9f">
         <name>UARTBusy</name>
         <value>0x20009f09</value>
         <object_component_ref idref="oc-10e"/>
      </symbol>
      <symbol id="sm-aa0">
         <name>UARTIntEnable</name>
         <value>0x20009f51</value>
         <object_component_ref idref="oc-1a1"/>
      </symbol>
      <symbol id="sm-aa1">
         <name>UARTCharsAvail</name>
         <value>0x20009f21</value>
         <object_component_ref idref="oc-14d"/>
      </symbol>
      <symbol id="sm-aa2">
         <name>UARTCharGetNonBlocking</name>
         <value>0x20009e25</value>
         <object_component_ref idref="oc-286"/>
      </symbol>
      <symbol id="sm-aa3">
         <name>UARTCharPut</name>
         <value>0x20009dcd</value>
         <object_component_ref idref="oc-115"/>
      </symbol>
      <symbol id="sm-aa4">
         <name>UARTEnable</name>
         <value>0x20009c69</value>
         <object_component_ref idref="oc-15f"/>
      </symbol>
      <symbol id="sm-aa5">
         <name>UARTIntClear</name>
         <value>0x2000a053</value>
         <object_component_ref idref="oc-141"/>
      </symbol>
      <symbol id="sm-aa6">
         <name>UARTDMADisable</name>
         <value>0x20009f39</value>
         <object_component_ref idref="oc-165"/>
      </symbol>
      <symbol id="sm-aa7">
         <name>UARTCharGet</name>
         <value>0x20009fad</value>
         <object_component_ref idref="oc-147"/>
      </symbol>
      <symbol id="sm-aa8">
         <name>UARTIntRegister</name>
         <value>0x20009deb</value>
         <object_component_ref idref="oc-1a7"/>
      </symbol>
      <symbol id="sm-aac">
         <name>UtilsDelay</name>
         <value>0x2000a09f</value>
         <object_component_ref idref="oc-114"/>
      </symbol>
      <symbol id="sm-ab6">
         <name>CPUcpsie</name>
         <value>0x20009fef</value>
         <object_component_ref idref="oc-1db"/>
      </symbol>
      <symbol id="sm-ab8">
         <name>__TI_static_base__</name>
         <value>0x2000a9c0</value>
      </symbol>
      <symbol id="sm-abb">
         <name>SHT$$INIT_ARRAY$$Limit</name>
         <value>0x0</value>
      </symbol>
      <symbol id="sm-abc">
         <name>SHT$$INIT_ARRAY$$Base</name>
         <value>0x0</value>
      </symbol>
   </symbol_table>
   <title>Link successful</title>
</link_info>
